Input #0, mov,mp4,m4a,3gp,3g2,mj2, from '/Users/davidobrien/Developer/AI-Training/videos/embeddings-v3.mp4':
  Metadata:
    major_brand     : isom
    minor_version   : 512
    compatible_brands: isomiso2avc1mp41
    encoder         : Lavf61.7.100
  Duration: 00:03:54.93, start: 0.000000, bitrate: 453 kb/s
  Stream #0:0[0x1](und): Video: h264 (High) (avc1 / 0x31637661), yuv420p(progressive), 1280x720, 242 kb/s, 30 fps, 30 tbr, 15360 tbn (default)
      Metadata:
        handler_name    : VideoHandler
        vendor_id       : [0][0][0][0]
        encoder         : Lavc61.19.100 libx264
  Stream #0:1[0x2](und): Audio: aac (LC) (mp4a / 0x6134706D), 48000 Hz, mono, fltp, 202 kb/s (default)
      Metadata:
        handler_name    : SoundHandler
        vendor_id       : [0][0][0][0]
Stream mapping:
  Stream #0:1 -> #0:0 (aac (native) -> pcm_s16le (native))
Press [q] to stop, [?] for help
Output #0, null, to 'pipe:':
  Metadata:
    major_brand     : isom
    minor_version   : 512
    compatible_brands: isomiso2avc1mp41
    encoder         : Lavf61.7.100
  Stream #0:0(und): Audio: pcm_s16le, 48000 Hz, mono, s16, 768 kb/s (default)
      Metadata:
        handler_name    : SoundHandler
        vendor_id       : [0][0][0][0]
        encoder         : Lavc61.19.100 pcm_s16le
[silencedetect @ 0x12bf05fb0] silence_start: 15.072458
[silencedetect @ 0x12bf05fb0] silence_end: 15.587604 | silence_duration: 0.515146
[silencedetect @ 0x12bf05fb0] silence_start: 46.356979
[silencedetect @ 0x12bf05fb0] silence_end: 47.469792 | silence_duration: 1.112812
[silencedetect @ 0x12bf05fb0] silence_start: 57.904625
[silencedetect @ 0x12bf05fb0] silence_end: 58.481896 | silence_duration: 0.577271
[silencedetect @ 0x12bf05fb0] silence_start: 69.890062
[silencedetect @ 0x12bf05fb0] silence_end: 70.543896 | silence_duration: 0.653833
[silencedetect @ 0x12bf05fb0] silence_start: 75.075312
[silencedetect @ 0x12bf05fb0] silence_end: 75.629104 | silence_duration: 0.553792
[silencedetect @ 0x12bf05fb0] silence_start: 88.784458
[silencedetect @ 0x12bf05fb0] silence_end: 89.369812 | silence_duration: 0.585354
[silencedetect @ 0x12bf05fb0] silence_start: 106.011458
[silencedetect @ 0x12bf05fb0] silence_end: 106.531021 | silence_duration: 0.519562
[silencedetect @ 0x12bf05fb0] silence_start: 113.691125
[silencedetect @ 0x12bf05fb0] silence_end: 114.205625 | silence_duration: 0.5145
[silencedetect @ 0x12bf05fb0] silence_start: 120.407771
[silencedetect @ 0x12bf05fb0] silence_end: 121.572271 | silence_duration: 1.1645
[silencedetect @ 0x12bf05fb0] silence_start: 174.148792
[silencedetect @ 0x12bf05fb0] silence_end: 175.171042 | silence_duration: 1.02225
[silencedetect @ 0x12bf05fb0] silence_start: 225.289583
[silencedetect @ 0x12bf05fb0] silence_end: 226.686896 | silence_duration: 1.397312
[silencedetect @ 0x12bf05fb0] silence_start: 232.347875
[silencedetect @ 0x12bf05fb0] silence_end: 234.944 | silence_duration: 2.596125
[out#0/null @ 0x12be257c0] video:0KiB audio:22026KiB subtitle:0KiB other streams:0KiB global headers:0KiB muxing overhead: unknown
size=N/A time=00:03:54.94 bitrate=N/A speed=2.17e+03x    
