ffmpeg version 7.1 Copyright (c) 2000-2024 the FFmpeg developers
  built with Apple clang version 13.1.6 (clang-1316.0.21.2.5)
  configuration: --prefix=/Volumes/tempdisk/sw --extra-cflags=-fno-stack-check --arch=arm64 --cc=/usr/bin/clang --enable-gpl --enable-libvmaf --enable-libopenjpeg --enable-libopus --enable-libmp3lame --enable-libx264 --enable-libx265 --enable-libvpx --enable-libwebp --enable-libass --enable-libfreetype --enable-fontconfig --enable-libtheora --enable-libvorbis --enable-libsnappy --enable-libaom --enable-libvidstab --enable-libzimg --enable-libsvtav1 --enable-libharfbuzz --enable-libkvazaar --pkg-config-flags=--static --enable-ffplay --enable-postproc --enable-neon --enable-runtime-cpudetect --disable-indev=qtkit --disable-indev=x11grab_xcb
  libavutil      59. 39.100 / 59. 39.100
  libavcodec     61. 19.100 / 61. 19.100
  libavformat    61.  7.100 / 61.  7.100
  libavdevice    61.  3.100 / 61.  3.100
  libavfilter    10.  4.100 / 10.  4.100
  libswscale      8.  3.100 /  8.  3.100
  libswresample   5.  3.100 /  5.  3.100
  libpostproc    58.  3.100 / 58.  3.100
Input #0, mov,mp4,m4a,3gp,3g2,mj2, from '/Users/davidobrien/Developer/AI-Training/Prompts/transformer-v12.mp4':
  Metadata:
    major_brand     : isom
    minor_version   : 512
    compatible_brands: isomiso2avc1mp41
    encoder         : Lavf61.7.100
  Duration: 00:03:54.87, start: 0.000000, bitrate: 711 kb/s
  Stream #0:0[0x1](und): Video: h264 (High) (avc1 / 0x31637661), yuv420p(progressive), 1280x720, 500 kb/s, 30 fps, 30 tbr, 15360 tbn (default)
      Metadata:
        handler_name    : VideoHandler
        vendor_id       : [0][0][0][0]
        encoder         : Lavc61.19.100 libx264
  Stream #0:1[0x2](und): Audio: aac (LC) (mp4a / 0x6134706D), 48000 Hz, mono, fltp, 202 kb/s (default)
      Metadata:
        handler_name    : SoundHandler
        vendor_id       : [0][0][0][0]
Stream mapping:
  Stream #0:1 -> #0:0 (aac (native) -> pcm_s16le (native))
Press [q] to stop, [?] for help
[silencedetect @ 0x152607700] silence_start: 0
[silencedetect @ 0x152607700] silence_end: 0.306917 | silence_duration: 0.306917
[silencedetect @ 0x152607700] silence_start: 2.305187
[silencedetect @ 0x152607700] silence_end: 2.509646 | silence_duration: 0.204458
[silencedetect @ 0x152607700] silence_start: 3.490229
[silencedetect @ 0x152607700] silence_end: 3.655562 | silence_duration: 0.165333
[silencedetect @ 0x152607700] silence_start: 5.084521
[silencedetect @ 0x152607700] silence_end: 5.580604 | silence_duration: 0.496083
[silencedetect @ 0x152607700] silence_start: 9.969229
[silencedetect @ 0x152607700] silence_end: 10.49975 | silence_duration: 0.530521
[silencedetect @ 0x152607700] silence_start: 12.502958
[silencedetect @ 0x152607700] silence_end: 12.821896 | silence_duration: 0.318937
[silencedetect @ 0x152607700] silence_start: 15.30075
[silencedetect @ 0x152607700] silence_end: 15.91325 | silence_duration: 0.6125
[silencedetect @ 0x152607700] silence_start: 18.417583
[silencedetect @ 0x152607700] silence_end: 18.657917 | silence_duration: 0.240333
[silencedetect @ 0x152607700] silence_start: 22.976812
[silencedetect @ 0x152607700] silence_end: 23.649313 | silence_duration: 0.6725
[silencedetect @ 0x152607700] silence_start: 26.360521
[silencedetect @ 0x152607700] silence_end: 26.857937 | silence_duration: 0.497417
[silencedetect @ 0x152607700] silence_start: 29.093917
[silencedetect @ 0x152607700] silence_end: 29.440542 | silence_duration: 0.346625
[silencedetect @ 0x152607700] silence_start: 30.181896
[silencedetect @ 0x152607700] silence_end: 30.296521 | silence_duration: 0.114625
[silencedetect @ 0x152607700] silence_start: 31.554979
[silencedetect @ 0x152607700] silence_end: 31.86325 | silence_duration: 0.308271
[silencedetect @ 0x152607700] silence_start: 33.330271
[silencedetect @ 0x152607700] silence_end: 33.894896 | silence_duration: 0.564625
[silencedetect @ 0x152607700] silence_start: 34.372333
[silencedetect @ 0x152607700] silence_end: 34.5135 | silence_duration: 0.141167
[silencedetect @ 0x152607700] silence_start: 36.456479
[silencedetect @ 0x152607700] silence_end: 36.700729 | silence_duration: 0.24425
[silencedetect @ 0x152607700] silence_start: 38.439729
[silencedetect @ 0x152607700] silence_end: 38.584792 | silence_duration: 0.145062
[silencedetect @ 0x152607700] silence_start: 38.584854
[silencedetect @ 0x152607700] silence_end: 39.172042 | silence_duration: 0.587187
[silencedetect @ 0x152607700] silence_start: 40.869771
[silencedetect @ 0x152607700] silence_end: 41.184125 | silence_duration: 0.314354
[silencedetect @ 0x152607700] silence_start: 41.494792
[silencedetect @ 0x152607700] silence_end: 41.61275 | silence_duration: 0.117958
[silencedetect @ 0x152607700] silence_start: 42.762583
[silencedetect @ 0x152607700] silence_end: 42.920333 | silence_duration: 0.15775
[silencedetect @ 0x152607700] silence_start: 44.041583
[silencedetect @ 0x152607700] silence_end: 44.345937 | silence_duration: 0.304354
[silencedetect @ 0x152607700] silence_start: 45.593646
[silencedetect @ 0x152607700] silence_end: 46.183667 | silence_duration: 0.590021
[silencedetect @ 0x152607700] silence_start: 47.628062
[silencedetect @ 0x152607700] silence_end: 47.779417 | silence_duration: 0.151354
[silencedetect @ 0x152607700] silence_start: 48.92925
[silencedetect @ 0x152607700] silence_end: 49.038729 | silence_duration: 0.109479
[silencedetect @ 0x152607700] silence_start: 50.093292
[silencedetect @ 0x152607700] silence_end: 50.364812 | silence_duration: 0.271521
[silencedetect @ 0x152607700] silence_start: 52.005625
[silencedetect @ 0x152607700] silence_end: 52.503625 | silence_duration: 0.498
[silencedetect @ 0x152607700] silence_start: 54.516667
[silencedetect @ 0x152607700] silence_end: 55.151104 | silence_duration: 0.634437
[silencedetect @ 0x152607700] silence_start: 57.40775
[silencedetect @ 0x152607700] silence_end: 57.654875 | silence_duration: 0.247125
[silencedetect @ 0x152607700] silence_start: 58.913854
[silencedetect @ 0x152607700] silence_end: 59.0685 | silence_duration: 0.154646
[silencedetect @ 0x152607700] silence_start: 61.287375
[silencedetect @ 0x152607700] silence_end: 61.557604 | silence_duration: 0.270229
[silencedetect @ 0x152607700] silence_start: 62.565854
[silencedetect @ 0x152607700] silence_end: 63.076083 | silence_duration: 0.510229
[silencedetect @ 0x152607700] silence_start: 64.589604
[silencedetect @ 0x152607700] silence_end: 64.90225 | silence_duration: 0.312646
[silencedetect @ 0x152607700] silence_start: 65.741083
[silencedetect @ 0x152607700] silence_end: 66.0125 | silence_duration: 0.271417
[silencedetect @ 0x152607700] silence_start: 66.830771
[silencedetect @ 0x152607700] silence_end: 67.040625 | silence_duration: 0.209854
[silencedetect @ 0x152607700] silence_start: 69.779208
[silencedetect @ 0x152607700] silence_end: 70.176125 | silence_duration: 0.396917
[silencedetect @ 0x152607700] silence_start: 72.021542
[silencedetect @ 0x152607700] silence_end: 72.134854 | silence_duration: 0.113312
[silencedetect @ 0x152607700] silence_start: 72.582604
[silencedetect @ 0x152607700] silence_end: 72.848229 | silence_duration: 0.265625
[silencedetect @ 0x152607700] silence_start: 75.434979
[silencedetect @ 0x152607700] silence_end: 75.58375 | silence_duration: 0.148771
[silencedetect @ 0x152607700] silence_start: 77.681625
[silencedetect @ 0x152607700] silence_end: 77.785396 | silence_duration: 0.103771
[silencedetect @ 0x152607700] silence_start: 77.785479
[silencedetect @ 0x152607700] silence_end: 78.299396 | silence_duration: 0.513917
[silencedetect @ 0x152607700] silence_start: 81.243979
[silencedetect @ 0x152607700] silence_end: 81.475583 | silence_duration: 0.231604
[silencedetect @ 0x152607700] silence_start: 83.006125
[silencedetect @ 0x152607700] silence_end: 83.485812 | silence_duration: 0.479687
[silencedetect @ 0x152607700] silence_start: 84.620437
[silencedetect @ 0x152607700] silence_end: 84.815125 | silence_duration: 0.194687
[silencedetect @ 0x152607700] silence_start: 85.939979
[silencedetect @ 0x152607700] silence_end: 86.040833 | silence_duration: 0.100854
[silencedetect @ 0x152607700] silence_start: 88.181625
[silencedetect @ 0x152607700] silence_end: 88.572792 | silence_duration: 0.391167
[silencedetect @ 0x152607700] silence_start: 91.140437
[silencedetect @ 0x152607700] silence_end: 91.358833 | silence_duration: 0.218396
[silencedetect @ 0x152607700] silence_start: 93.068854
[silencedetect @ 0x152607700] silence_end: 93.521521 | silence_duration: 0.452667
[silencedetect @ 0x152607700] silence_start: 96.223208
[silencedetect @ 0x152607700] silence_end: 96.515542 | silence_duration: 0.292333
[silencedetect @ 0x152607700] silence_start: 98.585062
[silencedetect @ 0x152607700] silence_end: 98.820708 | silence_duration: 0.235646
[silencedetect @ 0x152607700] silence_start: 101.254937
[silencedetect @ 0x152607700] silence_end: 101.432042 | silence_duration: 0.177104
[silencedetect @ 0x152607700] silence_start: 103.275375
[silencedetect @ 0x152607700] silence_end: 103.942792 | silence_duration: 0.667417
[silencedetect @ 0x152607700] silence_start: 106.271167
[silencedetect @ 0x152607700] silence_end: 106.575688 | silence_duration: 0.304521
[silencedetect @ 0x152607700] silence_start: 110.39825
[silencedetect @ 0x152607700] silence_end: 110.555292 | silence_duration: 0.157042
[silencedetect @ 0x152607700] silence_start: 112.672708
[silencedetect @ 0x152607700] silence_end: 112.823104 | silence_duration: 0.150396
[silencedetect @ 0x152607700] silence_start: 112.823146
[silencedetect @ 0x152607700] silence_end: 113.19225 | silence_duration: 0.369104
[silencedetect @ 0x152607700] silence_start: 115.190937
[silencedetect @ 0x152607700] silence_end: 115.511458 | silence_duration: 0.320521
[silencedetect @ 0x152607700] silence_start: 116.871104
[silencedetect @ 0x152607700] silence_end: 117.046771 | silence_duration: 0.175667
[silencedetect @ 0x152607700] silence_start: 121.400042
[silencedetect @ 0x152607700] silence_end: 121.774375 | silence_duration: 0.374333
[silencedetect @ 0x152607700] silence_start: 121.774542
[silencedetect @ 0x152607700] silence_end: 121.896312 | silence_duration: 0.121771
[silencedetect @ 0x152607700] silence_start: 122.26375
[silencedetect @ 0x152607700] silence_end: 122.401021 | silence_duration: 0.137271
[silencedetect @ 0x152607700] silence_start: 123.583417
[silencedetect @ 0x152607700] silence_end: 123.787833 | silence_duration: 0.204417
[silencedetect @ 0x152607700] silence_start: 127.903167
[silencedetect @ 0x152607700] silence_end: 128.103625 | silence_duration: 0.200458
[silencedetect @ 0x152607700] silence_start: 129.418292
[silencedetect @ 0x152607700] silence_end: 130.108708 | silence_duration: 0.690417
[silencedetect @ 0x152607700] silence_start: 131.9525
[silencedetect @ 0x152607700] silence_end: 132.070333 | silence_duration: 0.117833
[silencedetect @ 0x152607700] silence_start: 134.148438
[silencedetect @ 0x152607700] silence_end: 134.258479 | silence_duration: 0.110042
[silencedetect @ 0x152607700] silence_start: 134.298333
[silencedetect @ 0x152607700] silence_end: 134.912583 | silence_duration: 0.61425
[silencedetect @ 0x152607700] silence_start: 135.822229
[silencedetect @ 0x152607700] silence_end: 135.944896 | silence_duration: 0.122667
[silencedetect @ 0x152607700] silence_start: 139.024
[silencedetect @ 0x152607700] silence_end: 139.334438 | silence_duration: 0.310437
[silencedetect @ 0x152607700] silence_start: 141.343021
[silencedetect @ 0x152607700] silence_end: 141.863792 | silence_duration: 0.520771
Output #0, null, to 'pipe:':
  Metadata:
    major_brand     : isom
    minor_version   : 512
    compatible_brands: isomiso2avc1mp41
    encoder         : Lavf61.7.100
  Stream #0:0(und): Audio: pcm_s16le, 48000 Hz, mono, s16, 768 kb/s (default)
      Metadata:
        handler_name    : SoundHandler
        vendor_id       : [0][0][0][0]
        encoder         : Lavc61.19.100 pcm_s16le
[silencedetect @ 0x152607700] silence_start: 146.090042
[silencedetect @ 0x152607700] silence_end: 146.204312 | silence_duration: 0.114271
[silencedetect @ 0x152607700] silence_start: 146.234458
[silencedetect @ 0x152607700] silence_end: 146.863896 | silence_duration: 0.629437
[silencedetect @ 0x152607700] silence_start: 147.760375
[silencedetect @ 0x152607700] silence_end: 147.863187 | silence_duration: 0.102813
[silencedetect @ 0x152607700] silence_start: 149.008042
[silencedetect @ 0x152607700] silence_end: 149.18325 | silence_duration: 0.175208
[silencedetect @ 0x152607700] silence_start: 151.049688
[silencedetect @ 0x152607700] silence_end: 151.183854 | silence_duration: 0.134167
[silencedetect @ 0x152607700] silence_start: 152.190542
[silencedetect @ 0x152607700] silence_end: 152.446833 | silence_duration: 0.256292
[silencedetect @ 0x152607700] silence_start: 156.836062
[silencedetect @ 0x152607700] silence_end: 157.236292 | silence_duration: 0.400229
[silencedetect @ 0x152607700] silence_start: 158.544562
[silencedetect @ 0x152607700] silence_end: 158.946083 | silence_duration: 0.401521
[silencedetect @ 0x152607700] silence_start: 160.095917
[silencedetect @ 0x152607700] silence_end: 160.253667 | silence_duration: 0.15775
[silencedetect @ 0x152607700] silence_start: 161.327521
[silencedetect @ 0x152607700] silence_end: 161.561021 | silence_duration: 0.2335
[silencedetect @ 0x152607700] silence_start: 162.855417
[silencedetect @ 0x152607700] silence_end: 163.086854 | silence_duration: 0.231437
[silencedetect @ 0x152607700] silence_start: 164.530583
[silencedetect @ 0x152607700] silence_end: 164.71275 | silence_duration: 0.182167
[silencedetect @ 0x152607700] silence_start: 165.862583
[silencedetect @ 0x152607700] silence_end: 165.972062 | silence_duration: 0.109479
[silencedetect @ 0x152607700] silence_start: 167.026625
[silencedetect @ 0x152607700] silence_end: 167.619229 | silence_duration: 0.592604
[silencedetect @ 0x152607700] silence_start: 168.914062
[silencedetect @ 0x152607700] silence_end: 169.015646 | silence_duration: 0.101583
[silencedetect @ 0x152607700] silence_start: 169.044229
[silencedetect @ 0x152607700] silence_end: 169.319312 | silence_duration: 0.275083
[silencedetect @ 0x152607700] silence_start: 170.630104
[silencedetect @ 0x152607700] silence_end: 171.240896 | silence_duration: 0.610792
[silencedetect @ 0x152607700] silence_start: 173.991729
[silencedetect @ 0x152607700] silence_end: 174.096833 | silence_duration: 0.105104
[out#0/null @ 0x153205490] video:0KiB audio:2812KiB subtitle:0KiB other streams:0KiB global headers:0KiB muxing overhead: unknown
size=N/A time=00:00:30.00 bitrate=N/A speed= 377x    
