{
  "output": "/Users/davidobrien/Developer/AI-Training/Prompts/critical-thinking-v14.mp4",
  "frames": 5593,
  "seconds": 186.43333333333334,
  "board_durations": [
    {
      "name": "What You Know. How You Think.",
      "source": [
        0,
        1417
      ],
      "output": [
        [
          0,
          1057
        ]
      ],
      "before_seconds": 47.233333333333334,
      "after_appearances_seconds": [
        35.233333333333334
      ]
    },
    {
      "name": "Same Claim. Different Thinking.",
      "source": [
        1710,
        2315
      ],
      "output": [
        [
          1350,
          1955
        ]
      ],
      "before_seconds": 20.166666666666668,
      "after_appearances_seconds": [
        20.166666666666668
      ]
    },
    {
      "name": "Five Habits of Critical Thinking",
      "source": [
        3828,
        5441
      ],
      "output": [
        [
          3468,
          3768
        ],
        [
          3922,
          4454
        ],
        [
          4634,
          5099
        ]
      ],
      "before_seconds": 53.766666666666666,
      "after_appearances_seconds": [
        10.0,
        17.733333333333334,
        15.5
      ]
    },
    {
      "name": "Closing message",
      "source": [
        5674,
        5935
      ],
      "output": [
        [
          5332,
          5593
        ]
      ],
      "before_seconds": 8.7,
      "after_appearances_seconds": [
        8.7
      ]
    }
  ]
}
