
# 200 ring samples in 23 runs; stroke histogram (rounded px): 4 px: 101, 5 px: 17, 6 px: 44, 7 px: 14, 9 px: 20, 10 px: 4
# runs (start, end, color, median stroke, min-max, samples)
 0:19.50 -  0:32.00  amber     4.0   4.0- 4.0   26
 0:32.50 -  0:44.00  blue      4.0   4.0- 4.0   24
 0:44.50 -  0:45.50  purple    4.0   4.0- 4.0    3
 0:50.50 -  0:51.00  purple    4.8   4.5- 5.0    2
 0:51.50 -  0:52.00  amber     4.0   4.0- 4.0    2
 0:52.50 -  0:52.50  blue      4.0   4.0- 4.0    1
 0:53.00 -  0:54.50  purple    4.0   4.0- 4.0    4
 0:55.00 -  1:03.50  violet    4.0   4.0- 4.0   18
 1:04.00 -  1:11.50  blue      4.0   4.0- 4.0   16
 1:12.00 -  1:13.50  teal      5.0   5.0- 5.0    4
 1:18.00 -  1:23.00  teal      5.0   5.0- 5.0   11
 1:23.50 -  1:26.00  violet    4.0   4.0- 4.0    6
 2:05.00 -  2:05.00  purple    6.5   6.5- 6.5    1
 2:05.50 -  2:13.00  purple    6.5   6.0- 6.5   16
 2:23.50 -  2:24.50  blue      6.0   6.0- 6.0    3
 2:25.00 -  2:29.00  blue      6.0   6.0- 6.0    9
 2:55.50 -  2:55.50  teal      7.0   7.0- 7.0    1
 2:56.00 -  3:02.00  teal      7.0   7.0- 7.0   13
 2:56.50 -  3:02.00  gold      9.2   9.2- 9.5   12
 3:16.50 -  3:17.50  amber     6.5   6.0- 6.5    3
 3:17.50 -  3:17.50  gold      5.0   5.0- 5.0    1
 3:18.00 -  3:23.50  amber     6.0   6.0- 6.5   12
 3:18.00 -  3:23.50  gold      9.0   9.0- 9.8   12
