
# 134 ring samples in 30 runs; stroke histogram (rounded px): 2 px: 7, 4 px: 127
# runs (start, end, color, median stroke, min-max, samples)
 0:33.50 -  0:34.00  gold      2.0   2.0- 2.0    2
 0:34.50 -  0:34.50  gold      2.0   2.0- 2.0    1
 0:34.50 -  0:36.00  gold      2.0   2.0- 2.0    4
 1:07.50 -  1:07.50  blue      4.0   4.0- 4.0    1
 1:08.00 -  1:08.00  blue      4.0   4.0- 4.0    1
 1:08.50 -  1:09.50  blue      4.0   4.0- 4.0    3
 1:10.00 -  1:14.50  blue      4.0   4.0- 4.0   10
 1:15.00 -  1:15.50  blue      4.0   4.0- 4.0    2
 1:20.00 -  1:20.00  blue      4.0   4.0- 4.0    1
 1:20.50 -  1:26.50  blue      4.0   4.0- 4.0   13
 1:27.00 -  1:27.00  purple    4.0   4.0- 4.0    1
 1:27.50 -  1:27.50  purple    4.0   4.0- 4.0    1
 1:28.00 -  1:29.00  purple    4.0   4.0- 4.0    3
 1:29.50 -  1:33.50  purple    4.0   4.0- 4.0    9
 1:34.00 -  1:37.00  purple    4.0   4.0- 4.0    7
 1:47.00 -  1:48.00  purple    4.0   4.0- 4.0    3
 1:48.50 -  1:53.50  purple    4.0   4.0- 4.0   11
 1:54.50 -  2:00.00  violet    4.0   4.0- 4.0   12
 2:05.00 -  2:07.00  violet    4.0   4.0- 4.0    5
 2:07.50 -  2:07.50  blue      4.0   4.0- 4.0    1
 2:08.00 -  2:08.50  blue      4.0   4.0- 4.0    2
 2:09.00 -  2:10.00  blue      4.0   4.0- 4.0    3
 2:13.00 -  2:16.50  blue      4.0   4.0- 4.0    8
 2:17.00 -  2:19.00  blue      4.0   4.0- 4.0    5
 2:19.50 -  2:19.50  purple    4.0   4.0- 4.0    1
 2:20.00 -  2:22.00  purple    4.0   4.0- 4.0    5
 2:22.50 -  2:26.50  purple    4.0   4.0- 4.0    9
 2:27.00 -  2:27.50  purple    4.0   4.0- 4.0    2
 2:35.00 -  2:38.00  purple    4.0   4.0- 4.0    7
 2:39.00 -  2:39.00  violet    4.0   4.0- 4.0    1
