ffmpeg version 7.1 Copyright (c) 2000-2024 the FFmpeg developers
  built with Apple clang version 13.1.6 (clang-1316.0.21.2.5)
  configuration: --prefix=/Volumes/tempdisk/sw --extra-cflags=-fno-stack-check --arch=arm64 --cc=/usr/bin/clang --enable-gpl --enable-libvmaf --enable-libopenjpeg --enable-libopus --enable-libmp3lame --enable-libx264 --enable-libx265 --enable-libvpx --enable-libwebp --enable-libass --enable-libfreetype --enable-fontconfig --enable-libtheora --enable-libvorbis --enable-libsnappy --enable-libaom --enable-libvidstab --enable-libzimg --enable-libsvtav1 --enable-libharfbuzz --enable-libkvazaar --pkg-config-flags=--static --enable-ffplay --enable-postproc --enable-neon --enable-runtime-cpudetect --disable-indev=qtkit --disable-indev=x11grab_xcb
  libavutil      59. 39.100 / 59. 39.100
  libavcodec     61. 19.100 / 61. 19.100
  libavformat    61.  7.100 / 61.  7.100
  libavdevice    61.  3.100 / 61.  3.100
  libavfilter    10.  4.100 / 10.  4.100
  libswscale      8.  3.100 /  8.  3.100
  libswresample   5.  3.100 /  5.  3.100
  libpostproc    58.  3.100 / 58.  3.100
Input #0, mov,mp4,m4a,3gp,3g2,mj2, from '/Users/davidobrien/Developer/AI-Training/Prompts/layers-v7.mp4':
  Metadata:
    major_brand     : isom
    minor_version   : 512
    compatible_brands: isomiso2avc1mp41
    encoder         : Lavf61.7.100
  Duration: 00:03:18.80, start: 0.000000, bitrate: 556 kb/s
  Stream #0:0[0x1](und): Video: h264 (High) (avc1 / 0x31637661), yuv420p(progressive), 1280x720, 353 kb/s, 30 fps, 30 tbr, 15360 tbn (default)
      Metadata:
        handler_name    : VideoHandler
        vendor_id       : [0][0][0][0]
        encoder         : Lavc61.19.100 libx264
  Stream #0:1[0x2](und): Audio: aac (LC) (mp4a / 0x6134706D), 48000 Hz, mono, fltp, 194 kb/s (default)
      Metadata:
        handler_name    : SoundHandler
        vendor_id       : [0][0][0][0]
Stream mapping:
  Stream #0:1 -> #0:0 (aac (native) -> pcm_s16le (native))
Press [q] to stop, [?] for help
[silencedetect @ 0x132e1b950] silence_start: 0
[silencedetect @ 0x132e1b950] silence_end: 0.287646 | silence_duration: 0.287646
[silencedetect @ 0x132e1b950] silence_start: 4.859417
[silencedetect @ 0x132e1b950] silence_end: 5.322208 | silence_duration: 0.462792
[silencedetect @ 0x132e1b950] silence_start: 6.176125
[silencedetect @ 0x132e1b950] silence_end: 7.091417 | silence_duration: 0.915292
[silencedetect @ 0x132e1b950] silence_start: 9.294562
[silencedetect @ 0x132e1b950] silence_end: 10.133208 | silence_duration: 0.838646
[silencedetect @ 0x132e1b950] silence_start: 11.780521
[silencedetect @ 0x132e1b950] silence_end: 11.881083 | silence_duration: 0.100562
[silencedetect @ 0x132e1b950] silence_start: 12.001646
[silencedetect @ 0x132e1b950] silence_end: 12.392333 | silence_duration: 0.390687
[silencedetect @ 0x132e1b950] silence_start: 13.982292
[silencedetect @ 0x132e1b950] silence_end: 14.394833 | silence_duration: 0.412542
[silencedetect @ 0x132e1b950] silence_start: 17.382208
[silencedetect @ 0x132e1b950] silence_end: 17.944125 | silence_duration: 0.561917
[silencedetect @ 0x132e1b950] silence_start: 18.995625
[silencedetect @ 0x132e1b950] silence_end: 19.547687 | silence_duration: 0.552063
[silencedetect @ 0x132e1b950] silence_start: 19.729896
[silencedetect @ 0x132e1b950] silence_end: 19.836083 | silence_duration: 0.106187
[silencedetect @ 0x132e1b950] silence_start: 19.863
[silencedetect @ 0x132e1b950] silence_end: 20.012667 | silence_duration: 0.149667
[silencedetect @ 0x132e1b950] silence_start: 21.025271
[silencedetect @ 0x132e1b950] silence_end: 21.257708 | silence_duration: 0.232437
[silencedetect @ 0x132e1b950] silence_start: 23.606958
[silencedetect @ 0x132e1b950] silence_end: 24.145979 | silence_duration: 0.539021
[silencedetect @ 0x132e1b950] silence_start: 29.215771
[silencedetect @ 0x132e1b950] silence_end: 29.544 | silence_duration: 0.328229
[silencedetect @ 0x132e1b950] silence_start: 30.699604
[silencedetect @ 0x132e1b950] silence_end: 30.820042 | silence_duration: 0.120438
[silencedetect @ 0x132e1b950] silence_start: 30.952667
[silencedetect @ 0x132e1b950] silence_end: 31.438646 | silence_duration: 0.485979
[silencedetect @ 0x132e1b950] silence_start: 33.339479
[silencedetect @ 0x132e1b950] silence_end: 33.670583 | silence_duration: 0.331104
[silencedetect @ 0x132e1b950] silence_start: 34.625125
[silencedetect @ 0x132e1b950] silence_end: 35.103583 | silence_duration: 0.478458
[silencedetect @ 0x132e1b950] silence_start: 36.508333
[silencedetect @ 0x132e1b950] silence_end: 36.6775 | silence_duration: 0.169167
[silencedetect @ 0x132e1b950] silence_start: 38.296896
[silencedetect @ 0x132e1b950] silence_end: 38.710563 | silence_duration: 0.413667
[silencedetect @ 0x132e1b950] silence_start: 42.263521
[silencedetect @ 0x132e1b950] silence_end: 42.574687 | silence_duration: 0.311167
[silencedetect @ 0x132e1b950] silence_start: 44.574813
[silencedetect @ 0x132e1b950] silence_end: 44.698187 | silence_duration: 0.123375
[silencedetect @ 0x132e1b950] silence_start: 44.831979
[silencedetect @ 0x132e1b950] silence_end: 45.432229 | silence_duration: 0.60025
[silencedetect @ 0x132e1b950] silence_start: 47.637625
[silencedetect @ 0x132e1b950] silence_end: 47.872396 | silence_duration: 0.234771
[silencedetect @ 0x132e1b950] silence_start: 50.255625
[silencedetect @ 0x132e1b950] silence_end: 50.817542 | silence_duration: 0.561917
[silencedetect @ 0x132e1b950] silence_start: 52.017271
[silencedetect @ 0x132e1b950] silence_end: 52.178146 | silence_duration: 0.160875
[silencedetect @ 0x132e1b950] silence_start: 54.819729
[silencedetect @ 0x132e1b950] silence_end: 55.010521 | silence_duration: 0.190792
[silencedetect @ 0x132e1b950] silence_start: 57.067354
[silencedetect @ 0x132e1b950] silence_end: 57.358333 | silence_duration: 0.290979
[silencedetect @ 0x132e1b950] silence_start: 60.105729
[silencedetect @ 0x132e1b950] silence_end: 60.709792 | silence_duration: 0.604062
[silencedetect @ 0x132e1b950] silence_start: 63.721833
[silencedetect @ 0x132e1b950] silence_end: 64.193479 | silence_duration: 0.471646
[silencedetect @ 0x132e1b950] silence_start: 65.802271
[silencedetect @ 0x132e1b950] silence_end: 65.988604 | silence_duration: 0.186333
[silencedetect @ 0x132e1b950] silence_start: 67.598312
[silencedetect @ 0x132e1b950] silence_end: 68.153979 | silence_duration: 0.555667
[silencedetect @ 0x132e1b950] silence_start: 70.728792
[silencedetect @ 0x132e1b950] silence_end: 70.962354 | silence_duration: 0.233562
[silencedetect @ 0x132e1b950] silence_start: 71.969813
[silencedetect @ 0x132e1b950] silence_end: 72.303604 | silence_duration: 0.333792
[silencedetect @ 0x132e1b950] silence_start: 74.741917
[silencedetect @ 0x132e1b950] silence_end: 75.411708 | silence_duration: 0.669792
[silencedetect @ 0x132e1b950] silence_start: 78.465854
[silencedetect @ 0x132e1b950] silence_end: 78.729354 | silence_duration: 0.2635
[silencedetect @ 0x132e1b950] silence_start: 81.695146
[silencedetect @ 0x132e1b950] silence_end: 82.161604 | silence_duration: 0.466458
[silencedetect @ 0x132e1b950] silence_start: 83.367812
[silencedetect @ 0x132e1b950] silence_end: 83.491125 | silence_duration: 0.123312
[silencedetect @ 0x132e1b950] silence_start: 84.572125
[silencedetect @ 0x132e1b950] silence_end: 84.784583 | silence_duration: 0.212458
[silencedetect @ 0x132e1b950] silence_start: 86.403479
[silencedetect @ 0x132e1b950] silence_end: 86.971021 | silence_duration: 0.567542
[silencedetect @ 0x132e1b950] silence_start: 88.420104
[silencedetect @ 0x132e1b950] silence_end: 88.663479 | silence_duration: 0.243375
[silencedetect @ 0x132e1b950] silence_start: 90.947187
[silencedetect @ 0x132e1b950] silence_end: 91.411937 | silence_duration: 0.46475
[silencedetect @ 0x132e1b950] silence_start: 93.151562
[silencedetect @ 0x132e1b950] silence_end: 93.388042 | silence_duration: 0.236479
[silencedetect @ 0x132e1b950] silence_start: 94.881396
[silencedetect @ 0x132e1b950] silence_end: 95.471125 | silence_duration: 0.589729
[silencedetect @ 0x132e1b950] silence_start: 98.251875
[silencedetect @ 0x132e1b950] silence_end: 98.593417 | silence_duration: 0.341542
[silencedetect @ 0x132e1b950] silence_start: 100.248437
[silencedetect @ 0x132e1b950] silence_end: 100.349312 | silence_duration: 0.100875
Output #0, null, to 'pipe:':
  Metadata:
    major_brand     : isom
    minor_version   : 512
    compatible_brands: isomiso2avc1mp41
    encoder         : Lavf61.7.100
  Stream #0:0(und): Audio: pcm_s16le, 48000 Hz, mono, s16, 768 kb/s (default)
      Metadata:
        handler_name    : SoundHandler
        vendor_id       : [0][0][0][0]
        encoder         : Lavc61.19.100 pcm_s16le
[silencedetect @ 0x132e1b950] silence_start: 101.9705
[silencedetect @ 0x132e1b950] silence_end: 102.071396 | silence_duration: 0.100896
[silencedetect @ 0x132e1b950] silence_start: 102.072437
[silencedetect @ 0x132e1b950] silence_end: 102.582604 | silence_duration: 0.510167
[silencedetect @ 0x132e1b950] silence_start: 102.806229
[silencedetect @ 0x132e1b950] silence_end: 102.909479 | silence_duration: 0.10325
[silencedetect @ 0x132e1b950] silence_start: 104.451625
[silencedetect @ 0x132e1b950] silence_end: 104.773062 | silence_duration: 0.321437
[silencedetect @ 0x132e1b950] silence_start: 105.084021
[silencedetect @ 0x132e1b950] silence_end: 105.359208 | silence_duration: 0.275187
[silencedetect @ 0x132e1b950] silence_start: 107.854458
[silencedetect @ 0x132e1b950] silence_end: 108.095208 | silence_duration: 0.24075
[silencedetect @ 0x132e1b950] silence_start: 109.344875
[silencedetect @ 0x132e1b950] silence_end: 109.465146 | silence_duration: 0.120271
[silencedetect @ 0x132e1b950] silence_start: 110.703396
[silencedetect @ 0x132e1b950] silence_end: 110.807854 | silence_duration: 0.104458
[silencedetect @ 0x132e1b950] silence_start: 112.090312
[silencedetect @ 0x132e1b950] silence_end: 112.417646 | silence_duration: 0.327333
[silencedetect @ 0x132e1b950] silence_start: 112.980812
[silencedetect @ 0x132e1b950] silence_end: 113.100854 | silence_duration: 0.120042
[silencedetect @ 0x132e1b950] silence_start: 113.475
[silencedetect @ 0x132e1b950] silence_end: 113.626167 | silence_duration: 0.151167
[silencedetect @ 0x132e1b950] silence_start: 115.457125
[silencedetect @ 0x132e1b950] silence_end: 115.832771 | silence_duration: 0.375646
[silencedetect @ 0x132e1b950] silence_start: 116.78225
[silencedetect @ 0x132e1b950] silence_end: 116.902417 | silence_duration: 0.120167
[out#0/null @ 0x132e17d00] video:0KiB audio:1500KiB subtitle:0KiB other streams:0KiB global headers:0KiB muxing overhead: unknown
size=N/A time=00:00:16.00 bitrate=N/A speed= 312x    
