Input #0, mov,mp4,m4a,3gp,3g2,mj2, from '/Users/davidobrien/Developer/AI-Training/videos/transformer-v3.mp4':
  Metadata:
    major_brand     : isom
    minor_version   : 512
    compatible_brands: isomiso2avc1mp41
    encoder         : Lavf61.7.100
  Duration: 00:04:15.43, start: 0.000000, bitrate: 632 kb/s
  Stream #0:0[0x1](und): Video: h264 (High) (avc1 / 0x31637661), yuv420p(progressive), 1280x720, 426 kb/s, 30 fps, 30 tbr, 15360 tbn (default)
      Metadata:
        handler_name    : VideoHandler
        vendor_id       : [0][0][0][0]
        encoder         : Lavc61.19.100 libx264
  Stream #0:1[0x2](und): Audio: aac (LC) (mp4a / 0x6134706D), 48000 Hz, mono, fltp, 196 kb/s (default)
      Metadata:
        handler_name    : SoundHandler
        vendor_id       : [0][0][0][0]
Stream mapping:
  Stream #0:1 -> #0:0 (aac (native) -> pcm_s16le (native))
Press [q] to stop, [?] for help
Output #0, null, to 'pipe:':
  Metadata:
    major_brand     : isom
    minor_version   : 512
    compatible_brands: isomiso2avc1mp41
    encoder         : Lavf61.7.100
  Stream #0:0(und): Audio: pcm_s16le, 48000 Hz, mono, s16, 768 kb/s (default)
      Metadata:
        handler_name    : SoundHandler
        vendor_id       : [0][0][0][0]
        encoder         : Lavc61.19.100 pcm_s16le
[silencedetect @ 0x123616560] silence_start: 36.587042
[silencedetect @ 0x123616560] silence_end: 37.876354 | silence_duration: 1.289312
[silencedetect @ 0x123616560] silence_start: 49.514104
[silencedetect @ 0x123616560] silence_end: 50.255833 | silence_duration: 0.741729
[silencedetect @ 0x123616560] silence_start: 57.889625
[silencedetect @ 0x123616560] silence_end: 58.395104 | silence_duration: 0.505479
[silencedetect @ 0x123616560] silence_start: 63.599646
[silencedetect @ 0x123616560] silence_end: 64.11775 | silence_duration: 0.518104
[silencedetect @ 0x123616560] silence_start: 69.11925
[silencedetect @ 0x123616560] silence_end: 70.370458 | silence_duration: 1.251208
[silencedetect @ 0x123616560] silence_start: 109.112938
[silencedetect @ 0x123616560] silence_end: 110.412417 | silence_duration: 1.299479
[silencedetect @ 0x123616560] silence_start: 157.166146
[silencedetect @ 0x123616560] silence_end: 157.669167 | silence_duration: 0.503021
[silencedetect @ 0x123616560] silence_start: 168.84125
[silencedetect @ 0x123616560] silence_end: 170.334042 | silence_duration: 1.492792
[silencedetect @ 0x123616560] silence_start: 173.821375
[silencedetect @ 0x123616560] silence_end: 174.336875 | silence_duration: 0.5155
[silencedetect @ 0x123616560] silence_start: 196.233958
[silencedetect @ 0x123616560] silence_end: 196.7745 | silence_duration: 0.540542
[silencedetect @ 0x123616560] silence_start: 221.961667
[silencedetect @ 0x123616560] silence_end: 222.967896 | silence_duration: 1.006229
[silencedetect @ 0x123616560] silence_start: 246.572333
[silencedetect @ 0x123616560] silence_end: 247.771146 | silence_duration: 1.198813
[silencedetect @ 0x123616560] silence_start: 253.033021
[silencedetect @ 0x123616560] silence_end: 255.445333 | silence_duration: 2.412313
[out#0/null @ 0x124a05460] video:0KiB audio:23948KiB subtitle:0KiB other streams:0KiB global headers:0KiB muxing overhead: unknown
size=N/A time=00:04:15.44 bitrate=N/A speed=2.16e+03x    
