Input #0, mov,mp4,m4a,3gp,3g2,mj2, from '/Users/davidobrien/Developer/AI-Training/videos/opener-understand-v3.mp4':
  Metadata:
    major_brand     : isom
    minor_version   : 512
    compatible_brands: isomiso2avc1mp41
    encoder         : Lavf61.7.100
  Duration: 00:02:34.60, start: 0.000000, bitrate: 1101 kb/s
  Stream #0:0[0x1](und): Video: h264 (High) (avc1 / 0x31637661), yuv420p(progressive), 1280x720, 897 kb/s, 30 fps, 30 tbr, 15360 tbn (default)
      Metadata:
        handler_name    : VideoHandler
        vendor_id       : [0][0][0][0]
        encoder         : Lavc61.19.100 libx264
  Stream #0:1[0x2](und): Audio: aac (LC) (mp4a / 0x6134706D), 48000 Hz, mono, fltp, 195 kb/s (default)
      Metadata:
        handler_name    : SoundHandler
        vendor_id       : [0][0][0][0]
Stream mapping:
  Stream #0:1 -> #0:0 (aac (native) -> pcm_s16le (native))
Press [q] to stop, [?] for help
Output #0, null, to 'pipe:':
  Metadata:
    major_brand     : isom
    minor_version   : 512
    compatible_brands: isomiso2avc1mp41
    encoder         : Lavf61.7.100
  Stream #0:0(und): Audio: pcm_s16le, 48000 Hz, mono, s16, 768 kb/s (default)
      Metadata:
        handler_name    : SoundHandler
        vendor_id       : [0][0][0][0]
        encoder         : Lavc61.19.100 pcm_s16le
[silencedetect @ 0x12d616500] silence_start: 29.554458
[silencedetect @ 0x12d616500] silence_end: 30.772229 | silence_duration: 1.217771
[silencedetect @ 0x12d616500] silence_start: 35.380271
[silencedetect @ 0x12d616500] silence_end: 36.646625 | silence_duration: 1.266354
[silencedetect @ 0x12d616500] silence_start: 65.103104
[silencedetect @ 0x12d616500] silence_end: 66.352292 | silence_duration: 1.249187
[silencedetect @ 0x12d616500] silence_start: 80.689583
[silencedetect @ 0x12d616500] silence_end: 81.882812 | silence_duration: 1.193229
[silencedetect @ 0x12d616500] silence_start: 111.664646
[silencedetect @ 0x12d616500] silence_end: 112.205583 | silence_duration: 0.540937
[silencedetect @ 0x12d616500] silence_start: 119.829917
[silencedetect @ 0x12d616500] silence_end: 120.646687 | silence_duration: 0.816771
[silencedetect @ 0x12d616500] silence_start: 129.551125
[silencedetect @ 0x12d616500] silence_end: 130.209979 | silence_duration: 0.658854
[silencedetect @ 0x12d616500] silence_start: 139.619042
[silencedetect @ 0x12d616500] silence_end: 141.236104 | silence_duration: 1.617062
[silencedetect @ 0x12d616500] silence_start: 145.853688
[silencedetect @ 0x12d616500] silence_end: 147.154125 | silence_duration: 1.300437
[silencedetect @ 0x12d616500] silence_start: 149.097271
[silencedetect @ 0x12d616500] silence_end: 149.643667 | silence_duration: 0.546396
[silencedetect @ 0x12d616500] silence_start: 150.884833
[silencedetect @ 0x12d616500] silence_end: 154.602667 | silence_duration: 3.717833
[out#0/null @ 0x12d618130] video:0KiB audio:14494KiB subtitle:0KiB other streams:0KiB global headers:0KiB muxing overhead: unknown
size=N/A time=00:02:34.60 bitrate=N/A speed=2.24e+03x    
