Input #0, mov,mp4,m4a,3gp,3g2,mj2, from 'Prompts/understand-opener-3.mp4':
  Metadata:
    major_brand     : mp42
    minor_version   : 0
    compatible_brands: isommp42
    encoder         : Google
  Duration: 00:02:40.89, start: 0.000000, bitrate: 1257 kb/s
  Stream #0:0[0x1](und): Video: h264 (High) (avc1 / 0x31637661), yuv420p(tv, bt709, progressive), 1280x720 [SAR 1:1 DAR 16:9], 1159 kb/s, 30 fps, 30 tbr, 15360 tbn (default)
      Metadata:
        handler_name    : ISO Media file produced by Google Inc.
        vendor_id       : [0][0][0][0]
  Stream #0:1[0x2](und): Audio: aac (LC) (mp4a / 0x6134706D), 44100 Hz, mono, fltp, 95 kb/s (default)
      Metadata:
        handler_name    : ISO Media file produced by Google Inc.
        vendor_id       : [0][0][0][0]
Stream mapping:
  Stream #0:1 -> #0:0 (aac (native) -> pcm_s16le (native))
Press [q] to stop, [?] for help
Output #0, null, to 'pipe:':
  Metadata:
    major_brand     : mp42
    minor_version   : 0
    compatible_brands: isommp42
    encoder         : Lavf61.7.100
  Stream #0:0(und): Audio: pcm_s16le, 44100 Hz, mono, s16, 705 kb/s (default)
      Metadata:
        handler_name    : ISO Media file produced by Google Inc.
        vendor_id       : [0][0][0][0]
        encoder         : Lavc61.19.100 pcm_s16le
[silencedetect @ 0x126a04b00] silence_start: 0
[silencedetect @ 0x126a04b00] silence_end: 0.162358 | silence_duration: 0.162358
[silencedetect @ 0x126a04b00] silence_start: 0.162426
[silencedetect @ 0x126a04b00] silence_end: 0.298005 | silence_duration: 0.135578
[silencedetect @ 0x126a04b00] silence_start: 1.546803
[silencedetect @ 0x126a04b00] silence_end: 1.771383 | silence_duration: 0.22458
[silencedetect @ 0x126a04b00] silence_start: 2.737392
[silencedetect @ 0x126a04b00] silence_end: 2.863107 | silence_duration: 0.125714
[silencedetect @ 0x126a04b00] silence_start: 2.921179
[silencedetect @ 0x126a04b00] silence_end: 3.135714 | silence_duration: 0.214535
[silencedetect @ 0x126a04b00] silence_start: 3.531338
[silencedetect @ 0x126a04b00] silence_end: 3.646213 | silence_duration: 0.114875
[silencedetect @ 0x126a04b00] silence_start: 5.690862
[silencedetect @ 0x126a04b00] silence_end: 5.974762 | silence_duration: 0.2839
[silencedetect @ 0x126a04b00] silence_start: 7.149728
[silencedetect @ 0x126a04b00] silence_end: 7.273197 | silence_duration: 0.123469
[silencedetect @ 0x126a04b00] silence_start: 8.452336
[silencedetect @ 0x126a04b00] silence_end: 8.636077 | silence_duration: 0.183741
[silencedetect @ 0x126a04b00] silence_start: 11.342086
[silencedetect @ 0x126a04b00] silence_end: 11.79619 | silence_duration: 0.454104
[silencedetect @ 0x126a04b00] silence_start: 17.157007
[silencedetect @ 0x126a04b00] silence_end: 17.318549 | silence_duration: 0.161542
[silencedetect @ 0x126a04b00] silence_start: 17.809751
[silencedetect @ 0x126a04b00] silence_end: 17.909864 | silence_duration: 0.100113
[silencedetect @ 0x126a04b00] silence_start: 19.71424
[silencedetect @ 0x126a04b00] silence_end: 20.044875 | silence_duration: 0.330635
[silencedetect @ 0x126a04b00] silence_start: 20.671791
[silencedetect @ 0x126a04b00] silence_end: 20.822789 | silence_duration: 0.150998
[silencedetect @ 0x126a04b00] silence_start: 22.330862
[silencedetect @ 0x126a04b00] silence_end: 22.444308 | silence_duration: 0.113447
[silencedetect @ 0x126a04b00] silence_start: 23.588639
[silencedetect @ 0x126a04b00] silence_end: 23.721134 | silence_duration: 0.132494
[silencedetect @ 0x126a04b00] silence_start: 25.314512
[silencedetect @ 0x126a04b00] silence_end: 25.680363 | silence_duration: 0.36585
[silencedetect @ 0x126a04b00] silence_start: 28.029365
[silencedetect @ 0x126a04b00] silence_end: 28.17746 | silence_duration: 0.148095
[silencedetect @ 0x126a04b00] silence_start: 29.478095
[silencedetect @ 0x126a04b00] silence_end: 29.854059 | silence_duration: 0.375964
[silencedetect @ 0x126a04b00] silence_start: 34.006825
[silencedetect @ 0x126a04b00] silence_end: 34.374898 | silence_duration: 0.368073
[silencedetect @ 0x126a04b00] silence_start: 36.63771
[silencedetect @ 0x126a04b00] silence_end: 36.796032 | silence_duration: 0.158322
[silencedetect @ 0x126a04b00] silence_start: 38.912472
[silencedetect @ 0x126a04b00] silence_end: 39.353787 | silence_duration: 0.441315
[silencedetect @ 0x126a04b00] silence_start: 40.789297
[silencedetect @ 0x126a04b00] silence_end: 41.117778 | silence_duration: 0.328481
[silencedetect @ 0x126a04b00] silence_start: 41.526236
[silencedetect @ 0x126a04b00] silence_end: 41.639932 | silence_duration: 0.113696
[silencedetect @ 0x126a04b00] silence_start: 45.05678
[silencedetect @ 0x126a04b00] silence_end: 45.359002 | silence_duration: 0.302222
[silencedetect @ 0x126a04b00] silence_start: 47.278118
[silencedetect @ 0x126a04b00] silence_end: 47.476032 | silence_duration: 0.197914
[silencedetect @ 0x126a04b00] silence_start: 49.937438
[silencedetect @ 0x126a04b00] silence_end: 50.155283 | silence_duration: 0.217846
[silencedetect @ 0x126a04b00] silence_start: 52.725011
[silencedetect @ 0x126a04b00] silence_end: 53.232721 | silence_duration: 0.50771
[silencedetect @ 0x126a04b00] silence_start: 55.232063
[silencedetect @ 0x126a04b00] silence_end: 55.660658 | silence_duration: 0.428594
[silencedetect @ 0x126a04b00] silence_start: 57.692494
[silencedetect @ 0x126a04b00] silence_end: 57.836122 | silence_duration: 0.143628
[silencedetect @ 0x126a04b00] silence_start: 60.838163
[silencedetect @ 0x126a04b00] silence_end: 61.311156 | silence_duration: 0.472993
[silencedetect @ 0x126a04b00] silence_start: 63.490816
[silencedetect @ 0x126a04b00] silence_end: 63.620295 | silence_duration: 0.129478
[silencedetect @ 0x126a04b00] silence_start: 64.103651
[silencedetect @ 0x126a04b00] silence_end: 64.491179 | silence_duration: 0.387528
[silencedetect @ 0x126a04b00] silence_start: 67.556145
[silencedetect @ 0x126a04b00] silence_end: 68.219615 | silence_duration: 0.663469
[silencedetect @ 0x126a04b00] silence_start: 70.690884
[silencedetect @ 0x126a04b00] silence_end: 71.005669 | silence_duration: 0.314785
[silencedetect @ 0x126a04b00] silence_start: 74.297868
[silencedetect @ 0x126a04b00] silence_end: 74.546077 | silence_duration: 0.248209
[silencedetect @ 0x126a04b00] silence_start: 74.5461
[silencedetect @ 0x126a04b00] silence_end: 74.674717 | silence_duration: 0.128617
[silencedetect @ 0x126a04b00] silence_start: 78.946054
[silencedetect @ 0x126a04b00] silence_end: 79.247007 | silence_duration: 0.300952
[silencedetect @ 0x126a04b00] silence_start: 80.370522
[silencedetect @ 0x126a04b00] silence_end: 80.573741 | silence_duration: 0.20322
[silencedetect @ 0x126a04b00] silence_start: 82.352404
[silencedetect @ 0x126a04b00] silence_end: 82.954104 | silence_duration: 0.601701
[silencedetect @ 0x126a04b00] silence_start: 85.771111
[silencedetect @ 0x126a04b00] silence_end: 86.194104 | silence_duration: 0.422993
[silencedetect @ 0x126a04b00] silence_start: 86.930522
[silencedetect @ 0x126a04b00] silence_end: 87.189433 | silence_duration: 0.258912
[silencedetect @ 0x126a04b00] silence_start: 89.937098
[silencedetect @ 0x126a04b00] silence_end: 90.302676 | silence_duration: 0.365578
[silencedetect @ 0x126a04b00] silence_start: 94.504512
[silencedetect @ 0x126a04b00] silence_end: 94.894127 | silence_duration: 0.389615
[silencedetect @ 0x126a04b00] silence_start: 97.056327
[silencedetect @ 0x126a04b00] silence_end: 97.341859 | silence_duration: 0.285533
[silencedetect @ 0x126a04b00] silence_start: 101.8978
[silencedetect @ 0x126a04b00] silence_end: 102.270249 | silence_duration: 0.372449
[silencedetect @ 0x126a04b00] silence_start: 104.478549
[silencedetect @ 0x126a04b00] silence_end: 104.738821 | silence_duration: 0.260272
[silencedetect @ 0x126a04b00] silence_start: 107.39737
[silencedetect @ 0x126a04b00] silence_end: 107.549977 | silence_duration: 0.152608
[silencedetect @ 0x126a04b00] silence_start: 110.215601
[silencedetect @ 0x126a04b00] silence_end: 110.593401 | silence_duration: 0.3778
[silencedetect @ 0x126a04b00] silence_start: 110.987029
[silencedetect @ 0x126a04b00] silence_end: 111.14907 | silence_duration: 0.162041
[silencedetect @ 0x126a04b00] silence_start: 112.723832
[silencedetect @ 0x126a04b00] silence_end: 113.332222 | silence_duration: 0.60839
[silencedetect @ 0x126a04b00] silence_start: 117.500431
[silencedetect @ 0x126a04b00] silence_end: 117.710408 | silence_duration: 0.209977
[silencedetect @ 0x126a04b00] silence_start: 120.876168
[silencedetect @ 0x126a04b00] silence_end: 121.736054 | silence_duration: 0.859887
[silencedetect @ 0x126a04b00] silence_start: 123.770023
[silencedetect @ 0x126a04b00] silence_end: 123.894218 | silence_duration: 0.124195
[silencedetect @ 0x126a04b00] silence_start: 123.93941
[silencedetect @ 0x126a04b00] silence_end: 124.47288 | silence_duration: 0.533469
[silencedetect @ 0x126a04b00] silence_start: 126.947143
[silencedetect @ 0x126a04b00] silence_end: 127.205261 | silence_duration: 0.258118
[silencedetect @ 0x126a04b00] silence_start: 130.41127
[silencedetect @ 0x126a04b00] silence_end: 131.29288 | silence_duration: 0.88161
[silencedetect @ 0x126a04b00] silence_start: 131.857506
[silencedetect @ 0x126a04b00] silence_end: 132.042041 | silence_duration: 0.184535
[silencedetect @ 0x126a04b00] silence_start: 134.673107
[silencedetect @ 0x126a04b00] silence_end: 135.235397 | silence_duration: 0.56229
[silencedetect @ 0x126a04b00] silence_start: 137.318435
[silencedetect @ 0x126a04b00] silence_end: 137.587642 | silence_duration: 0.269206
[silencedetect @ 0x126a04b00] silence_start: 138.804603
[silencedetect @ 0x126a04b00] silence_end: 138.9839 | silence_duration: 0.179297
[silencedetect @ 0x126a04b00] silence_start: 140.676916
[silencedetect @ 0x126a04b00] silence_end: 141.547687 | silence_duration: 0.870771
[silencedetect @ 0x126a04b00] silence_start: 142.759002
[silencedetect @ 0x126a04b00] silence_end: 143.093333 | silence_duration: 0.334331
[silencedetect @ 0x126a04b00] silence_start: 146.008299
[silencedetect @ 0x126a04b00] silence_end: 146.654308 | silence_duration: 0.646009
[silencedetect @ 0x126a04b00] silence_start: 148.263968
[silencedetect @ 0x126a04b00] silence_end: 148.456077 | silence_duration: 0.192109
[silencedetect @ 0x126a04b00] silence_start: 153.228186
[silencedetect @ 0x126a04b00] silence_end: 153.764853 | silence_duration: 0.536667
[silencedetect @ 0x126a04b00] silence_start: 155.688345
[silencedetect @ 0x126a04b00] silence_end: 156.308481 | silence_duration: 0.620136
[silencedetect @ 0x126a04b00] silence_start: 157.468141
[silencedetect @ 0x126a04b00] silence_end: 160.891066 | silence_duration: 3.422925
[out#0/null @ 0x15670b3a0] video:0KiB audio:13858KiB subtitle:0KiB other streams:0KiB global headers:0KiB muxing overhead: unknown
size=N/A time=00:02:40.89 bitrate=N/A speed=1.54e+03x    
