
# 203 ring samples in 27 runs; stroke histogram (rounded px): 2 px: 2, 3 px: 1, 4 px: 13, 5 px: 2, 6 px: 114, 7 px: 71
# runs (start, end, color, median stroke, min-max, samples)
 0:12.50 -  0:21.50  blue      6.0   6.0- 6.0   19
 0:22.00 -  0:32.50  teal      7.0   7.0- 7.0   22
 0:33.00 -  0:38.00  purple    7.0   6.5- 7.0   11
 0:38.50 -  0:47.00  violet    6.0   6.0- 6.0   18
 1:00.00 -  1:00.00  purple    5.0   5.0- 5.0    1
 1:00.50 -  1:00.50  purple    6.5   6.5- 6.5    1
 1:01.00 -  1:01.00  amber     6.5   6.5- 6.5    1
 1:01.50 -  1:05.50  amber     6.0   6.0- 6.0    9
 1:06.00 -  1:06.00  green     7.0   7.0- 7.0    1
 1:06.50 -  1:11.00  green     7.0   7.0- 7.0   10
 1:11.50 -  1:11.50  green     5.0   5.0- 5.0    1
 1:12.00 -  1:17.00  violet    4.0   4.0- 4.0   11
 2:15.00 -  2:15.00  purple    6.0   6.0- 6.0    1
 2:15.50 -  2:15.50  purple    6.0   6.0- 6.0    1
 2:16.00 -  2:23.00  purple    6.0   6.0- 6.0   15
 2:23.50 -  2:30.50  blue      6.0   6.0- 6.0   15
 2:31.00 -  2:31.00  teal      7.0   7.0- 7.0    1
 2:31.50 -  2:31.50  teal      7.0   7.0- 7.0    1
 2:32.00 -  2:37.00  teal      7.0   7.0- 7.0   11
 2:37.50 -  2:37.50  green     7.0   7.0- 7.0    1
 2:38.00 -  2:46.00  green     7.0   7.0- 7.0   17
 2:46.50 -  2:53.00  amber     6.0   6.0- 6.0   14
 2:53.50 -  2:53.50  amber     6.0   6.0- 6.0    1
 2:54.00 -  2:54.50  amber     6.0   6.0- 6.0    2
 2:55.00 -  3:01.00  violet    6.0   6.0- 6.0   13
 3:07.00 -  3:07.00  gold      2.0   2.0- 2.0    1
 3:07.50 -  3:09.00  gold      3.2   2.5- 3.5    4
