{
  "frames": 8696,
  "fps": 30,
  "size": [
    1280,
    720
  ],
  "duration": 289.8666666666667,
  "audio": {
    "packet_source": "SHA256=05189cf0378df843941bef722a8e90db22878c6e38378e0cc523f0ba33629b6c",
    "packet_candidate": "SHA256=05189cf0378df843941bef722a8e90db22878c6e38378e0cc523f0ba33629b6c",
    "pcm_source": "SHA256=444e938653ed251c5ecd510d6379b68a72ed67c76ddf5fc20aec0732302eea1c",
    "pcm_candidate": "SHA256=444e938653ed251c5ecd510d6379b68a72ed67c76ddf5fc20aec0732302eea1c"
  },
  "audio_packets_identical": true,
  "decoded_audio_identical": true,
  "ring_state_count": 24,
  "all_measured_sides_4px": true,
  "duration_method": "Frame-indexed edit spans including zooms, pans and inherited picture holds; encoded seam frames retained for visual confirmation.",
  "longest_board_seconds": 28.866666666666667,
  "longest_board_chain_seconds": 49.5,
  "encoding_errors": {
    "retained_picture_max": 2.5654430700231483,
    "retained_picture_mean": 2.382372260140991,
    "close_mean": 1.8499357434669468,
    "drawing_max": 2.536232638888889,
    "board_preview_max": 3.1839225260416666
  },
  "checks_not_done": [
    "Real-time full playback/listening",
    "Audible quality of existing grafts",
    "Mobile/player playback",
    "Manual scrutiny of every encoded frame"
  ]
}
