
# 253 ring samples in 61 runs; stroke histogram (rounded px): 2 px: 2, 3 px: 12, 4 px: 213, 5 px: 4, 7 px: 10, 8 px: 2, 10 px: 4, 15 px: 5, 16 px: 1
# runs (start, end, color, median stroke, min-max, samples)
 0:17.00 -  0:19.50  violet    4.0   4.0- 4.0    6
 0:20.00 -  0:33.00  blue      4.0   4.0- 4.0   27
 0:39.00 -  0:39.00  blue      4.0   4.0- 4.0    1
 0:39.50 -  0:48.50  blue      4.0   4.0- 4.0   19
 0:49.00 -  0:51.50  violet    4.0   4.0- 4.0    6
 0:53.00 -  0:59.00  gold      3.2   3.0- 4.0   13
 1:56.50 -  1:56.50  purple    4.0   4.0- 4.0    1
 1:57.00 -  2:03.50  purple    4.0   4.0- 4.0   14
 2:04.00 -  2:11.50  purple    4.0   4.0- 4.0   16
 2:12.00 -  2:12.00  blue      4.0   4.0- 4.0    1
 2:12.50 -  2:12.50  blue      4.0   4.0- 4.0    1
 2:13.00 -  2:16.50  blue      4.0   4.0- 4.0    8
 2:22.50 -  2:23.00  gold      3.5   3.5- 3.5    2
 2:27.00 -  2:27.00  blue      4.0   4.0- 4.0    1
 2:27.50 -  2:27.50  teal      4.0   4.0- 4.0    1
 2:28.00 -  2:36.00  teal      4.0   4.0- 4.0   17
 2:36.50 -  2:42.00  teal      4.0   4.0- 4.0   12
 2:43.00 -  2:43.00  violet    4.0   4.0- 4.0    1
 2:43.50 -  2:46.50  violet    4.0   4.0- 4.0    7
 2:51.00 -  2:54.50  green     4.5   4.5- 5.0    8
 2:54.50 -  2:54.50  purple    4.0   4.0- 4.0    1
 2:55.00 -  2:55.00  purple    4.0   4.0- 4.0    1
 2:55.50 -  3:03.50  purple    4.0   4.0- 4.0   17
 3:04.00 -  3:04.00  blue      4.0   4.0- 4.0    1
 3:04.50 -  3:12.00  blue      4.0   4.0- 4.0   16
 3:12.50 -  3:12.50  teal      7.8   7.8- 7.8    1
 3:12.50 -  3:12.50  gold      2.0   2.0- 2.0    1
 3:13.00 -  3:13.00  green     4.0   4.0- 4.0    1
 3:13.00 -  3:13.00  teal      4.0   4.0- 4.0    1
 3:13.00 -  3:13.00  teal      7.0   7.0- 7.0    1
 3:13.00 -  3:14.50  gold      9.5   9.5- 9.5    4
 3:13.50 -  3:13.50  teal      4.0   4.0- 4.0    1
 3:13.50 -  3:13.50  teal      7.0   7.0- 7.0    1
 3:14.00 -  3:14.00  teal      4.0   4.0- 4.0    1
 3:14.00 -  3:14.00  teal      7.0   7.0- 7.0    1
 3:14.50 -  3:14.50  teal      4.0   4.0- 4.0    1
 3:14.50 -  3:14.50  teal      7.0   7.0- 7.0    1
 3:19.50 -  3:19.50  teal      4.0   4.0- 4.0    1
 3:19.50 -  3:19.50  teal      5.0   5.0- 5.0    1
 3:20.00 -  3:20.00  teal      4.0   4.0- 4.0    1
 3:20.00 -  3:20.00  teal      5.0   5.0- 5.0    1
 3:20.50 -  3:20.50  green     4.0   4.0- 4.0    1
 3:20.50 -  3:20.50  teal      5.0   5.0- 5.0    1
 3:20.50 -  3:20.50  teal      8.0   8.0- 8.0    1
 3:20.50 -  3:20.50  amber     4.0   4.0- 4.0    1
 3:20.50 -  3:20.50  gold     15.5  15.5-15.5    1
 3:21.00 -  3:29.00  amber     4.0   4.0- 4.0   17
 3:29.50 -  3:29.50  gold      2.0   2.0- 2.0    1
 3:30.00 -  3:30.00  green     6.8   6.8- 6.8    1
 3:30.00 -  3:30.00  teal      4.5   4.5- 4.5    1
 3:30.00 -  3:30.00  violet    4.0   4.0- 4.0    1
 3:30.50 -  3:30.50  gold     15.2  15.2-15.2    1
 3:30.50 -  3:30.50  gold      7.0   7.0- 7.0    1
 3:31.00 -  3:31.00  gold     15.2  15.2-15.2    1
 3:31.00 -  3:31.00  gold      7.0   7.0- 7.0    1
 3:31.50 -  3:31.50  gold     15.2  15.2-15.2    1
 3:31.50 -  3:31.50  gold      7.0   7.0- 7.0    1
 3:32.00 -  3:32.00  gold     15.2  15.2-15.2    1
 3:32.00 -  3:32.00  gold      7.0   7.0- 7.0    1
 3:32.50 -  3:32.50  gold     15.2  15.2-15.2    1
 3:32.50 -  3:32.50  gold      7.0   7.0- 7.0    1
