{
  "decoded_frames": 5571,
  "expected_frames": 5571,
  "duration_seconds": 185.7,
  "audio_correlation": 0.9999162499850477,
  "pauses": [
    {
      "label": "Pause before language examples",
      "start": 28.1,
      "end": 29.1,
      "inserted_seconds": 1.0,
      "measured_quiet": [
        [
          28.087042,
          29.326896
        ]
      ],
      "interior_peak_dbfs": -58.94496421785446
    },
    {
      "label": "Pause before earlier AI",
      "start": 47.96666666666667,
      "end": 48.96666666666667,
      "inserted_seconds": 1.0,
      "measured_quiet": [
        [
          47.841604,
          49.202
        ]
      ],
      "interior_peak_dbfs": -58.94496421785446
    },
    {
      "label": "Pause before breakthrough",
      "start": 69.56666666666666,
      "end": 70.56666666666666,
      "inserted_seconds": 1.0,
      "measured_quiet": [
        [
          69.564937,
          70.812417
        ]
      ],
      "interior_peak_dbfs": -58.94496421785446
    },
    {
      "label": "Pause before relevance and number updates",
      "start": 88.93333333333334,
      "end": 89.93333333333334,
      "inserted_seconds": 1.0,
      "measured_quiet": [
        [
          88.811354,
          90.255479
        ]
      ],
      "interior_peak_dbfs": -58.94496421785446
    },
    {
      "label": "Pause before attention and transformation",
      "start": 108.53333333333333,
      "end": 109.53333333333333,
      "inserted_seconds": 1.0,
      "measured_quiet": [
        [
          108.523229,
          109.634062
        ]
      ],
      "interior_peak_dbfs": -58.94496421785446
    },
    {
      "label": "Pause before returning examples",
      "start": 127.8,
      "end": 128.8,
      "inserted_seconds": 1.0000000000000142,
      "measured_quiet": [
        [
          127.796042,
          128.894813
        ]
      ],
      "interior_peak_dbfs": -58.94496421785446
    },
    {
      "label": "Pause before broader language applications",
      "start": 140.2,
      "end": 141.2,
      "inserted_seconds": 1.0,
      "measured_quiet": [
        [
          140.166687,
          141.482792
        ]
      ],
      "interior_peak_dbfs": -58.94496421785446
    },
    {
      "label": "Pause before word order",
      "start": 152.43333333333334,
      "end": 153.43333333333334,
      "inserted_seconds": 1.0,
      "measured_quiet": [
        [
          152.427208,
          153.745354
        ]
      ],
      "interior_peak_dbfs": -59.182948683848615
    },
    {
      "label": "Pause before closing message",
      "start": 177.03333333333333,
      "end": 178.03333333333333,
      "inserted_seconds": 1.0,
      "measured_quiet": [
        [
          176.839,
          178.037813
        ]
      ],
      "interior_peak_dbfs": -58.94496421785446
    },
    {
      "label": "Settled closing hold",
      "start": 183.3,
      "end": 185.7,
      "inserted_seconds": 2.3999999999999773,
      "measured_quiet": [
        [
          183.299688,
          185.706667
        ]
      ],
      "interior_peak_dbfs": -58.94496421785446
    }
  ],
  "protected_files_unchanged": {
    "/Users/davidobrien/Developer/AI-Training/Prompts/transformer-1.mp4": true,
    "/Users/davidobrien/Developer/AI-Training/Prompts/transformer-2.mp4": true,
    "/Users/davidobrien/Developer/AI-Training/videos/transformer.mp4": true,
    "/Users/davidobrien/Developer/AI-Training/index.html": true,
    "/Users/davidobrien/Developer/AI-Training/lessons/transformer.md": true
  },
  "outline_checks": 20,
  "outside_outline_changes": 0,
  "audio_seam_clips": [
    {
      "frame": 150,
      "label": "Tokens and starting embeddings",
      "path": "video-audit/transformer-repair-2026-09-10/audio-seams/150.wav"
    },
    {
      "frame": 543,
      "label": "Context shapes meaning; safe original feather illustration",
      "path": "video-audit/transformer-repair-2026-09-10/audio-seams/543.wav"
    },
    {
      "frame": 873,
      "label": "LIGHT and pronouns",
      "path": "video-audit/transformer-repair-2026-09-10/audio-seams/873.wav"
    },
    {
      "frame": 1469,
      "label": "Original sequential-processing animation",
      "path": "video-audit/transformer-repair-2026-09-10/audio-seams/1469.wav"
    },
    {
      "frame": 1696,
      "label": "How earlier AI carried CAT forward",
      "path": "video-audit/transformer-repair-2026-09-10/audio-seams/1696.wav"
    },
    {
      "frame": 2117,
      "label": "Original 2017 research and Transformer graphic",
      "path": "video-audit/transformer-repair-2026-09-10/audio-seams/2117.wav"
    },
    {
      "frame": 2438,
      "label": "Complete message available from the start",
      "path": "video-audit/transformer-repair-2026-09-10/audio-seams/2438.wav"
    },
    {
      "frame": 2698,
      "label": "Why relevance still needs to be calculated",
      "path": "video-audit/transformer-repair-2026-09-10/audio-seams/2698.wav"
    },
    {
      "frame": 2917,
      "label": "Relationships update the token numbers",
      "path": "video-audit/transformer-repair-2026-09-10/audio-seams/2917.wav"
    },
    {
      "frame": 3286,
      "label": "Attention blends; transformation applies fixed patterns",
      "path": "video-audit/transformer-repair-2026-09-10/audio-seams/3286.wav"
    },
    {
      "frame": 3864,
      "label": "Return to the original examples",
      "path": "video-audit/transformer-repair-2026-09-10/audio-seams/3864.wav"
    },
    {
      "frame": 3913,
      "label": "Turn on and carry provide context",
      "path": "video-audit/transformer-repair-2026-09-10/audio-seams/3913.wav"
    },
    {
      "frame": 4046,
      "label": "Thirsty cat and fresh milk interpretations",
      "path": "video-audit/transformer-repair-2026-09-10/audio-seams/4046.wav"
    },
    {
      "frame": 4236,
      "label": "Relationships support sarcasm and idioms",
      "path": "video-audit/transformer-repair-2026-09-10/audio-seams/4236.wav"
    },
    {
      "frame": 4603,
      "label": "Different orders; positional information",
      "path": "video-audit/transformer-repair-2026-09-10/audio-seams/4603.wav"
    },
    {
      "frame": 5341,
      "label": "Approved closing narration",
      "path": "video-audit/transformer-repair-2026-09-10/audio-seams/5341.wav"
    }
  ],
  "sha256": "159dcf1ce9f68bd0910f5f6b2ca34eed10c638a020354606694330148e765c66",
  "shipping_status": "Review only; live video unchanged"
}
{
  "pass": true,
  "boundaries": 38,
  "failed": 0,
  "review": "video-audit/transformer-repair-2026-09-10/transitions"
}
