Input #0, mov,mp4,m4a,3gp,3g2,mj2, from '/Users/davidobrien/Developer/AI-Training/videos/transformer-v2.mp4':
  Metadata:
    major_brand     : isom
    minor_version   : 512
    compatible_brands: isomiso2avc1mp41
    encoder         : Lavf61.7.100
  Duration: 00:03:05.70, start: 0.000000, bitrate: 603 kb/s
  Stream #0:0[0x1](und): Video: h264 (High) (avc1 / 0x31637661), yuv420p(progressive), 1280x720, 399 kb/s, 30 fps, 30 tbr, 15360 tbn (default)
      Metadata:
        handler_name    : VideoHandler
        vendor_id       : [0][0][0][0]
        encoder         : Lavc61.19.100 libx264
  Stream #0:1[0x2](und): Audio: aac (LC) (mp4a / 0x6134706D), 48000 Hz, mono, fltp, 195 kb/s (default)
      Metadata:
        handler_name    : SoundHandler
        vendor_id       : [0][0][0][0]
Stream mapping:
  Stream #0:1 -> #0:0 (aac (native) -> pcm_s16le (native))
Press [q] to stop, [?] for help
Output #0, null, to 'pipe:':
  Metadata:
    major_brand     : isom
    minor_version   : 512
    compatible_brands: isomiso2avc1mp41
    encoder         : Lavf61.7.100
  Stream #0:0(und): Audio: pcm_s16le, 48000 Hz, mono, s16, 768 kb/s (default)
      Metadata:
        handler_name    : SoundHandler
        vendor_id       : [0][0][0][0]
        encoder         : Lavc61.19.100 pcm_s16le
[silencedetect @ 0x13d604ce0] silence_start: 28.087042
[silencedetect @ 0x13d604ce0] silence_end: 29.326896 | silence_duration: 1.239854
[silencedetect @ 0x13d604ce0] silence_start: 47.841604
[silencedetect @ 0x13d604ce0] silence_end: 49.202 | silence_duration: 1.360396
[silencedetect @ 0x13d604ce0] silence_start: 69.564937
[silencedetect @ 0x13d604ce0] silence_end: 70.812417 | silence_duration: 1.247479
[silencedetect @ 0x13d604ce0] silence_start: 88.811354
[silencedetect @ 0x13d604ce0] silence_end: 90.255479 | silence_duration: 1.444125
[silencedetect @ 0x13d604ce0] silence_start: 108.523229
[silencedetect @ 0x13d604ce0] silence_end: 109.634062 | silence_duration: 1.110833
[silencedetect @ 0x13d604ce0] silence_start: 113.121375
[silencedetect @ 0x13d604ce0] silence_end: 113.644208 | silence_duration: 0.522833
[silencedetect @ 0x13d604ce0] silence_start: 127.796042
[silencedetect @ 0x13d604ce0] silence_end: 128.894813 | silence_duration: 1.098771
[silencedetect @ 0x13d604ce0] silence_start: 140.166687
[silencedetect @ 0x13d604ce0] silence_end: 141.482792 | silence_duration: 1.316104
[silencedetect @ 0x13d604ce0] silence_start: 152.427208
[silencedetect @ 0x13d604ce0] silence_end: 153.745354 | silence_duration: 1.318146
[silencedetect @ 0x13d604ce0] silence_start: 176.839
[silencedetect @ 0x13d604ce0] silence_end: 178.037813 | silence_duration: 1.198813
[silencedetect @ 0x13d604ce0] silence_start: 183.299688
[silencedetect @ 0x13d604ce0] silence_end: 185.706667 | silence_duration: 2.406979
[out#0/null @ 0x14f005460] video:0KiB audio:17410KiB subtitle:0KiB other streams:0KiB global headers:0KiB muxing overhead: unknown
size=N/A time=00:03:05.70 bitrate=N/A speed=2.11e+03x    
