
# 215 ring samples in 21 runs; stroke histogram (rounded px): 2 px: 60, 3 px: 77, 4 px: 78
# runs (start, end, color, median stroke, min-max, samples)
 0:24.00 -  0:37.00  purple    3.0   2.0- 4.0   27
 0:48.50 -  0:52.50  purple    3.0   3.0- 4.0    9
 0:53.00 -  0:53.50  purple    3.0   3.0- 3.0    2
 0:54.00 -  0:55.00  purple    3.0   3.0- 3.0    3
 0:55.50 -  0:56.00  purple    2.0   2.0- 2.0    2
 0:56.50 -  0:57.00  purple    2.5   2.0- 3.0    2
 0:57.50 -  0:58.50  purple    3.0   2.0- 3.0    3
 0:59.00 -  1:01.00  purple    4.0   3.0- 4.0    5
 1:01.50 -  1:07.00  purple    3.0   2.0- 4.0   12
 1:07.50 -  1:09.50  violet    4.0   4.0- 4.0    5
 1:39.00 -  1:41.00  purple    4.0   3.0- 4.0    5
 1:41.50 -  1:46.00  blue      3.5   3.0- 4.0   10
 1:46.50 -  1:50.50  blue      3.0   3.0- 4.0    9
 1:51.00 -  1:58.50  red       3.0   2.0- 4.0   16
 1:59.00 -  2:01.50  red       3.5   2.0- 4.0    6
 2:02.00 -  2:11.00  violet    3.0   2.0- 4.0   19
 2:11.50 -  2:15.00  violet    2.0   2.0- 4.0    8
 2:35.50 -  2:45.00  blue      4.0   2.0- 4.0   20
 2:45.50 -  2:56.00  purple    3.0   2.0- 4.0   22
 2:56.50 -  3:07.50  teal      3.0   2.5- 4.0   23
 3:16.00 -  3:19.00  violet    4.0   4.0- 4.0    7
