Input #0, mov,mp4,m4a,3gp,3g2,mj2, from '/Users/davidobrien/Developer/AI-Training/videos/embeddings-v4.mp4':
  Metadata:
    major_brand     : isom
    minor_version   : 512
    compatible_brands: isomiso2avc1mp41
    encoder         : Lavf61.7.100
  Duration: 00:03:58.17, start: 0.000000, bitrate: 677 kb/s
  Stream #0:0[0x1](und): Video: h264 (High) (avc1 / 0x31637661), yuv420p(progressive), 1280x720, 466 kb/s, 30 fps, 30 tbr, 15360 tbn (default)
      Metadata:
        handler_name    : VideoHandler
        vendor_id       : [0][0][0][0]
        encoder         : Lavc61.19.100 libx264
  Stream #0:1[0x2](und): Audio: aac (LC) (mp4a / 0x6134706D), 48000 Hz, mono, fltp, 202 kb/s (default)
      Metadata:
        handler_name    : SoundHandler
        vendor_id       : [0][0][0][0]
Stream mapping:
  Stream #0:1 -> #0:0 (aac (native) -> pcm_s16le (native))
Press [q] to stop, [?] for help
Output #0, null, to 'pipe:':
  Metadata:
    major_brand     : isom
    minor_version   : 512
    compatible_brands: isomiso2avc1mp41
    encoder         : Lavf61.7.100
  Stream #0:0(und): Audio: pcm_s16le, 48000 Hz, mono, s16, 768 kb/s (default)
      Metadata:
        handler_name    : SoundHandler
        vendor_id       : [0][0][0][0]
        encoder         : Lavc61.19.100 pcm_s16le
[silencedetect @ 0x13b615be0] silence_start: 18.305792
[silencedetect @ 0x13b615be0] silence_end: 18.820937 | silence_duration: 0.515146
[silencedetect @ 0x13b615be0] silence_start: 49.590333
[silencedetect @ 0x13b615be0] silence_end: 50.700542 | silence_duration: 1.110208
[silencedetect @ 0x13b615be0] silence_start: 61.137958
[silencedetect @ 0x13b615be0] silence_end: 61.715229 | silence_duration: 0.577271
[silencedetect @ 0x13b615be0] silence_start: 73.123375
[silencedetect @ 0x13b615be0] silence_end: 73.777229 | silence_duration: 0.653854
[silencedetect @ 0x13b615be0] silence_start: 78.290375
[silencedetect @ 0x13b615be0] silence_end: 78.861875 | silence_duration: 0.5715
[silencedetect @ 0x13b615be0] silence_start: 92.017792
[silencedetect @ 0x13b615be0] silence_end: 92.603146 | silence_duration: 0.585354
[silencedetect @ 0x13b615be0] silence_start: 109.244792
[silencedetect @ 0x13b615be0] silence_end: 109.764354 | silence_duration: 0.519562
[silencedetect @ 0x13b615be0] silence_start: 116.924458
[silencedetect @ 0x13b615be0] silence_end: 117.438958 | silence_duration: 0.5145
[silencedetect @ 0x13b615be0] silence_start: 123.641083
[silencedetect @ 0x13b615be0] silence_end: 124.805604 | silence_duration: 1.164521
[silencedetect @ 0x13b615be0] silence_start: 177.382125
[silencedetect @ 0x13b615be0] silence_end: 178.404375 | silence_duration: 1.02225
[silencedetect @ 0x13b615be0] silence_start: 228.522917
[silencedetect @ 0x13b615be0] silence_end: 229.920229 | silence_duration: 1.397312
[silencedetect @ 0x13b615be0] silence_start: 235.583354
[silencedetect @ 0x13b615be0] silence_end: 238.186667 | silence_duration: 2.603312
[out#0/null @ 0x12b60d9b0] video:0KiB audio:22330KiB subtitle:0KiB other streams:0KiB global headers:0KiB muxing overhead: unknown
size=N/A time=00:03:58.18 bitrate=N/A speed=2.09e+03x    
