/Users/davidobrien/Developer/AI-Training/video-audit/ai-is-different-build-2026-09-29-v12/preview/rules/kb1-full-view-in.jpg  frame=0 cx=891.0 cy=502.0 w=1782.0
/Users/davidobrien/Developer/AI-Training/video-audit/ai-is-different-build-2026-09-29-v12/preview/rules/kb1-full-view-out.jpg  frame=547 cx=891.0 cy=502.0 w=1738.6
# 1 beats, 548 frames, 18.267s, 5 rings
/Users/davidobrien/Developer/AI-Training/video-audit/ai-is-different-build-2026-09-29-v12/leg-rules.mkv: 548 frames, 18.267s
/Users/davidobrien/Developer/AI-Training/video-audit/ai-is-different-build-2026-09-29-v12/preview/learn/kb1-full-view-in.jpg  frame=0 cx=800.0 cy=450.0 w=1600.0
/Users/davidobrien/Developer/AI-Training/video-audit/ai-is-different-build-2026-09-29-v12/preview/learn/kb1-full-view-out.jpg  frame=886 cx=800.0 cy=450.0 w=1600.0
# 1 beats, 887 frames, 29.567s, 7 rings
/Users/davidobrien/Developer/AI-Training/video-audit/ai-is-different-build-2026-09-29-v12/leg-learn.mkv: 887 frames, 29.567s
/Users/davidobrien/Developer/AI-Training/video-audit/ai-is-different-build-2026-09-29-v12/preview/rvp/kb1-establish-in.jpg  frame=0 cx=1345.0 cy=757.0 w=2690.0
/Users/davidobrien/Developer/AI-Training/video-audit/ai-is-different-build-2026-09-29-v12/preview/rvp/kb1-establish-out.jpg  frame=63 cx=1345.0 cy=757.0 w=2690.0
/Users/davidobrien/Developer/AI-Training/video-audit/ai-is-different-build-2026-09-29-v12/preview/rvp/kb2-to-The question-in.jpg  frame=64 cx=1345.0 cy=757.0 w=2690.0
/Users/davidobrien/Developer/AI-Training/video-audit/ai-is-different-build-2026-09-29-v12/preview/rvp/kb2-to-The question-out.jpg  frame=87 cx=1345.0 cy=757.0 w=2690.0
/Users/davidobrien/Developer/AI-Training/video-audit/ai-is-different-build-2026-09-29-v12/preview/rvp/kb3-hold-The question-in.jpg  frame=88 cx=1345.0 cy=757.0 w=2690.0
/Users/davidobrien/Developer/AI-Training/video-audit/ai-is-different-build-2026-09-29-v12/preview/rvp/kb3-hold-The question-out.jpg  frame=132 cx=1345.0 cy=757.0 w=2690.0
/Users/davidobrien/Developer/AI-Training/video-audit/ai-is-different-build-2026-09-29-v12/preview/rvp/kb4-to-Normal Software-in.jpg  frame=133 cx=1345.0 cy=757.0 w=2690.0
/Users/davidobrien/Developer/AI-Training/video-audit/ai-is-different-build-2026-09-29-v12/preview/rvp/kb4-to-Normal Software-out.jpg  frame=156 cx=957.5 cy=809.0 w=1936.2
/Users/davidobrien/Developer/AI-Training/video-audit/ai-is-different-build-2026-09-29-v12/preview/rvp/kb5-hold-Normal Software-in.jpg  frame=157 cx=957.5 cy=809.0 w=1936.2
/Users/davidobrien/Developer/AI-Training/video-audit/ai-is-different-build-2026-09-29-v12/preview/rvp/kb5-hold-Normal Software-out.jpg  frame=254 cx=957.5 cy=809.0 w=1936.2
/Users/davidobrien/Developer/AI-Training/video-audit/ai-is-different-build-2026-09-29-v12/preview/rvp/kb6-to-Normal answers: Spider-Man 2 every time-in.jpg  frame=255 cx=957.5 cy=809.0 w=1936.2
/Users/davidobrien/Developer/AI-Training/video-audit/ai-is-different-build-2026-09-29-v12/preview/rvp/kb6-to-Normal answers: Spider-Man 2 every time-out.jpg  frame=278 cx=957.5 cy=809.0 w=1936.2
/Users/davidobrien/Developer/AI-Training/video-audit/ai-is-different-build-2026-09-29-v12/preview/rvp/kb7-hold-Normal answers: Spider-Man 2 every time-in.jpg  frame=279 cx=957.5 cy=809.0 w=1936.2
/Users/davidobrien/Developer/AI-Training/video-audit/ai-is-different-build-2026-09-29-v12/preview/rvp/kb7-hold-Normal answers: Spider-Man 2 every time-out.jpg  frame=368 cx=957.5 cy=809.0 w=1936.2
/Users/davidobrien/Developer/AI-Training/video-audit/ai-is-different-build-2026-09-29-v12/preview/rvp/kb8-to-AI Software-in.jpg  frame=369 cx=957.5 cy=809.0 w=1936.2
/Users/davidobrien/Developer/AI-Training/video-audit/ai-is-different-build-2026-09-29-v12/preview/rvp/kb8-to-AI Software-out.jpg  frame=392 cx=1733.5 cy=809.0 w=1936.2
/Users/davidobrien/Developer/AI-Training/video-audit/ai-is-different-build-2026-09-29-v12/preview/rvp/kb9-hold-AI Software-in.jpg  frame=393 cx=1733.5 cy=809.0 w=1936.2
/Users/davidobrien/Developer/AI-Training/video-audit/ai-is-different-build-2026-09-29-v12/preview/rvp/kb9-hold-AI Software-out.jpg  frame=583 cx=1733.5 cy=809.0 w=1936.2
/Users/davidobrien/Developer/AI-Training/video-audit/ai-is-different-build-2026-09-29-v12/preview/rvp/kb10-to-ask again: NHL 26-in.jpg  frame=584 cx=1733.5 cy=809.0 w=1936.2
/Users/davidobrien/Developer/AI-Training/video-audit/ai-is-different-build-2026-09-29-v12/preview/rvp/kb10-to-ask again: NHL 26-out.jpg  frame=607 cx=1733.5 cy=809.0 w=1936.2
/Users/davidobrien/Developer/AI-Training/video-audit/ai-is-different-build-2026-09-29-v12/preview/rvp/kb11-hold-ask again: NHL 26-in.jpg  frame=608 cx=1733.5 cy=809.0 w=1936.2
/Users/davidobrien/Developer/AI-Training/video-audit/ai-is-different-build-2026-09-29-v12/preview/rvp/kb11-hold-ask again: NHL 26-out.jpg  frame=649 cx=1733.5 cy=809.0 w=1936.2
/Users/davidobrien/Developer/AI-Training/video-audit/ai-is-different-build-2026-09-29-v12/preview/rvp/kb12-to-ask again: God of War-in.jpg  frame=650 cx=1733.5 cy=809.0 w=1936.2
/Users/davidobrien/Developer/AI-Training/video-audit/ai-is-different-build-2026-09-29-v12/preview/rvp/kb12-to-ask again: God of War-out.jpg  frame=673 cx=1733.5 cy=809.0 w=1936.2
/Users/davidobrien/Developer/AI-Training/video-audit/ai-is-different-build-2026-09-29-v12/preview/rvp/kb13-hold-ask again: God of War-in.jpg  frame=674 cx=1733.5 cy=809.0 w=1936.2
/Users/davidobrien/Developer/AI-Training/video-audit/ai-is-different-build-2026-09-29-v12/preview/rvp/kb13-hold-ask again: God of War-out.jpg  frame=694 cx=1733.5 cy=809.0 w=1936.2
/Users/davidobrien/Developer/AI-Training/video-audit/ai-is-different-build-2026-09-29-v12/preview/rvp/kb14-pull-back-in.jpg  frame=695 cx=1733.5 cy=809.0 w=1936.2
/Users/davidobrien/Developer/AI-Training/video-audit/ai-is-different-build-2026-09-29-v12/preview/rvp/kb14-pull-back-out.jpg  frame=724 cx=1345.0 cy=757.0 w=2690.0
/Users/davidobrien/Developer/AI-Training/video-audit/ai-is-different-build-2026-09-29-v12/preview/rvp/kb15-full-hold-in.jpg  frame=725 cx=1345.0 cy=757.0 w=2690.0
/Users/davidobrien/Developer/AI-Training/video-audit/ai-is-different-build-2026-09-29-v12/preview/rvp/kb15-full-hold-out.jpg  frame=877 cx=1345.0 cy=757.0 w=2690.0
# 15 beats, 878 frames, 29.267s, 7 rings
/Users/davidobrien/Developer/AI-Training/video-audit/ai-is-different-build-2026-09-29-v12/leg-rvp.mkv: 878 frames, 29.267s
/Users/davidobrien/Developer/AI-Training/video-audit/ai-is-different-build-2026-09-29-v12/preview/structured/kb1-establish-in.jpg  frame=0 cx=1275.0 cy=718.0 w=2550.0
/Users/davidobrien/Developer/AI-Training/video-audit/ai-is-different-build-2026-09-29-v12/preview/structured/kb1-establish-out.jpg  frame=83 cx=1275.0 cy=718.0 w=2550.0
/Users/davidobrien/Developer/AI-Training/video-audit/ai-is-different-build-2026-09-29-v12/preview/structured/kb2-to-Normal Software-in.jpg  frame=84 cx=1275.0 cy=718.0 w=2550.0
/Users/davidobrien/Developer/AI-Training/video-audit/ai-is-different-build-2026-09-29-v12/preview/structured/kb2-to-Normal Software-out.jpg  frame=107 cx=886.0 cy=687.5 w=2059.7
/Users/davidobrien/Developer/AI-Training/video-audit/ai-is-different-build-2026-09-29-v12/preview/structured/kb3-hold-Normal Software-in.jpg  frame=108 cx=886.0 cy=687.5 w=2059.7
/Users/davidobrien/Developer/AI-Training/video-audit/ai-is-different-build-2026-09-29-v12/preview/structured/kb3-hold-Normal Software-out.jpg  frame=221 cx=886.0 cy=687.5 w=2059.7
/Users/davidobrien/Developer/AI-Training/video-audit/ai-is-different-build-2026-09-29-v12/preview/structured/kb4-to-Normal Input and Output-in.jpg  frame=222 cx=886.0 cy=687.5 w=2059.7
/Users/davidobrien/Developer/AI-Training/video-audit/ai-is-different-build-2026-09-29-v12/preview/structured/kb4-to-Normal Input and Output-out.jpg  frame=245 cx=886.0 cy=687.5 w=2059.7
/Users/davidobrien/Developer/AI-Training/video-audit/ai-is-different-build-2026-09-29-v12/preview/structured/kb5-hold-Normal Input and Output-in.jpg  frame=246 cx=886.0 cy=687.5 w=2059.7
/Users/davidobrien/Developer/AI-Training/video-audit/ai-is-different-build-2026-09-29-v12/preview/structured/kb5-hold-Normal Input and Output-out.jpg  frame=379 cx=886.0 cy=687.5 w=2059.7
/Users/davidobrien/Developer/AI-Training/video-audit/ai-is-different-build-2026-09-29-v12/preview/structured/kb6-to-AI Software-in.jpg  frame=380 cx=886.0 cy=687.5 w=2059.7
/Users/davidobrien/Developer/AI-Training/video-audit/ai-is-different-build-2026-09-29-v12/preview/structured/kb6-to-AI Software-out.jpg  frame=403 cx=1662.5 cy=687.5 w=2059.7
/Users/davidobrien/Developer/AI-Training/video-audit/ai-is-different-build-2026-09-29-v12/preview/structured/kb7-hold-AI Software-in.jpg  frame=404 cx=1662.5 cy=687.5 w=2059.7
/Users/davidobrien/Developer/AI-Training/video-audit/ai-is-different-build-2026-09-29-v12/preview/structured/kb7-hold-AI Software-out.jpg  frame=443 cx=1662.5 cy=687.5 w=2059.7
/Users/davidobrien/Developer/AI-Training/video-audit/ai-is-different-build-2026-09-29-v12/preview/structured/kb8-to-AI Input and Output-in.jpg  frame=444 cx=1662.5 cy=687.5 w=2059.7
/Users/davidobrien/Developer/AI-Training/video-audit/ai-is-different-build-2026-09-29-v12/preview/structured/kb8-to-AI Input and Output-out.jpg  frame=467 cx=1662.5 cy=687.5 w=2059.7
/Users/davidobrien/Developer/AI-Training/video-audit/ai-is-different-build-2026-09-29-v12/preview/structured/kb9-hold-AI Input and Output-in.jpg  frame=468 cx=1662.5 cy=687.5 w=2059.7
/Users/davidobrien/Developer/AI-Training/video-audit/ai-is-different-build-2026-09-29-v12/preview/structured/kb9-hold-AI Input and Output-out.jpg  frame=653 cx=1662.5 cy=687.5 w=2059.7
/Users/davidobrien/Developer/AI-Training/video-audit/ai-is-different-build-2026-09-29-v12/preview/structured/kb10-to-Available inputs and outputs depend on the app-in.jpg  frame=654 cx=1662.5 cy=687.5 w=2059.7
/Users/davidobrien/Developer/AI-Training/video-audit/ai-is-different-build-2026-09-29-v12/preview/structured/kb10-to-Available inputs and outputs depend on the app-out.jpg  frame=677 cx=1662.5 cy=687.5 w=2059.7
/Users/davidobrien/Developer/AI-Training/video-audit/ai-is-different-build-2026-09-29-v12/preview/structured/kb11-hold-Available inputs and outputs depend on the app-in.jpg  frame=678 cx=1662.5 cy=687.5 w=2059.7
/Users/davidobrien/Developer/AI-Training/video-audit/ai-is-different-build-2026-09-29-v12/preview/structured/kb11-hold-Available inputs and outputs depend on the app-out.jpg  frame=852 cx=1662.5 cy=687.5 w=2059.7
/Users/davidobrien/Developer/AI-Training/video-audit/ai-is-different-build-2026-09-29-v12/preview/structured/kb12-pull-back-in.jpg  frame=853 cx=1662.5 cy=687.5 w=2059.7
/Users/davidobrien/Developer/AI-Training/video-audit/ai-is-different-build-2026-09-29-v12/preview/structured/kb12-pull-back-out.jpg  frame=882 cx=1275.0 cy=718.0 w=2550.0
/Users/davidobrien/Developer/AI-Training/video-audit/ai-is-different-build-2026-09-29-v12/preview/structured/kb13-full-hold-in.jpg  frame=883 cx=1275.0 cy=718.0 w=2550.0
/Users/davidobrien/Developer/AI-Training/video-audit/ai-is-different-build-2026-09-29-v12/preview/structured/kb13-full-hold-out.jpg  frame=1218 cx=1275.0 cy=718.0 w=2550.0
# 13 beats, 1219 frames, 40.633s, 6 rings
/Users/davidobrien/Developer/AI-Training/video-audit/ai-is-different-build-2026-09-29-v12/leg-structured.mkv: 1219 frames, 40.633s
/Users/davidobrien/Developer/AI-Training/video-audit/ai-is-different-build-2026-09-29-v12/preview/kryp/kb1-full-view-in.jpg  frame=0 cx=800.0 cy=450.0 w=1600.0
/Users/davidobrien/Developer/AI-Training/video-audit/ai-is-different-build-2026-09-29-v12/preview/kryp/kb1-full-view-out.jpg  frame=858 cx=800.0 cy=450.0 w=1572.0
# 1 beats, 859 frames, 28.633s, 3 rings
/Users/davidobrien/Developer/AI-Training/video-audit/ai-is-different-build-2026-09-29-v12/leg-kryp.mkv: 859 frames, 28.633s
/Users/davidobrien/Developer/AI-Training/video-audit/ai-is-different-build-2026-09-29-v12/preview/deepfake_insert/kb1-full-view-in.jpg  frame=0 cx=904.0 cy=509.0 w=1808.0
/Users/davidobrien/Developer/AI-Training/video-audit/ai-is-different-build-2026-09-29-v12/preview/deepfake_insert/kb1-full-view-out.jpg  frame=119 cx=904.0 cy=509.0 w=1808.0
# 1 beats, 120 frames, 4.000s, 0 rings
/Users/davidobrien/Developer/AI-Training/video-audit/ai-is-different-build-2026-09-29-v12/leg-deepfake_insert.mkv: 120 frames, 4.000s
Prepared 8567 285.57s {'rules': (693, 1241), 'learn': (1505, 2392), 'rvp': (3166, 4044), 'structured': (5038, 6257), 'kryp': (6735, 7594), 'deepfake_insert': (7167, 7287)}
