{
  "pass": true,
  "boundaries": 37,
  "failed": 0,
  "review": "/Users/davidobrien/Developer/AI-Training/video-audit/ai-is-different-build-2026-09-29-v12/guard"
}
{
  "decoded_frames": 8567,
  "duration": 285.56666666666666,
  "fps": 30.0,
  "dimensions": [
    1280,
    720
  ],
  "audio_samples_planned": 13707200,
  "protected_files_unchanged": {
    "/Users/davidobrien/Developer/AI-Training/Prompts/ai-is-different-1.mp4": true,
    "/Users/davidobrien/Developer/AI-Training/course-assets/ai-is-different/ai-is-different.mp4": true,
    "/Users/davidobrien/Developer/AI-Training/lessons/ai-is-different.md": true,
    "/Users/davidobrien/Developer/AI-Training/Prompts/ai-is-different-2.mp4": true,
    "/Users/davidobrien/Developer/AI-Training/Prompts/ai-is-different-3.mp4": true,
    "/Users/davidobrien/Developer/AI-Training/video-audit/ai-is-different-build-2026-09-29-v12/donor-v9.mp4": true,
    "/Users/davidobrien/Developer/AI-Training/scripts/video/assets/ai-is-different-deepfake/student-fabricated-video.png": true,
    "/Users/davidobrien/Developer/AI-Training/course-assets/ai-is-different/ai-is-different-rules.jpg": true,
    "/Users/davidobrien/Developer/AI-Training/course-assets/ai-is-different/ai-is-different-learn-once.jpg": true,
    "/Users/davidobrien/Developer/AI-Training/course-assets/ai-is-different/ai-is-different-rules-vs-patterns.jpg": true,
    "/Users/davidobrien/Developer/AI-Training/course-assets/ai-is-different/ai-is-different-structured.jpg": true,
    "/Users/davidobrien/Developer/AI-Training/course-assets/ai-is-different/ai-is-different-weak-spots.jpg": true
  },
  "encoded_frames": 229,
  "listening": "Not performed; audible review required"
}
