
# 48 ring samples in 27 runs; stroke histogram (rounded px): 2 px: 10, 3 px: 16, 4 px: 21, 5 px: 1
# runs (start, end, color, median stroke, min-max, samples)
 0:28.00 -  0:28.00  violet    4.0   4.0- 4.0    1
 0:30.00 -  0:30.00  blue      4.0   4.0- 4.0    1
 0:32.00 -  0:32.00  green     5.0   5.0- 5.0    1
 0:34.00 -  0:36.00  red       4.0   4.0- 4.0    2
 0:38.00 -  0:40.00  violet    4.0   4.0- 4.0    2
 0:56.00 -  0:58.00  purple    2.0   2.0- 2.0    2
 1:00.00 -  1:02.00  purple    3.0   3.0- 3.0    2
 1:06.00 -  1:06.00  amber     4.0   4.0- 4.0    1
 1:08.00 -  1:12.00  amber     3.0   3.0- 3.0    3
 1:14.00 -  1:16.00  amber     3.0   3.0- 3.0    2
 1:18.00 -  1:18.00  violet    4.0   4.0- 4.0    1
 1:48.00 -  1:48.00  purple    3.0   3.0- 3.0    1
 1:50.00 -  1:50.00  blue      4.0   4.0- 4.0    1
 1:52.00 -  1:54.00  blue      3.0   3.0- 3.0    2
 1:56.00 -  1:56.00  blue      2.0   2.0- 2.0    1
 1:58.00 -  1:58.00  purple    3.0   3.0- 3.0    1
 2:00.00 -  2:04.00  purple    4.0   4.0- 4.0    3
 2:06.00 -  2:06.00  purple    4.0   4.0- 4.0    1
 2:08.00 -  2:08.00  purple    4.0   4.0- 4.0    1
 2:52.00 -  2:54.00  blue      4.0   4.0- 4.0    2
 2:56.00 -  3:00.00  blue      3.0   3.0- 3.0    3
 3:02.00 -  3:02.00  purple    4.0   4.0- 4.0    1
 3:26.00 -  3:28.00  violet    3.0   3.0- 3.0    2
 3:48.00 -  3:54.00  blue      2.0   2.0- 2.0    4
 3:56.00 -  3:58.00  purple    4.0   4.0- 4.0    2
 4:04.00 -  4:04.00  purple    2.0   2.0- 2.0    1
 4:06.00 -  4:12.00  teal      3.2   2.0- 4.0    4
