
# 237 ring samples in 108 runs; stroke histogram (rounded px): 2 px: 110, 3 px: 8, 4 px: 6, 6 px: 101, 7 px: 10, 8 px: 1, 9 px: 1
# runs (start, end, color, median stroke, min-max, samples)
 0:07.50 -  0:13.50  gold      2.0   2.0- 2.0   13
 0:29.00 -  0:31.00  violet    6.0   6.0- 6.0    5
 0:31.50 -  0:31.50  purple    7.0   7.0- 7.0    1
 0:32.00 -  0:32.00  purple    6.0   6.0- 6.0    1
 0:32.50 -  0:35.50  purple    6.5   6.5- 6.5    7
 0:36.00 -  0:36.00  blue      6.0   6.0- 6.0    1
 0:36.50 -  0:36.50  blue      6.2   6.2- 6.2    1
 0:37.00 -  0:40.00  blue      6.0   6.0- 6.0    7
 0:41.00 -  0:41.00  teal      7.0   7.0- 7.0    1
 0:41.50 -  0:44.50  teal      7.0   7.0- 7.0    7
 0:45.00 -  0:45.00  amber     6.0   6.0- 6.0    1
 0:45.50 -  0:45.50  gold      8.5   8.5- 8.5    1
 0:45.50 -  0:45.50  gold      9.0   9.0- 9.0    1
 0:46.00 -  0:46.00  gold      7.0   7.0- 7.0    1
 0:57.50 -  0:57.50  gold      2.5   2.5- 2.5    1
 0:58.00 -  0:58.00  gold      2.5   2.5- 2.5    1
 0:58.00 -  0:58.00  gold      2.0   2.0- 2.0    1
 1:08.00 -  1:11.00  purple    6.5   6.5- 6.5    7
 1:11.50 -  1:17.00  purple    6.0   6.0- 6.0   12
 1:17.50 -  1:21.00  purple    6.0   6.0- 6.0    8
 1:25.50 -  1:26.50  gold      2.0   2.0- 2.0    3
 1:27.00 -  1:27.00  gold      2.0   2.0- 2.0    1
 1:27.00 -  1:27.00  gold      2.0   2.0- 2.0    1
 1:27.00 -  1:27.00  gold      2.0   2.0- 2.0    1
 1:27.50 -  1:27.50  gold      2.0   2.0- 2.0    1
 1:27.50 -  1:27.50  gold      2.0   2.0- 2.0    1
 1:27.50 -  1:27.50  gold      2.0   2.0- 2.0    1
 1:28.00 -  1:28.00  gold      2.0   2.0- 2.0    1
 1:28.00 -  1:28.00  gold      2.0   2.0- 2.0    1
 1:28.00 -  1:28.00  gold      2.0   2.0- 2.0    1
 1:28.50 -  1:28.50  gold      2.0   2.0- 2.0    1
 1:28.50 -  1:28.50  gold      2.0   2.0- 2.0    1
 1:28.50 -  1:28.50  gold      2.0   2.0- 2.0    1
 1:29.00 -  1:29.00  gold      2.0   2.0- 2.0    1
 1:29.00 -  1:29.00  gold      2.0   2.0- 2.0    1
 1:29.00 -  1:29.00  gold      2.0   2.0- 2.0    1
 1:29.00 -  1:29.00  gold      2.0   2.0- 2.0    1
 1:31.50 -  1:31.50  gold      2.0   2.0- 2.0    1
 1:32.50 -  1:34.00  blue      6.0   6.0- 6.0    4
 1:34.50 -  1:35.00  blue      6.0   6.0- 6.0    2
 1:35.50 -  1:45.00  blue      6.0   6.0- 6.0   20
 1:45.50 -  1:49.50  blue      6.0   6.0- 6.0    9
 1:52.50 -  1:54.00  gold      2.0   2.0- 2.0    4
 2:28.50 -  2:28.50  gold      3.0   3.0- 3.0    1
 2:28.50 -  2:28.50  gold      2.0   2.0- 2.0    1
 2:28.50 -  2:28.50  gold      3.0   3.0- 3.0    1
 2:29.00 -  2:29.00  gold      3.0   3.0- 3.0    1
 2:29.00 -  2:29.00  gold      2.0   2.0- 2.0    1
 2:29.00 -  2:29.00  gold      3.0   3.0- 3.0    1
 2:38.50 -  2:43.00  gold      2.0   2.0- 2.0   13
 2:43.00 -  2:43.00  gold      2.0   2.0- 2.0    1
 2:43.50 -  2:43.50  gold      2.0   2.0- 2.0    1
 2:43.50 -  2:43.50  gold      2.0   2.0- 2.0    1
 2:44.00 -  2:44.00  gold      2.0   2.0- 2.0    1
 2:44.00 -  2:44.00  gold      2.0   2.0- 2.0    1
 2:44.50 -  2:44.50  gold      2.0   2.0- 2.0    1
 2:44.50 -  2:44.50  gold      2.0   2.0- 2.0    1
 2:45.00 -  2:45.00  gold      2.0   2.0- 2.0    1
 2:45.00 -  2:45.00  gold      2.0   2.0- 2.0    1
 2:45.50 -  2:45.50  gold      2.0   2.0- 2.0    1
 2:45.50 -  2:45.50  gold      2.0   2.0- 2.0    1
 2:46.00 -  2:46.00  gold      2.0   2.0- 2.0    1
 2:46.00 -  2:46.00  gold      2.0   2.0- 2.0    1
 2:46.50 -  2:46.50  gold      2.0   2.0- 2.0    1
 2:46.50 -  2:46.50  gold      2.0   2.0- 2.0    1
 2:47.00 -  2:47.00  gold      2.0   2.0- 2.0    1
 2:47.00 -  2:47.00  gold      2.0   2.0- 2.0    1
 2:47.50 -  2:47.50  gold      2.0   2.0- 2.0    1
 2:47.50 -  2:47.50  gold      2.0   2.0- 2.0    1
 2:47.50 -  2:47.50  gold      2.0   2.0- 2.0    1
 2:48.00 -  2:48.00  gold      2.0   2.0- 2.0    1
 2:48.00 -  2:48.00  gold      2.0   2.0- 2.0    1
 2:48.00 -  2:48.00  gold      2.0   2.0- 2.0    1
 2:48.00 -  2:48.00  gold      2.0   2.0- 2.0    1
 2:48.00 -  2:48.00  gold      2.0   2.0- 2.0    1
 2:48.50 -  2:48.50  gold      3.0   3.0- 3.0    1
 2:48.50 -  2:48.50  gold      2.0   2.0- 2.0    1
 2:48.50 -  2:48.50  gold      2.0   2.0- 2.0    1
 2:48.50 -  2:48.50  gold      2.0   2.0- 2.0    1
 2:48.50 -  2:48.50  gold      2.0   2.0- 2.0    1
 2:52.00 -  2:59.50  amber     6.0   6.0- 6.0   16
 3:14.50 -  3:15.00  gold      2.0   2.0- 2.0    2
 3:15.50 -  3:15.50  gold      2.0   2.0- 2.0    1
 3:15.50 -  3:15.50  gold      2.0   2.0- 2.0    1
 3:16.00 -  3:16.00  gold      2.0   2.0- 2.0    1
 3:16.00 -  3:16.00  gold      2.0   2.0- 2.0    1
 3:16.50 -  3:16.50  gold      2.0   2.0- 2.0    1
 3:16.50 -  3:16.50  gold      2.0   2.0- 2.0    1
 3:17.00 -  3:17.00  gold      2.0   2.0- 2.0    1
 3:17.00 -  3:17.00  gold      2.0   2.0- 2.0    1
 3:17.50 -  3:17.50  gold      2.0   2.0- 2.0    1
 3:17.50 -  3:17.50  gold      2.0   2.0- 2.0    1
 3:18.00 -  3:18.00  gold      2.0   2.0- 2.0    1
 3:18.00 -  3:18.00  gold      2.0   2.0- 2.0    1
 3:18.50 -  3:18.50  gold      2.0   2.0- 2.0    1
 3:18.50 -  3:18.50  gold      2.0   2.0- 2.0    1
 3:19.00 -  3:19.00  gold      2.0   2.0- 2.0    1
 3:19.00 -  3:19.00  gold      2.0   2.0- 2.0    1
 3:19.50 -  3:19.50  gold      2.0   2.0- 2.0    1
 3:19.50 -  3:19.50  gold      2.0   2.0- 2.0    1
 3:20.00 -  3:20.00  gold      2.0   2.0- 2.0    1
 3:20.00 -  3:20.00  gold      2.0   2.0- 2.0    1
 3:20.50 -  3:20.50  gold      2.0   2.0- 2.0    1
 3:20.50 -  3:20.50  gold      2.0   2.0- 2.0    1
 3:26.50 -  3:26.50  gold      2.0   2.0- 2.0    1
 3:39.50 -  3:41.50  gold      3.0   2.5- 3.5    5
 3:42.00 -  3:42.00  gold      3.0   3.0- 3.0    1
 3:43.00 -  3:44.50  gold      3.5   3.5- 3.5    4
