Input #0, mov,mp4,m4a,3gp,3g2,mj2, from 'videos/training-v2.mp4':
  Metadata:
    major_brand     : isom
    minor_version   : 512
    compatible_brands: isomiso2avc1mp41
    encoder         : Lavf61.7.100
  Duration: 00:04:34.97, start: 0.000000, bitrate: 606 kb/s
  Stream #0:0[0x1](und): Video: h264 (High) (avc1 / 0x31637661), yuv420p(progressive), 1280x720, 399 kb/s, 30 fps, 30 tbr, 15360 tbn (default)
      Metadata:
        handler_name    : VideoHandler
        vendor_id       : [0][0][0][0]
        encoder         : Lavc61.19.100 libx264
  Stream #0:1[0x2](und): Audio: aac (LC) (mp4a / 0x6134706D), 48000 Hz, mono, fltp, 198 kb/s (default)
      Metadata:
        handler_name    : SoundHandler
        vendor_id       : [0][0][0][0]
Stream mapping:
  Stream #0:0 -> #0:0 (h264 (native) -> wrapped_avframe (native))
  Stream #0:1 -> #0:1 (aac (native) -> pcm_s16le (native))
Press [q] to stop, [?] for help
Output #0, null, to 'pipe:':
  Metadata:
    major_brand     : isom
    minor_version   : 512
    compatible_brands: isomiso2avc1mp41
    encoder         : Lavf61.7.100
  Stream #0:0(und): Video: wrapped_avframe, yuv420p(progressive), 1280x720, q=2-31, 200 kb/s, 30 fps, 30 tbn (default)
      Metadata:
        handler_name    : VideoHandler
        vendor_id       : [0][0][0][0]
        encoder         : Lavc61.19.100 wrapped_avframe
  Stream #0:1(und): Audio: pcm_s16le, 48000 Hz, mono, s16, 768 kb/s (default)
      Metadata:
        handler_name    : SoundHandler
        vendor_id       : [0][0][0][0]
        encoder         : Lavc61.19.100 pcm_s16le
[silencedetect @ 0x122005700] silence_start: 35.812854
[silencedetect @ 0x122005700] silence_end: 37.174917 | silence_duration: 1.362062
frame= 1596 fps=0.0 q=-0.0 size=N/A time=00:00:53.20 bitrate=N/A speed= 105x    
[silencedetect @ 0x122005700] silence_start: 54.913854
[silencedetect @ 0x122005700] silence_end: 56.487875 | silence_duration: 1.574021
[silencedetect @ 0x122005700] silence_start: 84.681604
[silencedetect @ 0x122005700] silence_end: 85.789354 | silence_duration: 1.10775
[silencedetect @ 0x122005700] silence_start: 98.165
[silencedetect @ 0x122005700] silence_end: 99.546958 | silence_duration: 1.381958
[silencedetect @ 0x122005700] silence_start: 141.0005
[silencedetect @ 0x122005700] silence_end: 142.242312 | silence_duration: 1.241812
frame= 5376 fps=5323 q=-0.0 size=N/A time=00:02:59.20 bitrate=N/A speed= 177x    
[silencedetect @ 0x122005700] silence_start: 182.339042
[silencedetect @ 0x122005700] silence_end: 183.567875 | silence_duration: 1.228833
[silencedetect @ 0x122005700] silence_start: 234.145187
[silencedetect @ 0x122005700] silence_end: 235.389771 | silence_duration: 1.244583
[silencedetect @ 0x122005700] silence_start: 242.882292
[silencedetect @ 0x122005700] silence_end: 244.284667 | silence_duration: 1.402375
frame= 7890 fps=5208 q=-0.0 size=N/A time=00:04:23.03 bitrate=N/A speed= 174x    
[silencedetect @ 0x122005700] silence_start: 265.725208
[silencedetect @ 0x122005700] silence_end: 267.022729 | silence_duration: 1.297521
[silencedetect @ 0x122005700] silence_start: 272.640229
[silencedetect @ 0x122005700] silence_end: 274.986667 | silence_duration: 2.346437
[out#0/null @ 0x122113310] video:3544KiB audio:25780KiB subtitle:0KiB other streams:0KiB global headers:0KiB muxing overhead: unknown
frame= 8249 fps=5220 q=-0.0 Lsize=N/A time=00:04:34.96 bitrate=N/A speed= 174x    
