Input #0, mov,mp4,m4a,3gp,3g2,mj2, from '/Users/davidobrien/Developer/AI-Training/Prompts/layers-v2.mp4':
  Metadata:
    major_brand     : isom
    minor_version   : 512
    compatible_brands: isomiso2avc1mp41
    encoder         : Lavf61.7.100
  Duration: 00:03:14.70, start: 0.000000, bitrate: 400 kb/s
  Stream #0:0[0x1](und): Video: h264 (High) (avc1 / 0x31637661), yuv420p(progressive), 1280x720, 196 kb/s, 30 fps, 30 tbr, 15360 tbn (default)
      Metadata:
        handler_name    : VideoHandler
        vendor_id       : [0][0][0][0]
        encoder         : Lavc61.19.100 libx264
  Stream #0:1[0x2](und): Audio: aac (LC) (mp4a / 0x6134706D), 48000 Hz, mono, fltp, 194 kb/s (default)
      Metadata:
        handler_name    : SoundHandler
        vendor_id       : [0][0][0][0]
Stream mapping:
  Stream #0:1 -> #0:0 (aac (native) -> pcm_s16le (native))
Press [q] to stop, [?] for help
Output #0, null, to 'pipe:':
  Metadata:
    major_brand     : isom
    minor_version   : 512
    compatible_brands: isomiso2avc1mp41
    encoder         : Lavf61.7.100
  Stream #0:0(und): Audio: pcm_s16le, 48000 Hz, mono, s16, 768 kb/s (default)
      Metadata:
        handler_name    : SoundHandler
        vendor_id       : [0][0][0][0]
        encoder         : Lavc61.19.100 pcm_s16le
[silencedetect @ 0x151804ad0] silence_start: 6.322354
[silencedetect @ 0x151804ad0] silence_end: 7.084812 | silence_duration: 0.762458
[silencedetect @ 0x151804ad0] silence_start: 9.340167
[silencedetect @ 0x151804ad0] silence_end: 10.108667 | silence_duration: 0.7685
[silencedetect @ 0x151804ad0] silence_start: 44.995062
[silencedetect @ 0x151804ad0] silence_end: 45.428562 | silence_duration: 0.4335
[silencedetect @ 0x151804ad0] silence_start: 50.26425
[silencedetect @ 0x151804ad0] silence_end: 50.817229 | silence_duration: 0.552979
[silencedetect @ 0x151804ad0] silence_start: 60.297625
[silencedetect @ 0x151804ad0] silence_end: 60.701333 | silence_duration: 0.403708
[silencedetect @ 0x151804ad0] silence_start: 63.783521
[silencedetect @ 0x151804ad0] silence_end: 64.191063 | silence_duration: 0.407542
[silencedetect @ 0x151804ad0] silence_start: 74.98075
[silencedetect @ 0x151804ad0] silence_end: 75.410333 | silence_duration: 0.429583
[silencedetect @ 0x151804ad0] silence_start: 94.997042
[silencedetect @ 0x151804ad0] silence_end: 95.414 | silence_duration: 0.416958
[silencedetect @ 0x151804ad0] silence_start: 102.156958
[silencedetect @ 0x151804ad0] silence_end: 102.578375 | silence_duration: 0.421417
[silencedetect @ 0x151804ad0] silence_start: 107.8745
[silencedetect @ 0x151804ad0] silence_end: 108.31225 | silence_duration: 0.43775
[silencedetect @ 0x151804ad0] silence_start: 122.711687
[silencedetect @ 0x151804ad0] silence_end: 123.137625 | silence_duration: 0.425937
[silencedetect @ 0x151804ad0] silence_start: 130.0645
[silencedetect @ 0x151804ad0] silence_end: 130.486521 | silence_duration: 0.422021
[silencedetect @ 0x151804ad0] silence_start: 139.76725
[silencedetect @ 0x151804ad0] silence_end: 140.230687 | silence_duration: 0.463438
[silencedetect @ 0x151804ad0] silence_start: 147.962792
[silencedetect @ 0x151804ad0] silence_end: 148.395833 | silence_duration: 0.433042
[silencedetect @ 0x151804ad0] silence_start: 157.918021
[silencedetect @ 0x151804ad0] silence_end: 158.445479 | silence_duration: 0.527458
[silencedetect @ 0x151804ad0] silence_start: 186.501896
[silencedetect @ 0x151804ad0] silence_end: 187.309104 | silence_duration: 0.807208
[silencedetect @ 0x151804ad0] silence_start: 190.541083
[silencedetect @ 0x151804ad0] silence_end: 194.709333 | silence_duration: 4.16825
[out#0/null @ 0x150e159f0] video:0KiB audio:18254KiB subtitle:0KiB other streams:0KiB global headers:0KiB muxing overhead: unknown
size=N/A time=00:03:14.70 bitrate=N/A speed=2.2e+03x    
