
# 346 ring samples in 30 runs; stroke histogram (rounded px): 4 px: 15, 6 px: 215, 7 px: 116
# runs (start, end, color, median stroke, min-max, samples)
 0:49.50 -  0:55.50  blue      6.0   6.0- 6.0   13
 0:56.00 -  1:06.00  teal      7.0   7.0- 7.0   21
 1:06.50 -  1:20.50  amber     6.5   6.0- 7.0   29
 1:21.00 -  1:28.50  violet    6.0   6.0- 6.0   16
 1:35.50 -  1:47.50  blue      6.0   6.0- 6.0   25
 1:48.00 -  1:59.00  teal      7.0   7.0- 7.0   23
 1:59.50 -  2:09.00  amber     6.0   6.0- 6.2   20
 2:09.50 -  2:11.00  violet    6.0   6.0- 6.0    4
 2:19.00 -  2:19.00  purple    6.0   6.0- 6.0    1
 2:19.50 -  2:19.50  purple    6.0   6.0- 6.0    1
 2:20.00 -  2:24.50  purple    6.0   6.0- 6.0   10
 2:25.00 -  2:25.00  blue      6.0   6.0- 6.0    1
 2:25.50 -  2:32.00  blue      6.0   6.0- 6.0   14
 2:32.50 -  2:32.50  teal      7.0   7.0- 7.0    1
 2:33.00 -  2:42.50  teal      7.0   7.0- 7.0   20
 2:43.00 -  2:43.00  green     7.0   7.0- 7.0    1
 2:43.50 -  2:49.50  green     7.0   7.0- 7.0   13
 2:50.00 -  2:57.00  amber     6.0   6.0- 6.5   15
 2:57.50 -  2:57.50  violet    6.0   6.0- 6.0    1
 2:58.00 -  3:01.00  violet    6.0   6.0- 6.0    7
 3:08.00 -  3:15.50  green     7.0   7.0- 7.0   16
 3:16.00 -  3:26.50  blue      6.0   6.0- 6.0   22
 3:27.00 -  3:32.00  red       6.0   6.0- 6.0   11
 3:32.50 -  3:38.00  violet    6.0   6.0- 6.0   12
 3:41.50 -  3:41.50  blue      4.0   4.0- 4.0    1
 3:42.00 -  3:44.50  blue      6.0   6.0- 6.0    6
 3:45.00 -  3:51.50  teal      7.0   7.0- 7.0   14
 3:52.00 -  3:58.50  red       6.0   6.0- 6.0   14
 3:59.00 -  3:59.00  red       4.0   4.0- 4.0    1
 3:59.50 -  4:05.50  violet    4.0   4.0- 4.0   13
