
# 60 ring samples in 27 runs; stroke histogram (rounded px): 3 px: 2, 4 px: 4, 5 px: 2, 6 px: 26, 7 px: 17, 11 px: 1, 12 px: 5, 13 px: 2, 15 px: 1
# runs (start, end, color, median stroke, min-max, samples)
 0:36.00 -  0:40.00  purple    4.0   4.0- 4.0    2
 0:44.00 -  0:48.00  blue      4.0   4.0- 4.0    2
 0:52.00 -  0:56.00  teal      5.0   5.0- 5.0    2
 1:04.00 -  1:04.00  purple   12.0  11.0-13.0    2
 1:08.00 -  1:08.00  purple    7.0   7.0- 7.0    1
 1:08.00 -  1:08.00  purple    2.8   2.8- 2.8    1
 1:08.00 -  1:08.00  purple   12.2  12.2-12.2    1
 1:12.00 -  1:12.00  purple    7.0   7.0- 7.0    1
 1:12.00 -  1:12.00  purple   12.4  12.0-12.8    2
 1:16.00 -  1:20.00  blue      6.2   6.0- 6.5    2
 1:16.00 -  1:16.00  purple   15.2  15.2-15.2    1
 1:16.00 -  1:16.00  purple   11.5  11.5-11.5    1
 1:20.00 -  1:20.00  purple    3.0   3.0- 3.0    1
 1:20.00 -  1:20.00  purple   12.0  11.5-12.5    2
 1:36.00 -  1:36.00  violet    6.0   6.0- 6.0    1
 1:40.00 -  1:40.00  purple    6.0   6.0- 6.0    1
 1:44.00 -  1:44.00  blue      6.0   6.0- 6.0    1
 1:48.00 -  1:48.00  green     7.0   7.0- 7.0    1
 1:56.00 -  2:16.00  purple    6.5   6.0- 6.5    6
 2:20.00 -  2:24.00  purple    6.5   6.5- 6.5    2
 2:28.00 -  2:36.00  purple    6.5   6.5- 7.0    3
 2:44.00 -  3:00.00  blue      6.0   6.0- 6.0    5
 3:04.00 -  3:12.00  blue      6.0   6.0- 6.0    3
 3:16.00 -  3:24.00  blue      6.0   6.0- 6.0    3
 3:28.00 -  3:44.00  green     7.0   7.0- 7.0    5
 3:48.00 -  4:04.00  green     7.0   7.0- 7.0    5
 4:08.00 -  4:16.00  green     7.0   7.0- 7.0    3
