Input #0, mov,mp4,m4a,3gp,3g2,mj2, from '/Users/davidobrien/Developer/AI-Training/videos/layers-v4.mp4':
  Metadata:
    major_brand     : isom
    minor_version   : 512
    compatible_brands: isomiso2avc1mp41
    encoder         : Lavf61.7.100
  Duration: 00:02:38.90, start: 0.000000, bitrate: 1015 kb/s
  Stream #0:0[0x1](und): Video: h264 (High) (avc1 / 0x31637661), yuv420p(progressive), 1280x720, 805 kb/s, 30 fps, 30 tbr, 15360 tbn (default)
      Metadata:
        handler_name    : VideoHandler
        vendor_id       : [0][0][0][0]
        encoder         : Lavc61.19.100 libx264
  Stream #0:1[0x2](und): Audio: aac (LC) (mp4a / 0x6134706D), 48000 Hz, mono, fltp, 201 kb/s (default)
      Metadata:
        handler_name    : SoundHandler
        vendor_id       : [0][0][0][0]
Stream mapping:
  Stream #0:1 -> #0:0 (aac (native) -> pcm_s16le (native))
Press [q] to stop, [?] for help
Output #0, null, to 'pipe:':
  Metadata:
    major_brand     : isom
    minor_version   : 512
    compatible_brands: isomiso2avc1mp41
    encoder         : Lavf61.7.100
  Stream #0:0(und): Audio: pcm_s16le, 48000 Hz, mono, s16, 768 kb/s (default)
      Metadata:
        handler_name    : SoundHandler
        vendor_id       : [0][0][0][0]
        encoder         : Lavc61.19.100 pcm_s16le
[silencedetect @ 0x122004cf0] silence_start: 6.426792
[silencedetect @ 0x122004cf0] silence_end: 7.589854 | silence_duration: 1.163062
[silencedetect @ 0x122004cf0] silence_start: 33.662604
[silencedetect @ 0x122004cf0] silence_end: 34.921229 | silence_duration: 1.258625
[silencedetect @ 0x122004cf0] silence_start: 76.569479
[silencedetect @ 0x122004cf0] silence_end: 77.952708 | silence_duration: 1.383229
[silencedetect @ 0x122004cf0] silence_start: 109.270708
[silencedetect @ 0x122004cf0] silence_end: 110.534458 | silence_duration: 1.26375
[silencedetect @ 0x122004cf0] silence_start: 149.208562
[silencedetect @ 0x122004cf0] silence_end: 150.439417 | silence_duration: 1.230854
[silencedetect @ 0x122004cf0] silence_start: 157.639688
[silencedetect @ 0x122004cf0] silence_end: 158.912 | silence_duration: 1.272312
[out#0/null @ 0x120e11040] video:0KiB audio:14898KiB subtitle:0KiB other streams:0KiB global headers:0KiB muxing overhead: unknown
size=N/A time=00:02:38.91 bitrate=N/A speed=1.95e+03x    
