Input #0, mov,mp4,m4a,3gp,3g2,mj2, from '/Users/davidobrien/Developer/AI-Training/videos/vector-space-v2.mp4':
  Metadata:
    major_brand     : isom
    minor_version   : 512
    compatible_brands: isomiso2avc1mp41
    encoder         : Lavf61.7.100
  Duration: 00:03:29.27, start: 0.000000, bitrate: 546 kb/s
  Stream #0:0[0x1](und): Video: h264 (High) (avc1 / 0x31637661), yuv420p(progressive), 1280x720, 336 kb/s, 30 fps, 30 tbr, 15360 tbn (default)
      Metadata:
        handler_name    : VideoHandler
        vendor_id       : [0][0][0][0]
        encoder         : Lavc61.19.100 libx264
  Stream #0:1[0x2](und): Audio: aac (LC) (mp4a / 0x6134706D), 48000 Hz, mono, fltp, 201 kb/s (default)
      Metadata:
        handler_name    : SoundHandler
        vendor_id       : [0][0][0][0]
Stream mapping:
  Stream #0:1 -> #0:0 (aac (native) -> pcm_s16le (native))
Press [q] to stop, [?] for help
Output #0, null, to 'pipe:':
  Metadata:
    major_brand     : isom
    minor_version   : 512
    compatible_brands: isomiso2avc1mp41
    encoder         : Lavf61.7.100
  Stream #0:0(und): Audio: pcm_s16le, 48000 Hz, mono, s16, 768 kb/s (default)
      Metadata:
        handler_name    : SoundHandler
        vendor_id       : [0][0][0][0]
        encoder         : Lavc61.19.100 pcm_s16le
[silencedetect @ 0x134005970] silence_start: 14.097583
[silencedetect @ 0x134005970] silence_end: 14.627187 | silence_duration: 0.529604
[silencedetect @ 0x134005970] silence_start: 18.603312
[silencedetect @ 0x134005970] silence_end: 19.221646 | silence_duration: 0.618333
[silencedetect @ 0x134005970] silence_start: 24.574417
[silencedetect @ 0x134005970] silence_end: 25.493396 | silence_duration: 0.918979
[silencedetect @ 0x134005970] silence_start: 42.059438
[silencedetect @ 0x134005970] silence_end: 43.173542 | silence_duration: 1.114104
[silencedetect @ 0x134005970] silence_start: 66.126771
[silencedetect @ 0x134005970] silence_end: 67.215625 | silence_duration: 1.088854
[silencedetect @ 0x134005970] silence_start: 116.282646
[silencedetect @ 0x134005970] silence_end: 117.4805 | silence_duration: 1.197854
[silencedetect @ 0x134005970] silence_start: 147.322125
[silencedetect @ 0x134005970] silence_end: 147.870292 | silence_duration: 0.548167
[silencedetect @ 0x134005970] silence_start: 155.191417
[silencedetect @ 0x134005970] silence_end: 156.333521 | silence_duration: 1.142104
[silencedetect @ 0x134005970] silence_start: 165.296333
[silencedetect @ 0x134005970] silence_end: 166.300458 | silence_duration: 1.004125
[silencedetect @ 0x134005970] silence_start: 178.158604
[silencedetect @ 0x134005970] silence_end: 178.704312 | silence_duration: 0.545708
[silencedetect @ 0x134005970] silence_start: 200.189896
[silencedetect @ 0x134005970] silence_end: 201.363042 | silence_duration: 1.173146
[silencedetect @ 0x134005970] silence_start: 206.016167
[silencedetect @ 0x134005970] silence_end: 209.28 | silence_duration: 3.263833
[out#0/null @ 0x133617de0] video:0KiB audio:19620KiB subtitle:0KiB other streams:0KiB global headers:0KiB muxing overhead: unknown
size=N/A time=00:03:29.28 bitrate=N/A speed=2.2e+03x    
