Input #0, mov,mp4,m4a,3gp,3g2,mj2, from '/Users/davidobrien/Developer/AI-Training/videos/tokens-v7.mp4':
  Metadata:
    major_brand     : isom
    minor_version   : 512
    compatible_brands: isomiso2avc1mp41
    encoder         : Lavf61.7.100
  Duration: 00:03:37.60, start: 0.000000, bitrate: 1228 kb/s
  Stream #0:0[0x1](und): Video: h264 (High) (avc1 / 0x31637661), yuv420p(progressive), 1280x720, 1021 kb/s, 30 fps, 30 tbr, 15360 tbn (default)
      Metadata:
        handler_name    : VideoHandler
        vendor_id       : [0][0][0][0]
        encoder         : Lavc61.19.100 libx264
  Stream #0:1[0x2](und): Audio: aac (LC) (mp4a / 0x6134706D), 48000 Hz, mono, fltp, 198 kb/s (default)
      Metadata:
        handler_name    : SoundHandler
        vendor_id       : [0][0][0][0]
Stream mapping:
  Stream #0:1 -> #0:0 (aac (native) -> pcm_s16le (native))
Press [q] to stop, [?] for help
Output #0, null, to 'pipe:':
  Metadata:
    major_brand     : isom
    minor_version   : 512
    compatible_brands: isomiso2avc1mp41
    encoder         : Lavf61.7.100
  Stream #0:0(und): Audio: pcm_s16le, 48000 Hz, mono, s16, 768 kb/s (default)
      Metadata:
        handler_name    : SoundHandler
        vendor_id       : [0][0][0][0]
        encoder         : Lavc61.19.100 pcm_s16le
[silencedetect @ 0x1146055d0] silence_start: 11.06725
[silencedetect @ 0x1146055d0] silence_end: 12.241312 | silence_duration: 1.174063
[silencedetect @ 0x1146055d0] silence_start: 39.658938
[silencedetect @ 0x1146055d0] silence_end: 40.789979 | silence_duration: 1.131042
[silencedetect @ 0x1146055d0] silence_start: 83.994958
[silencedetect @ 0x1146055d0] silence_end: 85.305687 | silence_duration: 1.310729
[silencedetect @ 0x1146055d0] silence_start: 120.824875
[silencedetect @ 0x1146055d0] silence_end: 121.994333 | silence_duration: 1.169458
[silencedetect @ 0x1146055d0] silence_start: 132.947229
[silencedetect @ 0x1146055d0] silence_end: 133.48525 | silence_duration: 0.538021
[silencedetect @ 0x1146055d0] silence_start: 140.296833
[silencedetect @ 0x1146055d0] silence_end: 141.067792 | silence_duration: 0.770958
[silencedetect @ 0x1146055d0] silence_start: 166.490562
[silencedetect @ 0x1146055d0] silence_end: 167.652479 | silence_duration: 1.161917
[silencedetect @ 0x1146055d0] silence_start: 190.187167
[silencedetect @ 0x1146055d0] silence_end: 191.514875 | silence_duration: 1.327708
[silencedetect @ 0x1146055d0] silence_start: 209.100521
[silencedetect @ 0x1146055d0] silence_end: 210.366562 | silence_duration: 1.266042
[silencedetect @ 0x1146055d0] silence_start: 214.442021
[silencedetect @ 0x1146055d0] silence_end: 217.6 | silence_duration: 3.157979
[out#0/null @ 0x12460ca90] video:0KiB audio:20400KiB subtitle:0KiB other streams:0KiB global headers:0KiB muxing overhead: unknown
size=N/A time=00:03:37.60 bitrate=N/A speed=2.14e+03x    
