{
  "pass": true,
  "boundaries": 27,
  "failed": 0,
  "review": "/Users/davidobrien/Developer/AI-Training/video-audit/where-ai-works-best-v8-2026-09-29/transitions"
}
{
  "frames": 6987,
  "fps": 30.0,
  "duration": 232.9,
  "audio_unchanged_outside_repair": [
    {
      "span": "before_graft",
      "correlation": 1.0,
      "rms_difference": 0.0
    },
    {
      "span": "after_graft",
      "correlation": 0.9999768304999388,
      "rms_difference": 0.0006580927292816341
    }
  ],
  "donor_audio": {
    "correlation": 0.9999820858268695,
    "rms_difference": 0.0005459760432131588
  },
  "sha256": "32c3113238eda2d98ae818c432ceb2b359ba7227c6f880c3461d32b73194238e",
  "listening": "Not heard; numeric checks do not certify subjective joins."
}
Worst retained visual samples: [{'v8_frame': 2550, 'v7_frame': 2524, 'mean_abs_diff': 1.3402}, {'v8_frame': 5655, 'v7_frame': 5629, 'mean_abs_diff': 0.0789}, {'v8_frame': 5640, 'v7_frame': 5614, 'mean_abs_diff': 0.0788}, {'v8_frame': 5610, 'v7_frame': 5584, 'mean_abs_diff': 0.0787}, {'v8_frame': 5625, 'v7_frame': 5599, 'mean_abs_diff': 0.0784}]
