
# 139 ring samples in 64 runs; stroke histogram (rounded px): 2 px: 2, 4 px: 93, 5 px: 1, 6 px: 12, 8 px: 9, 14 px: 22
# runs (start, end, color, median stroke, min-max, samples)
 0:10.00 -  0:10.00  gold      2.0   2.0- 2.0    1
 0:13.00 -  0:13.00  gold      2.0   2.0- 2.0    1
 0:16.00 -  0:20.00  violet    4.0   4.0- 4.0    5
 0:21.00 -  0:24.00  violet    4.0   4.0- 4.0    4
 0:41.00 -  0:45.00  violet    4.0   4.0- 4.0    5
 0:46.00 -  0:49.00  violet    4.0   4.0- 4.0    4
 1:00.00 -  1:05.00  blue      4.0   4.0- 4.0    6
 1:06.00 -  1:11.00  blue      4.0   4.0- 4.0    6
 1:21.00 -  1:24.00  blue      4.0   4.0- 4.0    4
 1:26.00 -  1:27.00  violet    4.0   4.0- 4.0    2
 1:28.00 -  1:28.00  gold     14.0  14.0-14.0    1
 1:28.00 -  1:28.00  gold      5.5   5.5- 5.5    1
 1:29.00 -  1:29.00  gold     14.0  14.0-14.0    1
 1:29.00 -  1:29.00  gold      5.5   5.5- 5.5    1
 1:30.00 -  1:30.00  gold     14.0  14.0-14.0    1
 1:30.00 -  1:30.00  gold      5.5   5.5- 5.5    1
 1:31.00 -  1:36.00  amber     4.0   4.0- 4.0    6
 1:31.00 -  1:31.00  gold     14.0  14.0-14.0    1
 1:31.00 -  1:31.00  gold      5.5   5.5- 5.5    1
 1:32.00 -  1:32.00  gold     14.0  14.0-14.0    1
 1:32.00 -  1:32.00  gold      5.5   5.5- 5.5    1
 1:33.00 -  1:33.00  gold     14.0  14.0-14.0    1
 1:33.00 -  1:33.00  gold      5.5   5.5- 5.5    1
 1:34.00 -  1:34.00  gold     14.0  14.0-14.0    1
 1:34.00 -  1:34.00  gold      5.5   5.5- 5.5    1
 1:35.00 -  1:35.00  gold     14.0  14.0-14.0    1
 1:35.00 -  1:35.00  gold      5.5   5.5- 5.5    1
 1:36.00 -  1:36.00  gold     13.5  13.5-13.5    1
 1:36.00 -  1:36.00  gold      7.5   7.5- 7.5    1
 1:37.00 -  1:45.00  amber     4.0   4.0- 4.0    9
 1:37.00 -  1:37.00  gold     13.5  13.5-13.5    1
 1:37.00 -  1:37.00  gold      7.5   7.5- 7.5    1
 1:38.00 -  1:38.00  gold     13.5  13.5-13.5    1
 1:38.00 -  1:38.00  gold      7.5   7.5- 7.5    1
 1:39.00 -  1:39.00  gold     13.5  13.5-13.5    1
 1:39.00 -  1:39.00  gold      7.5   7.5- 7.5    1
 1:40.00 -  1:40.00  gold     13.5  13.5-13.5    1
 1:40.00 -  1:40.00  gold      7.5   7.5- 7.5    1
 1:41.00 -  1:41.00  gold     13.5  13.5-13.5    1
 1:41.00 -  1:41.00  gold      7.5   7.5- 7.5    1
 1:42.00 -  1:42.00  gold     13.5  13.5-13.5    1
 1:42.00 -  1:42.00  gold      7.5   7.5- 7.5    1
 1:43.00 -  1:43.00  gold     13.5  13.5-13.5    1
 1:43.00 -  1:43.00  gold      7.5   7.5- 7.5    1
 1:44.00 -  1:44.00  gold     13.5  13.5-13.5    1
 1:44.00 -  1:44.00  gold      7.5   7.5- 7.5    1
 1:45.00 -  1:45.00  gold     13.5  13.5-13.5    1
 1:45.00 -  1:45.00  gold      5.0   5.0- 5.0    1
 1:56.00 -  1:59.00  violet    4.0   4.0- 4.0    4
 1:56.00 -  1:56.00  gold     14.0  14.0-14.0    1
 1:56.00 -  1:56.00  gold      5.5   5.5- 5.5    1
 1:57.00 -  1:57.00  gold     14.0  14.0-14.0    1
 1:57.00 -  1:57.00  gold      5.5   5.5- 5.5    1
 1:58.00 -  1:58.00  gold     14.0  14.0-14.0    1
 1:58.00 -  1:58.00  gold      5.5   5.5- 5.5    1
 1:59.00 -  1:59.00  gold     14.0  14.0-14.0    1
 1:59.00 -  1:59.00  gold      5.5   5.5- 5.5    1
 2:04.00 -  2:10.00  purple    4.0   4.0- 4.0    7
 2:11.00 -  2:17.00  purple    4.0   4.0- 4.0    7
 2:30.00 -  2:32.00  violet    4.0   4.0- 4.0    3
 2:37.00 -  2:43.00  teal      4.0   4.0- 4.0    7
 2:44.00 -  2:51.00  teal      4.0   4.0- 4.0    8
 3:03.00 -  3:06.00  teal      4.0   4.0- 4.0    4
 3:07.00 -  3:08.00  violet    4.0   4.0- 4.0    2
