
# 31 ring samples in 18 runs; stroke histogram (rounded px): 4 px: 11, 5 px: 7, 6 px: 9, 7 px: 4
# runs (start, end, color, median stroke, min-max, samples)
 0:20.00 -  0:20.00  purple    6.0   6.0- 6.0    1
 0:24.00 -  0:24.00  blue      6.0   6.0- 6.0    1
 0:28.00 -  0:28.00  teal      7.0   7.0- 7.0    1
 0:32.00 -  0:32.00  green     7.0   7.0- 7.0    1
 0:36.00 -  0:36.00  green     7.0   7.0- 7.0    1
 0:40.00 -  0:40.00  green     7.0   7.0- 7.0    1
 0:44.00 -  0:48.00  violet    6.0   6.0- 6.0    2
 1:00.00 -  1:04.00  purple    6.0   6.0- 6.0    2
 1:08.00 -  1:12.00  blue      6.0   6.0- 6.0    2
 1:16.00 -  1:20.00  violet    5.5   5.0- 6.0    2
 1:48.00 -  1:52.00  purple    4.0   4.0- 4.0    2
 1:56.00 -  1:56.00  purple    4.0   4.0- 4.0    1
 2:04.00 -  2:12.00  blue      4.0   4.0- 4.0    3
 2:32.00 -  2:36.00  teal      5.0   5.0- 5.0    2
 3:28.00 -  3:36.00  purple    4.0   4.0- 4.0    3
 3:40.00 -  3:44.00  blue      4.0   4.0- 4.0    2
 3:48.00 -  3:52.00  teal      5.0   5.0- 5.0    2
 3:56.00 -  4:00.00  green     5.0   5.0- 5.0    2
