canonical close from /Users/davidobrien/Developer/AI-Training/course-assets/beyond-the-average/beyond-the-average-close.jpg
  pill:   The opportunity to learn is already in front of you.
  sticky: Use it to build the knowledge and skills that take you beyond the new average.
  wrote:  /Users/davidobrien/Developer/AI-Training/video-audit/beyond-the-average-build-2026-09-29-v10/close.png
/Users/davidobrien/Developer/AI-Training/video-audit/beyond-the-average-build-2026-09-29-v10/preview/kb1-establish-in.jpg  frame=0 cx=1368.0 cy=770.0 w=2736.0
/Users/davidobrien/Developer/AI-Training/video-audit/beyond-the-average-build-2026-09-29-v10/preview/kb1-establish-out.jpg  frame=226 cx=1368.0 cy=770.0 w=2736.0
/Users/davidobrien/Developer/AI-Training/video-audit/beyond-the-average-build-2026-09-29-v10/preview/kb2-to-Deep Subject Knowledge-in.jpg  frame=227 cx=1368.0 cy=770.0 w=2736.0
/Users/davidobrien/Developer/AI-Training/video-audit/beyond-the-average-build-2026-09-29-v10/preview/kb2-to-Deep Subject Knowledge-out.jpg  frame=250 cx=979.5 cy=477.5 w=1192.6
/Users/davidobrien/Developer/AI-Training/video-audit/beyond-the-average-build-2026-09-29-v10/preview/kb3-hold-Deep Subject Knowledge-in.jpg  frame=251 cx=979.5 cy=477.5 w=1192.6
/Users/davidobrien/Developer/AI-Training/video-audit/beyond-the-average-build-2026-09-29-v10/preview/kb3-hold-Deep Subject Knowledge-out.jpg  frame=495 cx=979.5 cy=477.5 w=1192.6
/Users/davidobrien/Developer/AI-Training/video-audit/beyond-the-average-build-2026-09-29-v10/preview/kb4-to-Strong Skills-in.jpg  frame=496 cx=979.5 cy=477.5 w=1192.6
/Users/davidobrien/Developer/AI-Training/video-audit/beyond-the-average-build-2026-09-29-v10/preview/kb4-to-Strong Skills-out.jpg  frame=519 cx=1756.0 cy=477.5 w=1192.6
/Users/davidobrien/Developer/AI-Training/video-audit/beyond-the-average-build-2026-09-29-v10/preview/kb5-hold-Strong Skills-in.jpg  frame=520 cx=1756.0 cy=477.5 w=1192.6
/Users/davidobrien/Developer/AI-Training/video-audit/beyond-the-average-build-2026-09-29-v10/preview/kb5-hold-Strong Skills-out.jpg  frame=812 cx=1756.0 cy=477.5 w=1192.6
/Users/davidobrien/Developer/AI-Training/video-audit/beyond-the-average-build-2026-09-29-v10/preview/kb6-to-AI Fluency-in.jpg  frame=813 cx=1756.0 cy=477.5 w=1192.6
/Users/davidobrien/Developer/AI-Training/video-audit/beyond-the-average-build-2026-09-29-v10/preview/kb6-to-AI Fluency-out.jpg  frame=836 cx=980.0 cy=1077.5 w=1192.6
/Users/davidobrien/Developer/AI-Training/video-audit/beyond-the-average-build-2026-09-29-v10/preview/kb7-hold-AI Fluency-in.jpg  frame=837 cx=980.0 cy=1077.5 w=1192.6
/Users/davidobrien/Developer/AI-Training/video-audit/beyond-the-average-build-2026-09-29-v10/preview/kb7-hold-AI Fluency-out.jpg  frame=1107 cx=980.0 cy=1077.5 w=1192.6
/Users/davidobrien/Developer/AI-Training/video-audit/beyond-the-average-build-2026-09-29-v10/preview/kb8-to-People Skills-in.jpg  frame=1108 cx=980.0 cy=1077.5 w=1192.6
/Users/davidobrien/Developer/AI-Training/video-audit/beyond-the-average-build-2026-09-29-v10/preview/kb8-to-People Skills-out.jpg  frame=1131 cx=1756.0 cy=1078.0 w=1192.6
/Users/davidobrien/Developer/AI-Training/video-audit/beyond-the-average-build-2026-09-29-v10/preview/kb9-hold-People Skills-in.jpg  frame=1132 cx=1756.0 cy=1078.0 w=1192.6
/Users/davidobrien/Developer/AI-Training/video-audit/beyond-the-average-build-2026-09-29-v10/preview/kb9-hold-People Skills-out.jpg  frame=1345 cx=1756.0 cy=1078.0 w=1192.6
/Users/davidobrien/Developer/AI-Training/video-audit/beyond-the-average-build-2026-09-29-v10/preview/kb10-pull-back-under-meeting-in.jpg  frame=1346 cx=1756.0 cy=1078.0 w=1192.6
/Users/davidobrien/Developer/AI-Training/video-audit/beyond-the-average-build-2026-09-29-v10/preview/kb10-pull-back-under-meeting-out.jpg  frame=1375 cx=1368.0 cy=770.0 w=2736.0
/Users/davidobrien/Developer/AI-Training/video-audit/beyond-the-average-build-2026-09-29-v10/preview/kb11-full-hold-in.jpg  frame=1376 cx=1368.0 cy=770.0 w=2736.0
/Users/davidobrien/Developer/AI-Training/video-audit/beyond-the-average-build-2026-09-29-v10/preview/kb11-full-hold-out.jpg  frame=1610 cx=1368.0 cy=770.0 w=2736.0
# 11 beats, 1611 frames, 53.700s, 5 rings
/Users/davidobrien/Developer/AI-Training/video-audit/beyond-the-average-build-2026-09-29-v10/leg-future.mkv: 1611 frames, 53.700s
assembled 0/4984
assembled 900/4984
assembled 1800/4984
assembled 2700/4984
assembled 3600/4984
assembled 4500/4984
{
  "pass": true,
  "boundaries": 8,
  "failed": 0,
  "review": "/Users/davidobrien/Developer/AI-Training/video-audit/beyond-the-average-build-2026-09-29-v10/guard"
}
{"candidate": "/Users/davidobrien/Developer/AI-Training/Prompts/beyond-the-average-v10.mp4", "frames": 4984, "audio_identical": true}
