Wrote 6 states / 780 frames to /Users/davidobrien/Developer/AI-Training/video-audit/avoid-traps-opener-repair-2026-09-18/work/plan-creed
/Users/davidobrien/Developer/AI-Training/video-audit/avoid-traps-opener-repair-2026-09-18/work/plan-creed/state-00.mkv: 99 frames, 3.300s
/Users/davidobrien/Developer/AI-Training/video-audit/avoid-traps-opener-repair-2026-09-18/work/plan-creed/state-01.mkv: 72 frames, 2.400s
/Users/davidobrien/Developer/AI-Training/video-audit/avoid-traps-opener-repair-2026-09-18/work/plan-creed/state-02.mkv: 28 frames, 0.933s
/Users/davidobrien/Developer/AI-Training/video-audit/avoid-traps-opener-repair-2026-09-18/work/plan-creed/state-03.mkv: 76 frames, 2.533s
/Users/davidobrien/Developer/AI-Training/video-audit/avoid-traps-opener-repair-2026-09-18/work/plan-creed/state-04.mkv: 253 frames, 8.433s
/Users/davidobrien/Developer/AI-Training/video-audit/avoid-traps-opener-repair-2026-09-18/work/plan-creed/state-05.mkv: 252 frames, 8.400s
Wrote 5 states / 1115 frames to /Users/davidobrien/Developer/AI-Training/video-audit/avoid-traps-opener-repair-2026-09-18/work/opener-avoid-map-video
/Users/davidobrien/Developer/AI-Training/video-audit/avoid-traps-opener-repair-2026-09-18/work/opener-avoid-map-video/state-00.mkv: 119 frames, 3.967s
/Users/davidobrien/Developer/AI-Training/video-audit/avoid-traps-opener-repair-2026-09-18/work/opener-avoid-map-video/state-01.mkv: 325 frames, 10.833s
/Users/davidobrien/Developer/AI-Training/video-audit/avoid-traps-opener-repair-2026-09-18/work/opener-avoid-map-video/state-02.mkv: 220 frames, 7.333s
/Users/davidobrien/Developer/AI-Training/video-audit/avoid-traps-opener-repair-2026-09-18/work/opener-avoid-map-video/state-03.mkv: 233 frames, 7.767s
/Users/davidobrien/Developer/AI-Training/video-audit/avoid-traps-opener-repair-2026-09-18/work/opener-avoid-map-video/state-04.mkv: 218 frames, 7.267s
Wrote 3 states / 335 frames to /Users/davidobrien/Developer/AI-Training/video-audit/avoid-traps-opener-repair-2026-09-18/work/plan-close
/Users/davidobrien/Developer/AI-Training/video-audit/avoid-traps-opener-repair-2026-09-18/work/plan-close/state-00.mkv: 135 frames, 4.500s
/Users/davidobrien/Developer/AI-Training/video-audit/avoid-traps-opener-repair-2026-09-18/work/plan-close/state-01.mkv: 120 frames, 4.000s
/Users/davidobrien/Developer/AI-Training/video-audit/avoid-traps-opener-repair-2026-09-18/work/plan-close/state-02.mkv: 80 frames, 2.667s
Prepared legs [('creed', 1209, 1989), ('map', 3426, 4541), ('close', 4541, 4876)] total 4876
/Users/davidobrien/Developer/AI-Training/Prompts/avoid-traps-opener-v4.mp4
exit 0
