
# 376 ring samples in 118 runs; stroke histogram (rounded px): 4 px: 17, 5 px: 2, 6 px: 202, 7 px: 86, 14 px: 69
# runs (start, end, color, median stroke, min-max, samples)
 1:06.00 -  1:14.50  blue      6.0   6.0- 6.0   18
 1:15.00 -  1:23.50  blue      6.0   6.0- 6.0   18
 1:24.00 -  1:36.00  blue      6.0   6.0- 6.0   25
 1:36.50 -  1:36.50  gold     14.0  14.0-14.0    1
 1:36.50 -  1:36.50  gold      5.5   5.5- 5.5    1
 1:37.00 -  1:37.00  gold     14.0  14.0-14.0    1
 1:37.00 -  1:37.00  gold      5.5   5.5- 5.5    1
 1:37.50 -  1:37.50  gold     14.0  14.0-14.0    1
 1:37.50 -  1:37.50  gold      5.5   5.5- 5.5    1
 1:38.00 -  1:38.00  gold     14.0  14.0-14.0    1
 1:38.00 -  1:38.00  gold      5.5   5.5- 5.5    1
 1:38.50 -  1:38.50  gold     14.0  14.0-14.0    1
 1:38.50 -  1:38.50  gold      5.5   5.5- 5.5    1
 1:39.00 -  1:39.00  gold     14.0  14.0-14.0    1
 1:39.00 -  1:39.00  gold      5.5   5.5- 5.5    1
 1:39.50 -  1:39.50  gold     14.0  14.0-14.0    1
 1:39.50 -  1:39.50  gold      5.5   5.5- 5.5    1
 1:40.00 -  1:40.00  gold     14.0  14.0-14.0    1
 1:40.00 -  1:40.00  gold      5.5   5.5- 5.5    1
 1:40.50 -  1:40.50  gold     14.0  14.0-14.0    1
 1:40.50 -  1:40.50  gold      5.5   5.5- 5.5    1
 1:41.00 -  1:41.00  gold     14.0  14.0-14.0    1
 1:41.00 -  1:41.00  gold      5.5   5.5- 5.5    1
 1:41.50 -  1:41.50  gold     14.0  14.0-14.0    1
 1:41.50 -  1:41.50  gold      5.5   5.5- 5.5    1
 1:42.00 -  1:51.00  amber     7.0   7.0- 7.0   19
 1:42.00 -  1:42.00  gold     14.0  14.0-14.0    1
 1:42.00 -  1:42.00  gold      5.5   5.5- 5.5    1
 1:42.50 -  1:42.50  gold     14.0  14.0-14.0    1
 1:42.50 -  1:42.50  gold      5.5   5.5- 5.5    1
 1:43.00 -  1:43.00  gold     14.0  14.0-14.0    1
 1:43.00 -  1:43.00  gold      5.5   5.5- 5.5    1
 1:43.50 -  1:43.50  gold     14.0  14.0-14.0    1
 1:43.50 -  1:43.50  gold      5.5   5.5- 5.5    1
 1:44.00 -  1:44.00  gold     14.0  14.0-14.0    1
 1:44.00 -  1:44.00  gold      5.5   5.5- 5.5    1
 1:44.50 -  1:44.50  gold     14.0  14.0-14.0    1
 1:44.50 -  1:44.50  gold      5.5   5.5- 5.5    1
 1:45.00 -  1:45.00  gold     14.0  14.0-14.0    1
 1:45.00 -  1:45.00  gold      5.5   5.5- 5.5    1
 1:45.50 -  1:45.50  gold     14.0  14.0-14.0    1
 1:45.50 -  1:45.50  gold      5.5   5.5- 5.5    1
 1:46.00 -  1:46.00  gold     14.0  14.0-14.0    1
 1:46.00 -  1:46.00  gold      5.5   5.5- 5.5    1
 1:46.50 -  1:46.50  gold     14.0  14.0-14.0    1
 1:46.50 -  1:46.50  gold      5.5   5.5- 5.5    1
 1:47.00 -  1:47.00  gold     14.0  14.0-14.0    1
 1:47.00 -  1:47.00  gold      5.5   5.5- 5.5    1
 1:47.50 -  1:47.50  gold     14.0  14.0-14.0    1
 1:47.50 -  1:47.50  gold      5.5   5.5- 5.5    1
 1:48.00 -  1:48.00  gold     14.0  14.0-14.0    1
 1:48.00 -  1:48.00  gold      5.5   5.5- 5.5    1
 1:48.50 -  1:48.50  gold     14.0  14.0-14.0    1
 1:48.50 -  1:48.50  gold      5.5   5.5- 5.5    1
 1:49.00 -  1:49.00  gold     14.0  14.0-14.0    1
 1:49.00 -  1:49.00  gold      5.5   5.5- 5.5    1
 1:49.50 -  1:49.50  gold     14.0  14.0-14.0    1
 1:49.50 -  1:49.50  gold      5.5   5.5- 5.5    1
 1:50.00 -  1:50.00  gold     14.0  14.0-14.0    1
 1:50.00 -  1:50.00  gold      5.5   5.5- 5.5    1
 1:50.50 -  1:50.50  gold     14.0  14.0-14.0    1
 1:50.50 -  1:50.50  gold      5.5   5.5- 5.5    1
 1:51.00 -  1:51.00  gold     14.0  14.0-14.0    1
 1:51.00 -  1:51.00  gold      5.5   5.5- 5.5    1
 1:51.50 -  2:02.50  amber     6.0   6.0- 6.5   23
 1:51.50 -  1:51.50  gold     14.0  14.0-14.0    1
 1:51.50 -  1:51.50  gold      5.5   5.5- 5.5    1
 1:52.00 -  1:52.00  gold     14.0  14.0-14.0    1
 1:52.00 -  1:52.00  gold      5.5   5.5- 5.5    1
 1:52.50 -  1:52.50  gold     14.0  14.0-14.0    1
 1:52.50 -  1:52.50  gold      5.5   5.5- 5.5    1
 1:53.00 -  1:53.00  gold     14.0  14.0-14.0    1
 1:53.00 -  1:53.00  gold      5.5   5.5- 5.5    1
 1:53.50 -  2:01.50  gold     14.0  14.0-14.0   17
 2:01.50 -  2:01.50  gold      4.5   4.5- 4.5    1
 2:02.00 -  2:02.00  gold     14.0  14.0-14.0    1
 2:02.00 -  2:02.00  gold      4.5   4.5- 4.5    1
 2:02.50 -  2:02.50  gold     14.0  14.0-14.0    1
 2:02.50 -  2:02.50  gold      4.5   4.5- 4.5    1
 2:03.00 -  2:10.50  amber     6.0   6.0- 6.0   16
 2:03.00 -  2:03.00  gold     14.0  14.0-14.0    1
 2:03.00 -  2:03.00  gold      4.5   4.5- 4.5    1
 2:03.50 -  2:03.50  gold     14.0  14.0-14.0    1
 2:03.50 -  2:03.50  gold      4.5   4.5- 4.5    1
 2:04.00 -  2:04.00  gold     14.0  14.0-14.0    1
 2:04.00 -  2:04.00  gold      4.5   4.5- 4.5    1
 2:04.50 -  2:04.50  gold     14.0  14.0-14.0    1
 2:04.50 -  2:04.50  gold      4.5   4.5- 4.5    1
 2:05.00 -  2:05.00  gold     14.0  14.0-14.0    1
 2:05.00 -  2:05.00  gold      4.5   4.5- 4.5    1
 2:05.50 -  2:05.50  gold     14.0  14.0-14.0    1
 2:05.50 -  2:05.50  gold      4.5   4.5- 4.5    1
 2:06.00 -  2:06.00  gold     14.0  14.0-14.0    1
 2:06.00 -  2:06.00  gold      4.5   4.5- 4.5    1
 2:06.50 -  2:06.50  gold     14.0  14.0-14.0    1
 2:06.50 -  2:06.50  gold      4.5   4.5- 4.5    1
 2:07.00 -  2:07.00  gold     14.0  14.0-14.0    1
 2:07.00 -  2:07.00  gold      4.5   4.5- 4.5    1
 2:07.50 -  2:07.50  gold     14.0  14.0-14.0    1
 2:07.50 -  2:07.50  gold      4.5   4.5- 4.5    1
 2:08.00 -  2:08.00  gold     14.0  14.0-14.0    1
 2:08.00 -  2:08.00  gold      4.5   4.5- 4.5    1
 2:08.50 -  2:08.50  gold     14.0  14.0-14.0    1
 2:08.50 -  2:08.50  gold      4.5   4.5- 4.5    1
 2:09.00 -  2:09.00  gold     14.0  14.0-14.0    1
 2:09.00 -  2:09.00  gold      4.5   4.5- 4.5    1
 2:09.50 -  2:09.50  gold     14.0  14.0-14.0    1
 2:09.50 -  2:09.50  gold      4.5   4.5- 4.5    1
 2:10.00 -  2:10.00  gold     14.2  14.2-14.2    1
 2:10.00 -  2:10.00  gold      5.0   5.0- 5.0    1
 2:10.50 -  2:10.50  gold     14.2  14.2-14.2    1
 2:10.50 -  2:10.50  gold      5.0   5.0- 5.0    1
 2:17.50 -  2:25.50  purple    6.0   6.0- 6.0   17
 2:26.00 -  2:39.00  purple    6.0   6.0- 6.0   27
 2:39.50 -  2:51.00  purple    6.0   6.0- 6.0   24
 2:57.50 -  3:09.50  teal      7.0   7.0- 7.0   25
 3:10.00 -  3:21.00  teal      7.0   7.0- 7.0   23
 3:21.50 -  3:30.50  teal      7.0   7.0- 7.0   19
