{
  "frames": 8132,
  "fps": 30,
  "size": [
    1280,
    720
  ],
  "duration": 271.06666666666666,
  "audio": {
    "samples": 13011200,
    "samples_per_frame": 1600,
    "unaltered_outside_quiet_5ms_edges": true,
    "encoded_padding_samples": 768,
    "encoded_snr_db": 40.89207183246542,
    "encoded_seam_gaps": [
      {
        "frame": 543,
        "seconds": 18.1,
        "quiet_gap_seconds": 0.7,
        "interval": [
          17.76,
          18.46
        ]
      },
      {
        "frame": 975,
        "seconds": 32.5,
        "quiet_gap_seconds": 0.75,
        "interval": [
          32.28,
          33.03
        ]
      },
      {
        "frame": 1763,
        "seconds": 58.766666666666666,
        "quiet_gap_seconds": 0.34,
        "interval": [
          58.596666666666664,
          58.93666666666667
        ]
      },
      {
        "frame": 1903,
        "seconds": 63.43333333333333,
        "quiet_gap_seconds": 0.49,
        "interval": [
          63.31333333333333,
          63.80333333333333
        ]
      },
      {
        "frame": 2859,
        "seconds": 95.3,
        "quiet_gap_seconds": 0.53,
        "interval": [
          95.1,
          95.63
        ]
      },
      {
        "frame": 3058,
        "seconds": 101.93333333333334,
        "quiet_gap_seconds": 0.43,
        "interval": [
          101.74333333333334,
          102.17333333333333
        ]
      },
      {
        "frame": 3354,
        "seconds": 111.8,
        "quiet_gap_seconds": 0.58,
        "interval": [
          111.58,
          112.16
        ]
      }
    ],
    "auditioned": false
  },
  "ring_state_count": 24,
  "all_measured_sides_4px": true,
  "duration_method": "Frame-indexed spans including all zooms, pans and holds; actual decoded boundary frames retained for visual confirmation.",
  "longest_board_seconds": 27.8,
  "longest_board_chain_seconds": 40.0,
  "encoding_errors": {
    "retained_picture_max": 2.5654430700231483,
    "retained_picture_mean": 2.35082031391654,
    "close_mean": 1.8499357434669468,
    "drawing_max": 2.536232638888889,
    "board_preview_max": 3.1839225260416666
  },
  "checks_not_done": [
    "Real-time full playback/listening",
    "Audible cadence and voice continuity at new and existing joins",
    "Mobile/player playback",
    "Manual scrutiny of every encoded frame"
  ]
}
