ffmpeg version 7.1 Copyright (c) 2000-2024 the FFmpeg developers
  built with Apple clang version 13.1.6 (clang-1316.0.21.2.5)
  configuration: --prefix=/Volumes/tempdisk/sw --extra-cflags=-fno-stack-check --arch=arm64 --cc=/usr/bin/clang --enable-gpl --enable-libvmaf --enable-libopenjpeg --enable-libopus --enable-libmp3lame --enable-libx264 --enable-libx265 --enable-libvpx --enable-libwebp --enable-libass --enable-libfreetype --enable-fontconfig --enable-libtheora --enable-libvorbis --enable-libsnappy --enable-libaom --enable-libvidstab --enable-libzimg --enable-libsvtav1 --enable-libharfbuzz --enable-libkvazaar --pkg-config-flags=--static --enable-ffplay --enable-postproc --enable-neon --enable-runtime-cpudetect --disable-indev=qtkit --disable-indev=x11grab_xcb
  libavutil      59. 39.100 / 59. 39.100
  libavcodec     61. 19.100 / 61. 19.100
  libavformat    61.  7.100 / 61.  7.100
  libavdevice    61.  3.100 / 61.  3.100
  libavfilter    10.  4.100 / 10.  4.100
  libswscale      8.  3.100 /  8.  3.100
  libswresample   5.  3.100 /  5.  3.100
  libpostproc    58.  3.100 / 58.  3.100
Input #0, mov,mp4,m4a,3gp,3g2,mj2, from '/Users/davidobrien/Developer/AI-Training/Prompts/transformer-v11.mp4':
  Metadata:
    major_brand     : isom
    minor_version   : 512
    compatible_brands: isomiso2avc1mp41
    encoder         : Lavf61.7.100
  Duration: 00:03:53.57, start: 0.000000, bitrate: 615 kb/s
  Stream #0:0[0x1](und): Video: h264 (High) (avc1 / 0x31637661), yuv420p(progressive), 1280x720, 404 kb/s, 30 fps, 30 tbr, 15360 tbn (default)
      Metadata:
        handler_name    : VideoHandler
        vendor_id       : [0][0][0][0]
        encoder         : Lavc61.19.100 libx264
  Stream #0:1[0x2](und): Audio: aac (LC) (mp4a / 0x6134706D), 48000 Hz, mono, fltp, 202 kb/s (default)
      Metadata:
        handler_name    : SoundHandler
        vendor_id       : [0][0][0][0]
Stream mapping:
  Stream #0:1 -> #0:0 (aac (native) -> pcm_s16le (native))
Press [q] to stop, [?] for help
[silencedetect @ 0x15460b8b0] silence_start: 0
[silencedetect @ 0x15460b8b0] silence_end: 0.306917 | silence_duration: 0.306917
[silencedetect @ 0x15460b8b0] silence_start: 2.305187
[silencedetect @ 0x15460b8b0] silence_end: 2.509646 | silence_duration: 0.204458
[silencedetect @ 0x15460b8b0] silence_start: 3.490229
[silencedetect @ 0x15460b8b0] silence_end: 3.655562 | silence_duration: 0.165333
[silencedetect @ 0x15460b8b0] silence_start: 5.084521
[silencedetect @ 0x15460b8b0] silence_end: 5.580604 | silence_duration: 0.496083
[silencedetect @ 0x15460b8b0] silence_start: 9.969229
[silencedetect @ 0x15460b8b0] silence_end: 10.49975 | silence_duration: 0.530521
[silencedetect @ 0x15460b8b0] silence_start: 12.502958
[silencedetect @ 0x15460b8b0] silence_end: 12.821896 | silence_duration: 0.318937
[silencedetect @ 0x15460b8b0] silence_start: 15.30075
[silencedetect @ 0x15460b8b0] silence_end: 15.91325 | silence_duration: 0.6125
[silencedetect @ 0x15460b8b0] silence_start: 18.417583
[silencedetect @ 0x15460b8b0] silence_end: 18.657917 | silence_duration: 0.240333
[silencedetect @ 0x15460b8b0] silence_start: 22.976812
[silencedetect @ 0x15460b8b0] silence_end: 23.649313 | silence_duration: 0.6725
[silencedetect @ 0x15460b8b0] silence_start: 26.360521
[silencedetect @ 0x15460b8b0] silence_end: 26.857937 | silence_duration: 0.497417
[silencedetect @ 0x15460b8b0] silence_start: 29.093917
[silencedetect @ 0x15460b8b0] silence_end: 29.440542 | silence_duration: 0.346625
[silencedetect @ 0x15460b8b0] silence_start: 30.181896
[silencedetect @ 0x15460b8b0] silence_end: 30.296521 | silence_duration: 0.114625
[silencedetect @ 0x15460b8b0] silence_start: 31.554979
[silencedetect @ 0x15460b8b0] silence_end: 31.86325 | silence_duration: 0.308271
[silencedetect @ 0x15460b8b0] silence_start: 33.330271
[silencedetect @ 0x15460b8b0] silence_end: 33.894896 | silence_duration: 0.564625
[silencedetect @ 0x15460b8b0] silence_start: 34.372333
[silencedetect @ 0x15460b8b0] silence_end: 34.5135 | silence_duration: 0.141167
[silencedetect @ 0x15460b8b0] silence_start: 36.456479
[silencedetect @ 0x15460b8b0] silence_end: 36.700729 | silence_duration: 0.24425
[silencedetect @ 0x15460b8b0] silence_start: 38.439729
[silencedetect @ 0x15460b8b0] silence_end: 38.584792 | silence_duration: 0.145062
[silencedetect @ 0x15460b8b0] silence_start: 38.584854
[silencedetect @ 0x15460b8b0] silence_end: 39.172042 | silence_duration: 0.587187
[silencedetect @ 0x15460b8b0] silence_start: 40.869771
[silencedetect @ 0x15460b8b0] silence_end: 41.184125 | silence_duration: 0.314354
[silencedetect @ 0x15460b8b0] silence_start: 41.494792
[silencedetect @ 0x15460b8b0] silence_end: 41.61275 | silence_duration: 0.117958
[silencedetect @ 0x15460b8b0] silence_start: 42.762583
[silencedetect @ 0x15460b8b0] silence_end: 42.920333 | silence_duration: 0.15775
[silencedetect @ 0x15460b8b0] silence_start: 44.041583
[silencedetect @ 0x15460b8b0] silence_end: 44.345937 | silence_duration: 0.304354
[silencedetect @ 0x15460b8b0] silence_start: 45.593646
[silencedetect @ 0x15460b8b0] silence_end: 46.183667 | silence_duration: 0.590021
[silencedetect @ 0x15460b8b0] silence_start: 47.628062
[silencedetect @ 0x15460b8b0] silence_end: 47.738729 | silence_duration: 0.110667
[silencedetect @ 0x15460b8b0] silence_start: 48.793292
[silencedetect @ 0x15460b8b0] silence_end: 49.064812 | silence_duration: 0.271521
[silencedetect @ 0x15460b8b0] silence_start: 50.705625
[silencedetect @ 0x15460b8b0] silence_end: 51.203625 | silence_duration: 0.498
[silencedetect @ 0x15460b8b0] silence_start: 53.216646
[silencedetect @ 0x15460b8b0] silence_end: 53.851125 | silence_duration: 0.634479
[silencedetect @ 0x15460b8b0] silence_start: 56.10775
[silencedetect @ 0x15460b8b0] silence_end: 56.354875 | silence_duration: 0.247125
[silencedetect @ 0x15460b8b0] silence_start: 57.613854
[silencedetect @ 0x15460b8b0] silence_end: 57.7685 | silence_duration: 0.154646
[silencedetect @ 0x15460b8b0] silence_start: 59.987396
[silencedetect @ 0x15460b8b0] silence_end: 60.257521 | silence_duration: 0.270125
[silencedetect @ 0x15460b8b0] silence_start: 61.265854
[silencedetect @ 0x15460b8b0] silence_end: 61.776083 | silence_duration: 0.510229
[silencedetect @ 0x15460b8b0] silence_start: 63.289604
[silencedetect @ 0x15460b8b0] silence_end: 63.60225 | silence_duration: 0.312646
[silencedetect @ 0x15460b8b0] silence_start: 64.441083
[silencedetect @ 0x15460b8b0] silence_end: 64.7125 | silence_duration: 0.271417
[silencedetect @ 0x15460b8b0] silence_start: 65.530771
[silencedetect @ 0x15460b8b0] silence_end: 65.740625 | silence_duration: 0.209854
[silencedetect @ 0x15460b8b0] silence_start: 68.479208
[silencedetect @ 0x15460b8b0] silence_end: 68.876125 | silence_duration: 0.396917
[silencedetect @ 0x15460b8b0] silence_start: 70.721542
[silencedetect @ 0x15460b8b0] silence_end: 70.834854 | silence_duration: 0.113312
[silencedetect @ 0x15460b8b0] silence_start: 71.282604
[silencedetect @ 0x15460b8b0] silence_end: 71.548229 | silence_duration: 0.265625
[silencedetect @ 0x15460b8b0] silence_start: 74.134979
[silencedetect @ 0x15460b8b0] silence_end: 74.28375 | silence_duration: 0.148771
[silencedetect @ 0x15460b8b0] silence_start: 76.381625
[silencedetect @ 0x15460b8b0] silence_end: 76.485396 | silence_duration: 0.103771
[silencedetect @ 0x15460b8b0] silence_start: 76.485479
[silencedetect @ 0x15460b8b0] silence_end: 76.999396 | silence_duration: 0.513917
[silencedetect @ 0x15460b8b0] silence_start: 79.943979
[silencedetect @ 0x15460b8b0] silence_end: 80.175583 | silence_duration: 0.231604
[silencedetect @ 0x15460b8b0] silence_start: 81.706125
[silencedetect @ 0x15460b8b0] silence_end: 82.185812 | silence_duration: 0.479687
[silencedetect @ 0x15460b8b0] silence_start: 83.320437
[silencedetect @ 0x15460b8b0] silence_end: 83.515062 | silence_duration: 0.194625
[silencedetect @ 0x15460b8b0] silence_start: 84.640167
[silencedetect @ 0x15460b8b0] silence_end: 84.740833 | silence_duration: 0.100667
[silencedetect @ 0x15460b8b0] silence_start: 86.881625
[silencedetect @ 0x15460b8b0] silence_end: 87.272792 | silence_duration: 0.391167
[silencedetect @ 0x15460b8b0] silence_start: 89.840437
[silencedetect @ 0x15460b8b0] silence_end: 90.058833 | silence_duration: 0.218396
[silencedetect @ 0x15460b8b0] silence_start: 91.768854
[silencedetect @ 0x15460b8b0] silence_end: 92.221521 | silence_duration: 0.452667
[silencedetect @ 0x15460b8b0] silence_start: 94.923208
[silencedetect @ 0x15460b8b0] silence_end: 95.215542 | silence_duration: 0.292333
[silencedetect @ 0x15460b8b0] silence_start: 97.285062
[silencedetect @ 0x15460b8b0] silence_end: 97.520708 | silence_duration: 0.235646
[silencedetect @ 0x15460b8b0] silence_start: 99.954937
[silencedetect @ 0x15460b8b0] silence_end: 100.132021 | silence_duration: 0.177083
[silencedetect @ 0x15460b8b0] silence_start: 101.975354
[silencedetect @ 0x15460b8b0] silence_end: 102.642792 | silence_duration: 0.667438
[silencedetect @ 0x15460b8b0] silence_start: 104.971146
[silencedetect @ 0x15460b8b0] silence_end: 105.275687 | silence_duration: 0.304542
[silencedetect @ 0x15460b8b0] silence_start: 109.09825
[silencedetect @ 0x15460b8b0] silence_end: 109.255292 | silence_duration: 0.157042
[silencedetect @ 0x15460b8b0] silence_start: 111.372708
[silencedetect @ 0x15460b8b0] silence_end: 111.523083 | silence_duration: 0.150375
[silencedetect @ 0x15460b8b0] silence_start: 111.523146
[silencedetect @ 0x15460b8b0] silence_end: 111.89225 | silence_duration: 0.369104
[silencedetect @ 0x15460b8b0] silence_start: 113.890937
[silencedetect @ 0x15460b8b0] silence_end: 114.211458 | silence_duration: 0.320521
[silencedetect @ 0x15460b8b0] silence_start: 115.570417
[silencedetect @ 0x15460b8b0] silence_end: 115.746771 | silence_duration: 0.176354
[silencedetect @ 0x15460b8b0] silence_start: 120.100042
[silencedetect @ 0x15460b8b0] silence_end: 120.474375 | silence_duration: 0.374333
[silencedetect @ 0x15460b8b0] silence_start: 120.474542
[silencedetect @ 0x15460b8b0] silence_end: 120.596312 | silence_duration: 0.121771
[silencedetect @ 0x15460b8b0] silence_start: 120.96375
[silencedetect @ 0x15460b8b0] silence_end: 121.101021 | silence_duration: 0.137271
[silencedetect @ 0x15460b8b0] silence_start: 122.283417
[silencedetect @ 0x15460b8b0] silence_end: 122.487833 | silence_duration: 0.204417
[silencedetect @ 0x15460b8b0] silence_start: 126.603167
[silencedetect @ 0x15460b8b0] silence_end: 126.803625 | silence_duration: 0.200458
[silencedetect @ 0x15460b8b0] silence_start: 128.118292
[silencedetect @ 0x15460b8b0] silence_end: 128.808687 | silence_duration: 0.690396
[silencedetect @ 0x15460b8b0] silence_start: 130.6525
[silencedetect @ 0x15460b8b0] silence_end: 130.770333 | silence_duration: 0.117833
[silencedetect @ 0x15460b8b0] silence_start: 132.848437
[silencedetect @ 0x15460b8b0] silence_end: 132.958479 | silence_duration: 0.110042
[silencedetect @ 0x15460b8b0] silence_start: 132.998333
[silencedetect @ 0x15460b8b0] silence_end: 133.612479 | silence_duration: 0.614146
[silencedetect @ 0x15460b8b0] silence_start: 134.522229
[silencedetect @ 0x15460b8b0] silence_end: 134.644896 | silence_duration: 0.122667
[silencedetect @ 0x15460b8b0] silence_start: 137.724
[silencedetect @ 0x15460b8b0] silence_end: 138.034437 | silence_duration: 0.310437
[silencedetect @ 0x15460b8b0] silence_start: 140.043021
[silencedetect @ 0x15460b8b0] silence_end: 140.563792 | silence_duration: 0.520771
[silencedetect @ 0x15460b8b0] silence_start: 144.790042
[silencedetect @ 0x15460b8b0] silence_end: 144.904313 | silence_duration: 0.114271
Output #0, null, to 'pipe:':
  Metadata:
    major_brand     : isom
    minor_version   : 512
    compatible_brands: isomiso2avc1mp41
    encoder         : Lavf61.7.100
  Stream #0:0(und): Audio: pcm_s16le, 48000 Hz, mono, s16, 768 kb/s (default)
      Metadata:
        handler_name    : SoundHandler
        vendor_id       : [0][0][0][0]
        encoder         : Lavc61.19.100 pcm_s16le
[silencedetect @ 0x15460b8b0] silence_start: 144.934458
[silencedetect @ 0x15460b8b0] silence_end: 145.563896 | silence_duration: 0.629437
[silencedetect @ 0x15460b8b0] silence_start: 146.460396
[silencedetect @ 0x15460b8b0] silence_end: 146.563187 | silence_duration: 0.102792
[silencedetect @ 0x15460b8b0] silence_start: 147.708042
[silencedetect @ 0x15460b8b0] silence_end: 147.88325 | silence_duration: 0.175208
[silencedetect @ 0x15460b8b0] silence_start: 149.749667
[silencedetect @ 0x15460b8b0] silence_end: 149.883854 | silence_duration: 0.134187
[silencedetect @ 0x15460b8b0] silence_start: 150.890542
[silencedetect @ 0x15460b8b0] silence_end: 151.146833 | silence_duration: 0.256292
[silencedetect @ 0x15460b8b0] silence_start: 155.536062
[silencedetect @ 0x15460b8b0] silence_end: 155.936292 | silence_duration: 0.400229
[silencedetect @ 0x15460b8b0] silence_start: 157.244542
[silencedetect @ 0x15460b8b0] silence_end: 157.646083 | silence_duration: 0.401542
[silencedetect @ 0x15460b8b0] silence_start: 158.795917
[silencedetect @ 0x15460b8b0] silence_end: 158.953208 | silence_duration: 0.157292
[silencedetect @ 0x15460b8b0] silence_start: 160.027521
[silencedetect @ 0x15460b8b0] silence_end: 160.261021 | silence_duration: 0.2335
[silencedetect @ 0x15460b8b0] silence_start: 161.555417
[silencedetect @ 0x15460b8b0] silence_end: 161.786854 | silence_duration: 0.231437
[silencedetect @ 0x15460b8b0] silence_start: 163.230583
[silencedetect @ 0x15460b8b0] silence_end: 163.414312 | silence_duration: 0.183729
[silencedetect @ 0x15460b8b0] silence_start: 164.562562
[silencedetect @ 0x15460b8b0] silence_end: 164.672062 | silence_duration: 0.1095
[silencedetect @ 0x15460b8b0] silence_start: 165.726625
[silencedetect @ 0x15460b8b0] silence_end: 166.319229 | silence_duration: 0.592604
[silencedetect @ 0x15460b8b0] silence_start: 167.614062
[silencedetect @ 0x15460b8b0] silence_end: 167.715646 | silence_duration: 0.101583
[silencedetect @ 0x15460b8b0] silence_start: 167.744229
[silencedetect @ 0x15460b8b0] silence_end: 168.019312 | silence_duration: 0.275083
[silencedetect @ 0x15460b8b0] silence_start: 169.330104
[silencedetect @ 0x15460b8b0] silence_end: 169.940896 | silence_duration: 0.610792
[silencedetect @ 0x15460b8b0] silence_start: 172.691729
[silencedetect @ 0x15460b8b0] silence_end: 172.796833 | silence_duration: 0.105104
[silencedetect @ 0x15460b8b0] silence_start: 173.925042
[silencedetect @ 0x15460b8b0] silence_end: 174.360417 | silence_duration: 0.435375
[out#0/null @ 0x134605420] video:0KiB audio:2812KiB subtitle:0KiB other streams:0KiB global headers:0KiB muxing overhead: unknown
size=N/A time=00:00:30.00 bitrate=N/A speed= 174x    
