Input #0, mov,mp4,m4a,3gp,3g2,mj2, from '/Users/davidobrien/Developer/AI-Training/videos/ai-is-math-v2.mp4':
  Metadata:
    major_brand     : isom
    minor_version   : 512
    compatible_brands: isomiso2avc1mp41
    encoder         : Lavf61.7.100
  Duration: 00:03:30.33, start: 0.000000, bitrate: 832 kb/s
  Stream #0:0[0x1](und): Video: h264 (High) (avc1 / 0x31637661), yuv420p(progressive), 1280x720, 628 kb/s, 30 fps, 30 tbr, 15360 tbn (default)
      Metadata:
        handler_name    : VideoHandler
        vendor_id       : [0][0][0][0]
        encoder         : Lavc61.19.100 libx264
  Stream #0:1[0x2](und): Audio: aac (LC) (mp4a / 0x6134706D), 48000 Hz, mono, fltp, 194 kb/s (default)
      Metadata:
        handler_name    : SoundHandler
        vendor_id       : [0][0][0][0]
Stream mapping:
  Stream #0:1 -> #0:0 (aac (native) -> pcm_s16le (native))
Press [q] to stop, [?] for help
Output #0, null, to 'pipe:':
  Metadata:
    major_brand     : isom
    minor_version   : 512
    compatible_brands: isomiso2avc1mp41
    encoder         : Lavf61.7.100
  Stream #0:0(und): Audio: pcm_s16le, 48000 Hz, mono, s16, 768 kb/s (default)
      Metadata:
        handler_name    : SoundHandler
        vendor_id       : [0][0][0][0]
        encoder         : Lavc61.19.100 pcm_s16le
[silencedetect @ 0x12d70b800] silence_start: 15.046062
[silencedetect @ 0x12d70b800] silence_end: 15.548417 | silence_duration: 0.502354
[silencedetect @ 0x12d70b800] silence_start: 43.127
[silencedetect @ 0x12d70b800] silence_end: 44.658437 | silence_duration: 1.531438
[silencedetect @ 0x12d70b800] silence_start: 59.845188
[silencedetect @ 0x12d70b800] silence_end: 61.221937 | silence_duration: 1.37675
[silencedetect @ 0x12d70b800] silence_start: 93.384542
[silencedetect @ 0x12d70b800] silence_end: 94.745333 | silence_duration: 1.360792
[silencedetect @ 0x12d70b800] silence_start: 148.111354
[silencedetect @ 0x12d70b800] silence_end: 149.488271 | silence_duration: 1.376917
[silencedetect @ 0x12d70b800] silence_start: 166.304042
[silencedetect @ 0x12d70b800] silence_end: 167.632792 | silence_duration: 1.32875
[silencedetect @ 0x12d70b800] silence_start: 190.830208
[silencedetect @ 0x12d70b800] silence_end: 192.04975 | silence_duration: 1.219542
[silencedetect @ 0x12d70b800] silence_start: 201.124667
[silencedetect @ 0x12d70b800] silence_end: 202.489312 | silence_duration: 1.364646
[silencedetect @ 0x12d70b800] silence_start: 206.599312
[silencedetect @ 0x12d70b800] silence_end: 210.346667 | silence_duration: 3.747354
[out#0/null @ 0x12d715ba0] video:0KiB audio:19720KiB subtitle:0KiB other streams:0KiB global headers:0KiB muxing overhead: unknown
size=N/A time=00:03:30.34 bitrate=N/A speed=2.17e+03x    
