Input #0, mov,mp4,m4a,3gp,3g2,mj2, from '/Users/davidobrien/Developer/AI-Training/videos/layers-v3.mp4':
  Metadata:
    major_brand     : isom
    minor_version   : 512
    compatible_brands: isomiso2avc1mp41
    encoder         : Lavf61.7.100
  Duration: 00:02:39.00, start: 0.000000, bitrate: 593 kb/s
  Stream #0:0[0x1](und): Video: h264 (High) (avc1 / 0x31637661), yuv420p(progressive), 1280x720, 382 kb/s, 30 fps, 30 tbr, 15360 tbn (default)
      Metadata:
        handler_name    : VideoHandler
        vendor_id       : [0][0][0][0]
        encoder         : Lavc61.19.100 libx264
  Stream #0:1[0x2](und): Audio: aac (LC) (mp4a / 0x6134706D), 48000 Hz, mono, fltp, 202 kb/s (default)
      Metadata:
        handler_name    : SoundHandler
        vendor_id       : [0][0][0][0]
Stream mapping:
  Stream #0:1 -> #0:0 (aac (native) -> pcm_s16le (native))
Press [q] to stop, [?] for help
Output #0, null, to 'pipe:':
  Metadata:
    major_brand     : isom
    minor_version   : 512
    compatible_brands: isomiso2avc1mp41
    encoder         : Lavf61.7.100
  Stream #0:0(und): Audio: pcm_s16le, 48000 Hz, mono, s16, 768 kb/s (default)
      Metadata:
        handler_name    : SoundHandler
        vendor_id       : [0][0][0][0]
        encoder         : Lavc61.19.100 pcm_s16le
[silencedetect @ 0x15561c000] silence_start: 6.426792
[silencedetect @ 0x15561c000] silence_end: 7.589854 | silence_duration: 1.163062
[silencedetect @ 0x15561c000] silence_start: 33.662604
[silencedetect @ 0x15561c000] silence_end: 34.921229 | silence_duration: 1.258625
[silencedetect @ 0x15561c000] silence_start: 76.569479
[silencedetect @ 0x15561c000] silence_end: 77.904854 | silence_duration: 1.335375
[silencedetect @ 0x15561c000] silence_start: 106.004042
[silencedetect @ 0x15561c000] silence_end: 107.233667 | silence_duration: 1.229625
[silencedetect @ 0x15561c000] silence_start: 139.553354
[silencedetect @ 0x15561c000] silence_end: 140.635667 | silence_duration: 1.082313
[silencedetect @ 0x15561c000] silence_start: 149.308562
[silencedetect @ 0x15561c000] silence_end: 150.539417 | silence_duration: 1.230854
[silencedetect @ 0x15561c000] silence_start: 157.739688
[silencedetect @ 0x15561c000] silence_end: 159.018667 | silence_duration: 1.278979
[out#0/null @ 0x155618100] video:0KiB audio:14908KiB subtitle:0KiB other streams:0KiB global headers:0KiB muxing overhead: unknown
size=N/A time=00:02:39.01 bitrate=N/A speed=2.17e+03x    
