Prepared 9206 frames (306.87s)
0 111 Roll 2 (audio only): Most people assume working with AI is a simple tr
111 302 You type the perfect prompt ... But that's only the start. (picture 34
302 336 blank paper held through the silence (absorbs the picture offset)
336 1651 roll 1: history project, four moves, Think, thought partner
1651 2845 Starting a Summer Business
2845 2860 Pause after 'A good conversation asks about you before it answers.' (g
2860 2869 Summer Business, after the pause
2869 3704 roll 1: Learn drawings
3704 5232 Understanding Profit
5232 5247 Pause after 'Ask AI to explain the idea using a situation you know.' (
5247 5265 Understanding Profit, after the pause
5265 5910 roll 1: Start drawings
5910 6612 Thinking About College
6612 6623 Pause after 'When you don't know where to begin, ask AI for the first 
6623 6636 Thinking About College, after the pause
6636 7544 roll 1: Iterate drawings
7544 8867 From Idea to Business Plan
8867 8882 Pause after 'Better details give AI better material to improve.' befor
8882 9086 Closing message
9086 9206 Settled close hold
Traceback (most recent call last):
  File "/Users/davidobrien/Developer/AI-Training/scripts/video/build_next_level_moves_v2.py", line 120, in <module>
    main()
  File "/Users/davidobrien/Developer/AI-Training/scripts/video/build_next_level_moves_v2.py", line 116, in main
    b.render(); print(DEST)
  File "/Users/davidobrien/Developer/AI-Training/scripts/video/editspec_build.py", line 394, in render
    m['protected_files_unchanged'] = {k: sha(k) == v for k, v in self.hashes.items()}; assert all(m['protected_files_unchanged'].values())
AssertionError
