{
  "ring_width_coverage": [
    {
      "key": "kind",
      "frame": 24,
      "color": "#f2cf5b",
      "half_coverage_pixels": {
        "top": 4,
        "bottom": 4,
        "left": 4,
        "right": 4
      },
      "integrated_coverage_pixels": {
        "top": 3.941,
        "bottom": 3.943,
        "left": 3.945,
        "right": 3.953
      }
    },
    {
      "key": "kind",
      "frame": 70,
      "color": "#f2cf5b",
      "half_coverage_pixels": {
        "top": 4,
        "bottom": 4,
        "left": 4,
        "right": 4
      },
      "integrated_coverage_pixels": {
        "top": 3.959,
        "bottom": 3.938,
        "left": 3.954,
        "right": 3.937
      }
    },
    {
      "key": "kind",
      "frame": 109,
      "color": "#f2cf5b",
      "half_coverage_pixels": {
        "top": 4,
        "bottom": 4,
        "left": 4,
        "right": 4
      },
      "integrated_coverage_pixels": {
        "top": 3.962,
        "bottom": 3.945,
        "left": 3.967,
        "right": 3.956
      }
    },
    {
      "key": "kind",
      "frame": 194,
      "color": "#f2cf5b",
      "half_coverage_pixels": {
        "top": 4,
        "bottom": 4,
        "left": 4,
        "right": 4
      },
      "integrated_coverage_pixels": {
        "top": 3.921,
        "bottom": 3.947,
        "left": 3.951,
        "right": 3.946
      }
    },
    {
      "key": "hood",
      "frame": 1750,
      "color": "#6e51ff",
      "half_coverage_pixels": {
        "top": 4,
        "bottom": 4,
        "left": 4,
        "right": 4
      },
      "integrated_coverage_pixels": {
        "top": 4.077,
        "bottom": 4.062,
        "left": 4.268,
        "right": 4.121
      }
    },
    {
      "key": "map",
      "frame": 2800,
      "color": "#4f2fc4",
      "half_coverage_pixels": {
        "top": 4,
        "bottom": 4,
        "left": 4,
        "right": 4
      },
      "integrated_coverage_pixels": {
        "top": 4.087,
        "bottom": 4.103,
        "left": 4.075,
        "right": 4.097
      }
    },
    {
      "key": "map",
      "frame": 3026,
      "color": "#1652f0",
      "half_coverage_pixels": {
        "top": 4,
        "bottom": 4,
        "left": 4,
        "right": 4
      },
      "integrated_coverage_pixels": {
        "top": 4.11,
        "bottom": 4.15,
        "left": 4.083,
        "right": 4.083
      }
    },
    {
      "key": "map",
      "frame": 3490,
      "color": "#0e8f86",
      "half_coverage_pixels": {
        "top": 4,
        "bottom": 4,
        "left": 4,
        "right": 4
      },
      "integrated_coverage_pixels": {
        "top": 4.218,
        "bottom": 4.232,
        "left": 4.103,
        "right": 4.107
      }
    },
    {
      "key": "map",
      "frame": 3614,
      "color": "#0f7a4a",
      "half_coverage_pixels": {
        "top": 4,
        "bottom": 4,
        "left": 4,
        "right": 4
      },
      "integrated_coverage_pixels": {
        "top": 4.173,
        "bottom": 4.171,
        "left": 4.106,
        "right": 4.133
      }
    },
    {
      "key": "map",
      "frame": 3893,
      "color": "#a9760c",
      "half_coverage_pixels": {
        "top": 4,
        "bottom": 4,
        "left": 4,
        "right": 4
      },
      "integrated_coverage_pixels": {
        "top": 4.163,
        "bottom": 4.119,
        "left": 4.115,
        "right": 4.141
      }
    }
  ],
  "frames": 4441,
  "fps": 30.0,
  "size": [
    1280,
    720
  ],
  "duration": 148.03333333333333,
  "audio": {
    "packet_source": "SHA256=d74d22e6789775bb4febef94721d23e40b55d3ce932cf76e4680f10c09a5ab78",
    "packet_candidate": "SHA256=d74d22e6789775bb4febef94721d23e40b55d3ce932cf76e4680f10c09a5ab78",
    "pcm_source": "SHA256=fc0586ae3ee6461a5ad2241aaa4038858fa21fc3e0ca98608fd4e301f4adb2ec",
    "pcm_candidate": "SHA256=fc0586ae3ee6461a5ad2241aaa4038858fa21fc3e0ca98608fd4e301f4adb2ec"
  },
  "audio_packets_identical": true,
  "decoded_audio_identical": true,
  "measured_board_runs": [
    {
      "kind": "kind",
      "start_frame": 0,
      "end_frame": 352,
      "duration": 11.733333333333333
    },
    {
      "kind": "hood",
      "start_frame": 1733,
      "end_frame": 1958,
      "duration": 7.5
    },
    {
      "kind": "map",
      "start_frame": 2423,
      "end_frame": 3235,
      "duration": 27.066666666666666
    },
    {
      "kind": "map",
      "start_frame": 3475,
      "end_frame": 4174,
      "duration": 23.3
    }
  ],
  "ring_states": [
    {
      "board": "kind",
      "frame": 24,
      "color": "#f2cf5b",
      "stroke": 2.0,
      "sides": {
        "left": 4.0,
        "right": 2.0,
        "top": 2.0,
        "bottom": 2.0
      },
      "bbox": [
        80,
        272,
        278,
        56
      ]
    },
    {
      "board": "kind",
      "frame": 70,
      "color": "#f2cf5b",
      "stroke": 3.0,
      "sides": {
        "left": 4.0,
        "right": 2.0,
        "top": 4.0,
        "bottom": 2.0
      },
      "bbox": [
        80,
        330,
        262,
        56
      ]
    },
    {
      "board": "kind",
      "frame": 109,
      "color": "#f2cf5b",
      "stroke": 4.0,
      "sides": {
        "left": 4.0,
        "right": 4.0,
        "top": 4.0,
        "bottom": 4.0
      },
      "bbox": [
        80,
        390,
        400,
        50
      ]
    },
    {
      "board": "kind",
      "frame": 194,
      "color": "#f2cf5b",
      "stroke": 3.0,
      "sides": {
        "left": 4.0,
        "right": 4.0,
        "top": 2.0,
        "bottom": 2.0
      },
      "bbox": [
        80,
        448,
        450,
        56
      ]
    },
    {
      "board": "hood",
      "frame": 1750,
      "color": "#6e51ff",
      "stroke": 3.0,
      "sides": {
        "left": 2.0,
        "right": 2.0,
        "top": 4.0,
        "bottom": 4.0
      },
      "bbox": [
        250,
        624,
        780,
        52
      ]
    },
    {
      "board": "map",
      "frame": 2800,
      "color": "#4f2fc4",
      "stroke": 4.0,
      "sides": {
        "left": 4.0,
        "right": 4.0,
        "top": 4.0,
        "bottom": 4.0
      },
      "bbox": [
        196,
        100,
        888,
        100
      ]
    },
    {
      "board": "map",
      "frame": 3026,
      "color": "#1652f0",
      "stroke": 4.0,
      "sides": {
        "left": 4.0,
        "right": 4.0,
        "top": 4.0,
        "bottom": 2.0
      },
      "bbox": [
        196,
        192,
        888,
        100
      ]
    },
    {
      "board": "map",
      "frame": 3490,
      "color": "#0e8f86",
      "stroke": 3.0,
      "sides": {
        "left": 4.0,
        "right": 4.0,
        "top": 2.0,
        "bottom": 2.0
      },
      "bbox": [
        196,
        286,
        888,
        98
      ]
    },
    {
      "board": "map",
      "frame": 3614,
      "color": "#0f7a4a",
      "stroke": 4.0,
      "sides": {
        "left": 4.0,
        "right": 4.0,
        "top": 4.0,
        "bottom": 4.0
      },
      "bbox": [
        196,
        377,
        888,
        126
      ]
    },
    {
      "board": "map",
      "frame": 3893,
      "color": "#a9760c",
      "stroke": 3.0,
      "sides": {
        "left": 4.0,
        "right": 4.0,
        "top": 2.0,
        "bottom": 2.0
      },
      "bbox": [
        196,
        496,
        888,
        98
      ]
    }
  ],
  "unchanged_visual_encoding_error": {
    "mean_absolute_pixel_error": 2.399490223625298,
    "max_frame_and_error": [
      1253,
      2.834947193287037
    ],
    "close_mean_error": 1.818905090425163
  },
  "checks_not_done": [
    "Real-time end-to-end listening/playback",
    "Mobile playback",
    "Manual every-frame scrutiny outside changed seams"
  ]
}
