
# 269 ring samples in 105 runs; stroke histogram (rounded px): 2 px: 4, 4 px: 131, 5 px: 51, 6 px: 23, 8 px: 17, 14 px: 43
# runs (start, end, color, median stroke, min-max, samples)
 0:09.50 -  0:10.50  gold      2.0   2.0- 2.5    3
 0:13.00 -  0:13.00  gold      2.0   2.0- 2.0    1
 0:16.00 -  0:20.00  violet    4.0   4.0- 4.0    9
 0:20.50 -  0:24.50  violet    4.0   4.0- 4.0    9
 0:41.00 -  0:45.50  violet    4.0   4.0- 4.0   10
 0:46.00 -  0:49.00  violet    4.0   4.0- 4.0    7
 1:00.00 -  1:05.50  blue      4.0   4.0- 4.0   12
 1:06.00 -  1:11.50  blue      4.0   4.0- 4.0   12
 1:24.00 -  1:26.50  violet    4.0   4.0- 4.0    6
 1:27.00 -  1:27.00  gold     14.0  14.0-14.0    1
 1:27.00 -  1:27.00  gold      5.5   5.5- 5.5    1
 1:27.50 -  1:27.50  gold     14.0  14.0-14.0    1
 1:27.50 -  1:27.50  gold      5.5   5.5- 5.5    1
 1:28.00 -  1:28.00  gold     14.0  14.0-14.0    1
 1:28.00 -  1:28.00  gold      5.5   5.5- 5.5    1
 1:28.50 -  1:28.50  gold     14.0  14.0-14.0    1
 1:28.50 -  1:28.50  gold      5.5   5.5- 5.5    1
 1:29.00 -  1:29.00  gold     14.0  14.0-14.0    1
 1:29.00 -  1:29.00  gold      5.5   5.5- 5.5    1
 1:29.50 -  1:29.50  gold     14.0  14.0-14.0    1
 1:29.50 -  1:29.50  gold      5.5   5.5- 5.5    1
 1:30.00 -  1:35.00  amber     5.0   5.0- 5.0   11
 1:30.00 -  1:30.00  gold     14.0  14.0-14.0    1
 1:30.00 -  1:30.00  gold      5.5   5.5- 5.5    1
 1:30.50 -  1:30.50  gold     14.0  14.0-14.0    1
 1:30.50 -  1:30.50  gold      5.5   5.5- 5.5    1
 1:31.00 -  1:31.00  gold     14.0  14.0-14.0    1
 1:31.00 -  1:31.00  gold      5.5   5.5- 5.5    1
 1:31.50 -  1:31.50  gold     14.0  14.0-14.0    1
 1:31.50 -  1:31.50  gold      5.5   5.5- 5.5    1
 1:32.00 -  1:32.00  gold     14.0  14.0-14.0    1
 1:32.00 -  1:32.00  gold      5.5   5.5- 5.5    1
 1:32.50 -  1:32.50  gold     14.0  14.0-14.0    1
 1:32.50 -  1:32.50  gold      5.5   5.5- 5.5    1
 1:33.00 -  1:33.00  gold     14.0  14.0-14.0    1
 1:33.00 -  1:33.00  gold      5.5   5.5- 5.5    1
 1:33.50 -  1:33.50  gold     14.0  14.0-14.0    1
 1:33.50 -  1:33.50  gold      5.5   5.5- 5.5    1
 1:34.00 -  1:34.00  gold     14.0  14.0-14.0    1
 1:34.00 -  1:34.00  gold      5.5   5.5- 5.5    1
 1:34.50 -  1:34.50  gold     14.0  14.0-14.0    1
 1:34.50 -  1:34.50  gold      5.5   5.5- 5.5    1
 1:35.00 -  1:35.00  gold     13.5  13.5-13.5    1
 1:35.00 -  1:35.00  gold      7.5   7.5- 7.5    1
 1:35.50 -  1:44.50  amber     4.0   4.0- 4.0   19
 1:35.50 -  1:35.50  gold     13.5  13.5-13.5    1
 1:35.50 -  1:35.50  gold      7.5   7.5- 7.5    1
 1:36.00 -  1:36.00  gold     13.5  13.5-13.5    1
 1:36.00 -  1:36.00  gold      7.5   7.5- 7.5    1
 1:36.50 -  1:36.50  gold     13.5  13.5-13.5    1
 1:36.50 -  1:36.50  gold      7.5   7.5- 7.5    1
 1:37.00 -  1:37.00  gold     13.5  13.5-13.5    1
 1:37.00 -  1:37.00  gold      7.5   7.5- 7.5    1
 1:37.50 -  1:37.50  gold     13.5  13.5-13.5    1
 1:37.50 -  1:37.50  gold      7.5   7.5- 7.5    1
 1:38.00 -  1:38.00  gold     13.5  13.5-13.5    1
 1:38.00 -  1:38.00  gold      7.5   7.5- 7.5    1
 1:38.50 -  1:38.50  gold     13.5  13.5-13.5    1
 1:38.50 -  1:38.50  gold      7.5   7.5- 7.5    1
 1:39.00 -  1:39.00  gold     13.5  13.5-13.5    1
 1:39.00 -  1:39.00  gold      7.5   7.5- 7.5    1
 1:39.50 -  1:39.50  gold     13.5  13.5-13.5    1
 1:39.50 -  1:39.50  gold      7.5   7.5- 7.5    1
 1:40.00 -  1:40.00  gold     13.5  13.5-13.5    1
 1:40.00 -  1:40.00  gold      7.5   7.5- 7.5    1
 1:40.50 -  1:40.50  gold     13.5  13.5-13.5    1
 1:40.50 -  1:40.50  gold      7.5   7.5- 7.5    1
 1:41.00 -  1:41.00  gold     13.5  13.5-13.5    1
 1:41.00 -  1:41.00  gold      7.5   7.5- 7.5    1
 1:41.50 -  1:41.50  gold     13.5  13.5-13.5    1
 1:41.50 -  1:41.50  gold      7.5   7.5- 7.5    1
 1:42.00 -  1:42.00  gold     13.5  13.5-13.5    1
 1:42.00 -  1:42.00  gold      7.5   7.5- 7.5    1
 1:42.50 -  1:42.50  gold     13.5  13.5-13.5    1
 1:42.50 -  1:42.50  gold      7.5   7.5- 7.5    1
 1:43.00 -  1:43.00  gold     13.5  13.5-13.5    1
 1:43.00 -  1:43.00  gold      7.5   7.5- 7.5    1
 1:43.50 -  1:43.50  gold     13.5  13.5-13.5    1
 1:43.50 -  1:43.50  gold      5.0   5.0- 5.0    1
 1:44.00 -  1:44.00  gold     13.5  13.5-13.5    1
 1:44.00 -  1:44.00  gold      5.0   5.0- 5.0    1
 1:44.50 -  1:44.50  gold     13.5  13.5-13.5    1
 1:44.50 -  1:44.50  gold      5.0   5.0- 5.0    1
 1:55.00 -  1:58.00  violet    4.0   4.0- 4.0    7
 1:55.00 -  1:55.00  gold     14.0  14.0-14.0    1
 1:55.00 -  1:55.00  gold      5.5   5.5- 5.5    1
 1:55.50 -  1:55.50  gold     14.0  14.0-14.0    1
 1:55.50 -  1:55.50  gold      5.5   5.5- 5.5    1
 1:56.00 -  1:56.00  gold     14.0  14.0-14.0    1
 1:56.00 -  1:56.00  gold      5.5   5.5- 5.5    1
 1:56.50 -  1:56.50  gold     14.0  14.0-14.0    1
 1:56.50 -  1:56.50  gold      5.5   5.5- 5.5    1
 1:57.00 -  1:57.00  gold     14.0  14.0-14.0    1
 1:57.00 -  1:57.00  gold      5.5   5.5- 5.5    1
 1:57.50 -  1:57.50  gold     14.0  14.0-14.0    1
 1:57.50 -  1:57.50  gold      5.5   5.5- 5.5    1
 1:58.00 -  1:58.00  gold     14.0  14.0-14.0    1
 1:58.00 -  1:58.00  gold      5.5   5.5- 5.5    1
 2:02.50 -  2:09.00  purple    4.0   4.0- 4.0   14
 2:09.50 -  2:16.00  purple    4.0   4.0- 4.0   14
 2:29.00 -  2:31.50  violet    4.0   4.0- 4.0    6
 2:36.00 -  2:42.00  teal      5.0   5.0- 5.0   13
 2:42.50 -  2:50.50  teal      5.0   5.0- 5.0   17
 3:02.00 -  3:05.00  teal      5.0   5.0- 5.0    7
 3:05.50 -  3:08.00  violet    4.0   4.0- 4.0    6
