{
  "decoded_frames": 7749,
  "duration": 258.3,
  "originals_unchanged": {
    "/Users/davidobrien/Developer/AI-Training/videos/transformer.mp4": true,
    "/Users/davidobrien/Developer/AI-Training/videos/transformer-v5.mp4": true,
    "/Users/davidobrien/Developer/AI-Training/videos/transformer-v4.mp4": true,
    "/Users/davidobrien/Developer/AI-Training/videos/transformer-v6.mp4": true,
    "/Users/davidobrien/Developer/AI-Training/Prompts/transformer-1.mp4": true,
    "/Users/davidobrien/Developer/AI-Training/Prompts/transformer-2.mp4": true,
    "/Users/davidobrien/Developer/AI-Training/index.html": false,
    "/Users/davidobrien/Developer/AI-Training/lessons/transformer.md": true,
    "/Users/davidobrien/Developer/AI-Training/lessons/transformer-word-order-editorial.jpg": true
  },
  "files_changed_after_render": [
    "/Users/davidobrien/Developer/AI-Training/index.html"
  ],
  "prefix_audio_sample_identical": true,
  "encoded_audio_correlation": 0.999948565607295,
  "new_material_clipped_samples": 0,
  "pauses": [
    {
      "label": "Preserved LIGHT to CAT pause",
      "inserted": [
        204.9666667,
        205.9666667
      ],
      "quiet": [
        [
          204.96175,
          206.06175
        ]
      ],
      "peak_dbfs": -58.94496421785446
    },
    {
      "label": "Pause from CAT and milk to word order",
      "inserted": [
        211.3,
        212.3
      ],
      "quiet": [
        [
          211.266667,
          212.461062
        ]
      ],
      "peak_dbfs": -58.94496421785446
    },
    {
      "label": "Natural sentence gap after extra step",
      "inserted": [
        231.9,
        232.3
      ],
      "quiet": [
        [
          231.832042,
          232.441688
        ]
      ],
      "peak_dbfs": -59.182948683848615
    },
    {
      "label": "Pause before closing message",
      "inserted": [
        249.63333333333333,
        250.63333333333333
      ],
      "quiet": [
        [
          249.500104,
          250.637812
        ]
      ],
      "peak_dbfs": -58.94496421785446
    }
  ],
  "sha256": "c262b1a21c52fe27c2c17aa27ba046b51041dc550f0b5851bc096b094c636f09",
  "status": "Review only"
}
{
  "pass": true,
  "boundaries": 44,
  "failed": 0,
  "review": "video-audit/transformer-full-2026-09-10/v7/transitions"
}
