Input #0, mov,mp4,m4a,3gp,3g2,mj2, from '/Users/davidobrien/Developer/AI-Training/videos/transformer-v7.mp4':
  Metadata:
    major_brand     : isom
    minor_version   : 512
    compatible_brands: isomiso2avc1mp41
    encoder         : Lavf61.7.100
  Duration: 00:04:18.30, start: 0.000000, bitrate: 636 kb/s
  Stream #0:0[0x1](und): Video: h264 (High) (avc1 / 0x31637661), yuv420p(progressive), 1280x720, 431 kb/s, 30 fps, 30 tbr, 15360 tbn (default)
      Metadata:
        handler_name    : VideoHandler
        vendor_id       : [0][0][0][0]
        encoder         : Lavc61.19.100 libx264
  Stream #0:1[0x2](und): Audio: aac (LC) (mp4a / 0x6134706D), 48000 Hz, mono, fltp, 196 kb/s (default)
      Metadata:
        handler_name    : SoundHandler
        vendor_id       : [0][0][0][0]
Stream mapping:
  Stream #0:1 -> #0:0 (aac (native) -> pcm_s16le (native))
Press [q] to stop, [?] for help
Output #0, null, to 'pipe:':
  Metadata:
    major_brand     : isom
    minor_version   : 512
    compatible_brands: isomiso2avc1mp41
    encoder         : Lavf61.7.100
  Stream #0:0(und): Audio: pcm_s16le, 48000 Hz, mono, s16, 768 kb/s (default)
      Metadata:
        handler_name    : SoundHandler
        vendor_id       : [0][0][0][0]
        encoder         : Lavc61.19.100 pcm_s16le
[silencedetect @ 0x156626eb0] silence_start: 0
[silencedetect @ 0x156626eb0] silence_end: 0.271271 | silence_duration: 0.271271
[silencedetect @ 0x156626eb0] silence_start: 5.075312
[silencedetect @ 0x156626eb0] silence_end: 5.348146 | silence_duration: 0.272833
[silencedetect @ 0x156626eb0] silence_start: 13.297417
[silencedetect @ 0x156626eb0] silence_end: 13.714292 | silence_duration: 0.416875
[silencedetect @ 0x156626eb0] silence_start: 18.983854
[silencedetect @ 0x156626eb0] silence_end: 19.381542 | silence_duration: 0.397687
[silencedetect @ 0x156626eb0] silence_start: 25.697729
[silencedetect @ 0x156626eb0] silence_end: 26.062333 | silence_duration: 0.364604
[silencedetect @ 0x156626eb0] silence_start: 28.967187
[silencedetect @ 0x156626eb0] silence_end: 29.26725 | silence_duration: 0.300063
[silencedetect @ 0x156626eb0] silence_start: 36.587042
[silencedetect @ 0x156626eb0] silence_end: 37.876354 | silence_duration: 1.289312
[silencedetect @ 0x156626eb0] silence_start: 41.608208
[silencedetect @ 0x156626eb0] silence_end: 42.000312 | silence_duration: 0.392104
[silencedetect @ 0x156626eb0] silence_start: 45.397792
[silencedetect @ 0x156626eb0] silence_end: 45.704083 | silence_duration: 0.306292
[silencedetect @ 0x156626eb0] silence_start: 49.514104
[silencedetect @ 0x156626eb0] silence_end: 50.255833 | silence_duration: 0.741729
[silencedetect @ 0x156626eb0] silence_start: 53.060333
[silencedetect @ 0x156626eb0] silence_end: 53.435625 | silence_duration: 0.375292
[silencedetect @ 0x156626eb0] silence_start: 57.889625
[silencedetect @ 0x156626eb0] silence_end: 58.395104 | silence_duration: 0.505479
[silencedetect @ 0x156626eb0] silence_start: 60.757021
[silencedetect @ 0x156626eb0] silence_end: 61.058271 | silence_duration: 0.30125
[silencedetect @ 0x156626eb0] silence_start: 63.599646
[silencedetect @ 0x156626eb0] silence_end: 64.11775 | silence_duration: 0.518104
[silencedetect @ 0x156626eb0] silence_start: 69.11925
[silencedetect @ 0x156626eb0] silence_end: 70.370458 | silence_duration: 1.251208
[silencedetect @ 0x156626eb0] silence_start: 93.771937
[silencedetect @ 0x156626eb0] silence_end: 94.079979 | silence_duration: 0.308042
[silencedetect @ 0x156626eb0] silence_start: 109.112938
[silencedetect @ 0x156626eb0] silence_end: 110.412417 | silence_duration: 1.299479
[silencedetect @ 0x156626eb0] silence_start: 120.819688
[silencedetect @ 0x156626eb0] silence_end: 121.076562 | silence_duration: 0.256875
[silencedetect @ 0x156626eb0] silence_start: 137.328667
[silencedetect @ 0x156626eb0] silence_end: 137.702188 | silence_duration: 0.373521
[silencedetect @ 0x156626eb0] silence_start: 146.716688
[silencedetect @ 0x156626eb0] silence_end: 147.131187 | silence_duration: 0.4145
[silencedetect @ 0x156626eb0] silence_start: 157.432812
[silencedetect @ 0x156626eb0] silence_end: 157.9345 | silence_duration: 0.501687
[silencedetect @ 0x156626eb0] silence_start: 161.594896
[silencedetect @ 0x156626eb0] silence_end: 161.953958 | silence_duration: 0.359063
[silencedetect @ 0x156626eb0] silence_start: 169.107917
[silencedetect @ 0x156626eb0] silence_end: 170.600708 | silence_duration: 1.492792
[silencedetect @ 0x156626eb0] silence_start: 174.075687
[silencedetect @ 0x156626eb0] silence_end: 174.603354 | silence_duration: 0.527667
[silencedetect @ 0x156626eb0] silence_start: 183.887458
[silencedetect @ 0x156626eb0] silence_end: 184.261687 | silence_duration: 0.374229
[silencedetect @ 0x156626eb0] silence_start: 188.843875
[silencedetect @ 0x156626eb0] silence_end: 189.101167 | silence_duration: 0.257292
[silencedetect @ 0x156626eb0] silence_start: 196.500625
[silencedetect @ 0x156626eb0] silence_end: 197.041167 | silence_duration: 0.540542
[silencedetect @ 0x156626eb0] silence_start: 204.96175
[silencedetect @ 0x156626eb0] silence_end: 206.06175 | silence_duration: 1.1
[silencedetect @ 0x156626eb0] silence_start: 208.423687
[silencedetect @ 0x156626eb0] silence_end: 208.724937 | silence_duration: 0.30125
[silencedetect @ 0x156626eb0] silence_start: 211.266667
[silencedetect @ 0x156626eb0] silence_end: 212.461062 | silence_duration: 1.194396
[silencedetect @ 0x156626eb0] silence_start: 214.279208
[silencedetect @ 0x156626eb0] silence_end: 214.640812 | silence_duration: 0.361604
[silencedetect @ 0x156626eb0] silence_start: 216.026292
[silencedetect @ 0x156626eb0] silence_end: 216.350333 | silence_duration: 0.324042
[silencedetect @ 0x156626eb0] silence_start: 223.881604
[silencedetect @ 0x156626eb0] silence_end: 224.183667 | silence_duration: 0.302063
[silencedetect @ 0x156626eb0] silence_start: 228.518646
[silencedetect @ 0x156626eb0] silence_end: 228.891083 | silence_duration: 0.372437
[silencedetect @ 0x156626eb0] silence_start: 231.832042
[silencedetect @ 0x156626eb0] silence_end: 232.441688 | silence_duration: 0.609646
[silencedetect @ 0x156626eb0] silence_start: 238.162688
[silencedetect @ 0x156626eb0] silence_end: 238.500208 | silence_duration: 0.337521
[silencedetect @ 0x156626eb0] silence_start: 242.508271
[silencedetect @ 0x156626eb0] silence_end: 242.766354 | silence_duration: 0.258083
[silencedetect @ 0x156626eb0] silence_start: 249.500104
[silencedetect @ 0x156626eb0] silence_end: 250.637812 | silence_duration: 1.137708
[silencedetect @ 0x156626eb0] silence_start: 252.046667
[silencedetect @ 0x156626eb0] silence_end: 252.435208 | silence_duration: 0.388542
[silencedetect @ 0x156626eb0] silence_start: 255.899687
[silencedetect @ 0x156626eb0] silence_end: 258.304 | silence_duration: 2.404313
[out#0/null @ 0x156617e00] video:0KiB audio:24216KiB subtitle:0KiB other streams:0KiB global headers:0KiB muxing overhead: unknown
size=N/A time=00:04:18.30 bitrate=N/A speed=2.19e+03x    
