
# 29 ring samples in 19 runs; stroke histogram (rounded px): 2 px: 5, 4 px: 9, 5 px: 6, 6 px: 7, 7 px: 2
# runs (start, end, color, median stroke, min-max, samples)
 0:28.00 -  0:28.00  blue      4.0   4.0- 4.0    1
 0:32.00 -  0:32.00  blue      4.0   4.0- 4.0    1
 0:36.00 -  0:36.00  blue      4.0   4.0- 4.0    1
 0:44.00 -  0:44.00  green     5.0   5.0- 5.0    1
 0:48.00 -  0:48.00  green     5.0   5.0- 5.0    1
 0:52.00 -  0:52.00  violet    4.0   4.0- 4.0    1
 1:04.00 -  1:20.00  violet    2.0   2.0- 2.0    5
 1:08.00 -  1:08.00  purple    6.0   6.0- 6.0    1
 1:20.00 -  1:20.00  violet    6.0   6.0- 6.0    1
 1:36.00 -  1:36.00  blue      6.0   6.0- 6.0    1
 1:40.00 -  1:40.00  blue      6.0   6.0- 6.0    1
 1:56.00 -  2:00.00  blue      6.0   6.0- 6.0    2
 2:04.00 -  2:08.00  teal      7.0   7.0- 7.0    2
 2:12.00 -  2:12.00  violet    6.0   6.0- 6.0    1
 2:28.00 -  2:32.00  blue      4.0   4.0- 4.0    2
 2:36.00 -  2:40.00  green     5.0   5.0- 5.0    2
 3:20.00 -  3:24.00  teal      5.0   5.0- 5.0    2
 3:28.00 -  3:28.00  purple    4.5   4.5- 4.5    1
 3:32.00 -  3:36.00  violet    4.0   4.0- 4.0    2
