
# 292 ring samples in 35 runs; stroke histogram (rounded px): 2 px: 1, 4 px: 103, 5 px: 9, 6 px: 139, 7 px: 40
# runs (start, end, color, median stroke, min-max, samples)
 0:32.00 -  0:35.50  violet    6.0   6.0- 6.0    8
 0:36.00 -  0:37.00  blue      6.0   6.0- 6.0    3
 0:37.50 -  0:39.50  green     7.0   7.0- 7.0    5
 0:40.00 -  0:44.00  red       6.0   6.0- 6.0    9
 0:44.50 -  0:54.50  violet    6.0   6.0- 6.0   21
 1:09.00 -  1:13.00  purple    6.0   6.0- 6.0    9
 1:13.50 -  1:20.50  purple    6.0   6.0- 6.0   15
 1:21.00 -  1:26.00  violet    6.0   6.0- 6.0   11
 1:26.50 -  1:30.50  amber     7.0   6.0- 7.0    9
 1:31.00 -  1:37.00  amber     7.0   6.0- 7.0   13
 2:12.50 -  2:13.00  purple    4.8   4.5- 5.0    2
 2:13.50 -  2:13.50  purple    4.5   4.5- 4.5    1
 2:14.00 -  2:17.50  purple    5.0   5.0- 5.0    8
 2:18.00 -  2:18.00  blue      4.0   4.0- 4.0    1
 2:18.50 -  2:18.50  blue      4.0   4.0- 4.0    1
 2:19.00 -  2:23.00  blue      4.0   4.0- 4.0    9
 2:23.50 -  2:26.50  blue      4.0   4.0- 4.0    7
 2:27.00 -  2:29.50  blue      4.0   4.0- 4.0    6
 2:30.00 -  2:32.50  blue      4.0   4.0- 4.0    6
 2:33.00 -  2:33.00  purple    4.0   4.0- 4.0    1
 2:33.50 -  2:35.00  purple    4.0   4.0- 4.5    4
 2:35.50 -  2:39.00  purple    4.0   4.0- 4.0    8
 2:39.50 -  2:45.00  purple    4.0   4.0- 4.0   12
 2:45.50 -  2:48.00  purple    4.0   4.0- 4.0    6
 2:48.50 -  2:48.50  purple    4.0   4.0- 4.0    1
 2:57.50 -  2:59.50  blue      4.0   4.0- 4.0    5
 3:00.00 -  3:03.50  blue      4.0   4.0- 4.0    8
 3:10.50 -  3:11.50  blue      4.0   4.0- 4.0    3
 3:12.00 -  3:12.00  purple    4.0   4.0- 4.0    1
 3:12.50 -  3:23.00  purple    4.5   4.0- 4.5   22
 3:30.00 -  3:30.00  gold      2.0   2.0- 2.0    1
 4:15.00 -  4:24.50  blue      6.0   6.0- 6.5   20
 4:25.00 -  4:34.50  purple    6.5   6.0- 6.5   20
 4:35.00 -  4:45.50  teal      7.0   7.0- 7.0   22
 4:46.00 -  4:52.50  violet    6.0   6.0- 6.0   14
