
# 349 ring samples in 79 runs; stroke histogram (rounded px): 2 px: 21, 3 px: 1, 4 px: 183, 5 px: 30, 6 px: 43, 7 px: 33, 8 px: 17, 10 px: 15, 12 px: 1, 16 px: 5
# runs (start, end, color, median stroke, min-max, samples)
 0:17.00 -  0:19.50  violet    4.0   4.0- 4.0    6
 0:20.00 -  0:33.50  blue      4.0   4.0- 4.0   28
 0:34.00 -  0:48.50  blue      4.0   4.0- 4.0   30
 0:49.00 -  0:57.00  violet    4.0   4.0- 4.0   17
 0:58.50 -  0:59.00  gold      3.2   2.5- 4.0    2
 1:56.50 -  1:56.50  purple    4.0   4.0- 4.0    1
 1:57.00 -  2:03.50  purple    4.0   4.0- 4.0   14
 2:04.00 -  2:11.50  purple    4.0   4.0- 4.0   16
 2:12.00 -  2:12.00  blue      4.0   4.0- 4.0    1
 2:12.50 -  2:12.50  blue      4.0   4.0- 4.0    1
 2:13.00 -  2:20.50  blue      4.0   4.0- 4.0   16
 2:21.00 -  2:27.00  blue      4.0   4.0- 4.0   13
 2:27.50 -  2:27.50  teal      5.0   5.0- 5.0    1
 2:28.00 -  2:36.00  teal      5.0   5.0- 5.0   17
 2:36.50 -  2:42.00  teal      5.0   5.0- 5.0   12
 2:43.00 -  2:43.00  violet    4.0   4.0- 4.0    1
 2:43.50 -  2:46.50  violet    4.0   4.0- 4.0    7
 2:49.50 -  2:54.50  green     4.5   2.0- 4.5   11
 2:54.50 -  2:54.50  teal      3.2   3.2- 3.2    1
 2:54.50 -  2:54.50  purple    4.0   4.0- 4.0    1
 2:55.00 -  3:03.00  purple    7.0   6.5- 7.0   17
 3:03.50 -  3:03.50  blue      6.0   6.0- 6.0    1
 3:04.00 -  3:04.00  blue      6.0   6.0- 6.0    1
 3:04.50 -  3:12.00  blue      6.0   6.0- 6.0   16
 3:13.00 -  3:13.00  teal      7.0   7.0- 7.0    1
 3:13.00 -  3:13.00  teal      7.8   7.8- 7.8    1
 3:13.50 -  3:20.50  green     3.8   3.8- 3.8   15
 3:13.50 -  3:13.50  teal      7.0   7.0- 7.0    1
 3:13.50 -  3:13.50  teal      7.8   7.8- 7.8    1
 3:13.50 -  3:20.50  gold      9.8   9.8- 9.8   15
 3:14.00 -  3:14.00  teal      7.0   7.0- 7.0    1
 3:14.00 -  3:14.00  teal      7.8   7.8- 7.8    1
 3:14.50 -  3:14.50  teal      7.0   7.0- 7.0    1
 3:14.50 -  3:14.50  teal      7.8   7.8- 7.8    1
 3:15.00 -  3:15.00  teal      7.0   7.0- 7.0    1
 3:15.00 -  3:15.00  teal      7.8   7.8- 7.8    1
 3:15.50 -  3:15.50  teal      7.0   7.0- 7.0    1
 3:15.50 -  3:15.50  teal      7.8   7.8- 7.8    1
 3:16.00 -  3:16.00  teal      7.0   7.0- 7.0    1
 3:16.00 -  3:16.00  teal      7.8   7.8- 7.8    1
 3:16.50 -  3:16.50  teal      7.0   7.0- 7.0    1
 3:16.50 -  3:16.50  teal      7.8   7.8- 7.8    1
 3:17.00 -  3:17.00  teal      7.0   7.0- 7.0    1
 3:17.00 -  3:17.00  teal      7.8   7.8- 7.8    1
 3:17.50 -  3:17.50  teal      7.0   7.0- 7.0    1
 3:17.50 -  3:17.50  teal      7.8   7.8- 7.8    1
 3:18.00 -  3:18.00  teal      7.0   7.0- 7.0    1
 3:18.00 -  3:18.00  teal      7.8   7.8- 7.8    1
 3:18.50 -  3:18.50  teal      7.0   7.0- 7.0    1
 3:18.50 -  3:18.50  teal      7.8   7.8- 7.8    1
 3:19.00 -  3:19.00  teal      7.0   7.0- 7.0    1
 3:19.00 -  3:19.00  teal      7.8   7.8- 7.8    1
 3:19.50 -  3:19.50  teal      7.0   7.0- 7.0    1
 3:19.50 -  3:19.50  teal      7.8   7.8- 7.8    1
 3:20.00 -  3:20.00  teal      7.0   7.0- 7.0    1
 3:20.00 -  3:20.00  teal      7.8   7.8- 7.8    1
 3:20.50 -  3:20.50  teal      7.0   7.0- 7.0    1
 3:20.50 -  3:20.50  teal      7.8   7.8- 7.8    1
 3:21.00 -  3:21.00  teal      7.0   7.0- 7.0    1
 3:21.00 -  3:21.00  amber     6.0   6.0- 6.0    1
 3:21.00 -  3:21.00  gold      2.0   2.0- 2.0    1
 3:21.50 -  3:29.50  amber     6.0   6.0- 6.0   17
 3:21.50 -  3:29.50  gold      1.5   1.5- 1.5   17
 3:30.00 -  3:30.00  gold     11.5  11.5-11.5    1
 3:30.50 -  3:30.50  green     5.5   5.5- 5.5    1
 3:30.50 -  3:30.50  teal      4.0   4.0- 4.0    1
 3:30.50 -  3:30.50  teal      2.5   2.5- 2.5    1
 3:30.50 -  3:30.50  amber     5.5   5.5- 5.5    1
 3:30.50 -  3:30.50  gold     16.0  16.0-16.0    1
 3:30.50 -  3:30.50  gold      8.0   8.0- 8.0    1
 3:31.00 -  3:32.50  green     4.2   4.2- 4.2    4
 3:31.00 -  3:31.00  gold     15.5  15.5-15.5    1
 3:31.00 -  3:31.00  gold      7.0   7.0- 7.0    1
 3:31.50 -  3:31.50  gold     15.5  15.5-15.5    1
 3:31.50 -  3:31.50  gold      7.0   7.0- 7.0    1
 3:32.00 -  3:32.00  gold     15.5  15.5-15.5    1
 3:32.00 -  3:32.00  gold      7.0   7.0- 7.0    1
 3:32.50 -  3:32.50  gold     15.5  15.5-15.5    1
 3:32.50 -  3:32.50  gold      7.0   7.0- 7.0    1
